Archive member included to satisfy reference by file (symbol)

/usr/local/Cellar/gcc-arm-none-eabi/20200630/bin/../lib/gcc/arm-none-eabi/9.3.1/thumb/v6-m/nofp/libgcc.a(_dvmd_tls.o)
                              CMakeFiles/cuplight.dir/Users/chuey/pico/pico-sdk/src/rp2_common/pico_divider/divider.S.obj (__aeabi_idiv0)
/usr/local/Cellar/gcc-arm-none-eabi/20200630/bin/../lib/gcc/arm-none-eabi/9.3.1/../../../../arm-none-eabi/lib/thumb/v6-m/nofp/libg.a(lib_a-calloc.o)
                              CMakeFiles/cuplight.dir/Users/chuey/pico/pico-sdk/src/rp2_common/pico_malloc/pico_malloc.c.obj (calloc)
/usr/local/Cellar/gcc-arm-none-eabi/20200630/bin/../lib/gcc/arm-none-eabi/9.3.1/../../../../arm-none-eabi/lib/thumb/v6-m/nofp/libg.a(lib_a-callocr.o)
                              /usr/local/Cellar/gcc-arm-none-eabi/20200630/bin/../lib/gcc/arm-none-eabi/9.3.1/../../../../arm-none-eabi/lib/thumb/v6-m/nofp/libg.a(lib_a-calloc.o) (_calloc_r)
/usr/local/Cellar/gcc-arm-none-eabi/20200630/bin/../lib/gcc/arm-none-eabi/9.3.1/../../../../arm-none-eabi/lib/thumb/v6-m/nofp/libg.a(lib_a-ctype_.o)
                              CMakeFiles/cuplight.dir/Users/chuey/pico/pico-sdk/lib/tinyusb/src/tusb.c.obj (_ctype_)
/usr/local/Cellar/gcc-arm-none-eabi/20200630/bin/../lib/gcc/arm-none-eabi/9.3.1/../../../../arm-none-eabi/lib/thumb/v6-m/nofp/libg.a(lib_a-impure.o)
                              /usr/local/Cellar/gcc-arm-none-eabi/20200630/bin/../lib/gcc/arm-none-eabi/9.3.1/../../../../arm-none-eabi/lib/thumb/v6-m/nofp/libg.a(lib_a-calloc.o) (_impure_ptr)
/usr/local/Cellar/gcc-arm-none-eabi/20200630/bin/../lib/gcc/arm-none-eabi/9.3.1/../../../../arm-none-eabi/lib/thumb/v6-m/nofp/libg.a(lib_a-init.o)
                              /usr/local/Cellar/gcc-arm-none-eabi/20200630/bin/../lib/gcc/arm-none-eabi/9.3.1/../../../../arm-none-eabi/lib/thumb/v6-m/nofp/crt0.o (__libc_init_array)
/usr/local/Cellar/gcc-arm-none-eabi/20200630/bin/../lib/gcc/arm-none-eabi/9.3.1/../../../../arm-none-eabi/lib/thumb/v6-m/nofp/libg.a(lib_a-malloc.o)
                              CMakeFiles/cuplight.dir/Users/chuey/pico/pico-sdk/src/rp2_common/pico_malloc/pico_malloc.c.obj (malloc)
/usr/local/Cellar/gcc-arm-none-eabi/20200630/bin/../lib/gcc/arm-none-eabi/9.3.1/../../../../arm-none-eabi/lib/thumb/v6-m/nofp/libg.a(lib_a-mallocr.o)
                              /usr/local/Cellar/gcc-arm-none-eabi/20200630/bin/../lib/gcc/arm-none-eabi/9.3.1/../../../../arm-none-eabi/lib/thumb/v6-m/nofp/libg.a(lib_a-callocr.o) (_malloc_r)
/usr/local/Cellar/gcc-arm-none-eabi/20200630/bin/../lib/gcc/arm-none-eabi/9.3.1/../../../../arm-none-eabi/lib/thumb/v6-m/nofp/libg.a(lib_a-mlock.o)
                              /usr/local/Cellar/gcc-arm-none-eabi/20200630/bin/../lib/gcc/arm-none-eabi/9.3.1/../../../../arm-none-eabi/lib/thumb/v6-m/nofp/libg.a(lib_a-mallocr.o) (__malloc_lock)
/usr/local/Cellar/gcc-arm-none-eabi/20200630/bin/../lib/gcc/arm-none-eabi/9.3.1/../../../../arm-none-eabi/lib/thumb/v6-m/nofp/libg.a(lib_a-sbrkr.o)
                              /usr/local/Cellar/gcc-arm-none-eabi/20200630/bin/../lib/gcc/arm-none-eabi/9.3.1/../../../../arm-none-eabi/lib/thumb/v6-m/nofp/libg.a(lib_a-mallocr.o) (_sbrk_r)
/usr/local/Cellar/gcc-arm-none-eabi/20200630/bin/../lib/gcc/arm-none-eabi/9.3.1/../../../../arm-none-eabi/lib/thumb/v6-m/nofp/libg.a(lib_a-strlen-stub.o)
                              CMakeFiles/cuplight.dir/Users/chuey/pico/pico-sdk/src/rp2_common/pico_stdio/stdio.c.obj (strlen)
/usr/local/Cellar/gcc-arm-none-eabi/20200630/bin/../lib/gcc/arm-none-eabi/9.3.1/../../../../arm-none-eabi/lib/thumb/v6-m/nofp/libg.a(lib_a-freer.o)
                              /usr/local/Cellar/gcc-arm-none-eabi/20200630/bin/../lib/gcc/arm-none-eabi/9.3.1/../../../../arm-none-eabi/lib/thumb/v6-m/nofp/libg.a(lib_a-malloc.o) (_free_r)
/usr/local/Cellar/gcc-arm-none-eabi/20200630/bin/../lib/gcc/arm-none-eabi/9.3.1/../../../../arm-none-eabi/lib/thumb/v6-m/nofp/libg.a(lib_a-lock.o)
                              /usr/local/Cellar/gcc-arm-none-eabi/20200630/bin/../lib/gcc/arm-none-eabi/9.3.1/../../../../arm-none-eabi/lib/thumb/v6-m/nofp/libg.a(lib_a-mlock.o) (__retarget_lock_acquire_recursive)
/usr/local/Cellar/gcc-arm-none-eabi/20200630/bin/../lib/gcc/arm-none-eabi/9.3.1/../../../../arm-none-eabi/lib/thumb/v6-m/nofp/libg.a(lib_a-reent.o)
                              /usr/local/Cellar/gcc-arm-none-eabi/20200630/bin/../lib/gcc/arm-none-eabi/9.3.1/../../../../arm-none-eabi/lib/thumb/v6-m/nofp/libg.a(lib_a-sbrkr.o) (errno)

Allocating common symbols
Common symbol       size              file

__lock___atexit_recursive_mutex
                    0x1               /usr/local/Cellar/gcc-arm-none-eabi/20200630/bin/../lib/gcc/arm-none-eabi/9.3.1/../../../../arm-none-eabi/lib/thumb/v6-m/nofp/libg.a(lib_a-lock.o)
sf_table            0x100             CMakeFiles/cuplight.dir/Users/chuey/pico/pico-sdk/src/rp2_common/pico_float/float_init_rom.c.obj
__lock___arc4random_mutex
[...]
Memory Configuration

Name             Origin             Length             Attributes
FLASH            0x0000000010000000 0x0000000000200000 xr
RAM              0x0000000020000000 0x0000000000040000 xrw
SCRATCH_X        0x0000000020040000 0x0000000000001000 xrw
SCRATCH_Y        0x0000000020041000 0x0000000000001000 xrw
*default*        0x0000000000000000 0xffffffffffffffff

Linker script and memory map

LOAD /usr/local/Cellar/gcc-arm-none-eabi/20200630/bin/../lib/gcc/arm-none-eabi/9.3.1/thumb/v6-m/nofp/crti.o
LOAD /usr/local/Cellar/gcc-arm-none-eabi/20200630/bin/../lib/gcc/arm-none-eabi/9.3.1/thumb/v6-m/nofp/crtbegin.o
LOAD /usr/local/Cellar/gcc-arm-none-eabi/20200630/bin/../lib/gcc/arm-none-eabi/9.3.1/../../../../arm-none-eabi/lib/thumb/v6-m/nofp/crt0.o

.flash_begin    0x0000000010000000        0x0
                0x0000000010000000                __flash_binary_start = .

.boot2          0x0000000010000000      0x100
                0x0000000010000000                __boot2_start__ = .
 *(.boot2)
 .boot2         0x0000000010000000      0x100 /var/folders/qs/d8c5s_756tz8pgkszdmv9jd80000gn/T//ccKCshz1.o
                0x0000000010000100                __boot2_end__ = .
                0x0000000000000001                ASSERT (((__boot2_end__ - __boot2_start__) == 0x100), ERROR: Pico second stage bootloader must be 256 bytes in size)

.text           0x0000000010000100     0x75d0
                0x0000000010000100                __logical_binary_start = .
 *(.vectors)
 .vectors       0x0000000010000100       0xd4 CMakeFiles/cuplight.dir/Users/chuey/pico/pico-sdk/src/rp2_common/pico_standard_link/crt0.S.obj
                0x0000000010000100                __VECTOR_TABLE
                0x0000000010000100                __vectors
                0x00000000100001c0                __default_isrs_start
                0x00000000100001c0                isr_invalid
                0x00000000100001c2                isr_nmi
                0x00000000100001c4                isr_hardfault
                0x00000000100001c6                isr_svcall
                0x00000000100001c8                isr_pendsv
                0x00000000100001ca                isr_systick
                0x00000000100001cc                isr_irq28
                0x00000000100001cc                isr_irq19
                0x00000000100001cc                isr_irq0
                0x00000000100001cc                isr_irq6
                0x00000000100001cc                isr_irq22
                0x00000000100001cc                isr_irq17
                0x00000000100001cc                isr_irq14
                0x00000000100001cc                isr_irq2
                0x00000000100001cc                isr_irq10
                0x00000000100001cc                isr_irq8
                0x00000000100001cc                isr_irq24
                0x00000000100001cc                isr_irq1
                0x00000000100001cc                isr_irq7
                0x00000000100001cc                isr_irq21
                0x00000000100001cc                isr_irq20
                0x00000000100001cc                isr_irq15
                0x00000000100001cc                isr_irq25
                0x00000000100001cc                isr_irq4
                0x00000000100001cc                isr_irq16
                0x00000000100001cc                isr_irq29
                0x00000000100001cc                isr_irq26
                0x00000000100001cc                __default_isrs_end
                0x00000000100001cc                isr_irq3
                0x00000000100001cc                isr_irq9
                0x00000000100001cc                __unhandled_user_irq
                0x00000000100001cc                isr_irq13
                0x00000000100001cc                isr_irq27
                0x00000000100001cc                isr_irq31
                0x00000000100001cc                isr_irq5
                0x00000000100001cc                isr_irq11
                0x00000000100001cc                isr_irq23
                0x00000000100001cc                isr_irq18
                0x00000000100001cc                isr_irq30
                0x00000000100001cc                isr_irq12
                0x00000000100001d2                unhandled_user_irq_num_in_r0
 *(.binary_info_header)
 .binary_info_header
                0x00000000100001d4       0x14 CMakeFiles/cuplight.dir/Users/chuey/pico/pico-sdk/src/rp2_common/pico_standard_link/crt0.S.obj
                0x00000000100001e8                __binary_info_header_end = .
 *(.reset)
 .reset         0x00000000100001e8       0xa8 CMakeFiles/cuplight.dir/Users/chuey/pico/pico-sdk/src/rp2_common/pico_standard_link/crt0.S.obj
                0x00000000100001e8                _entry_point
                0x0000000010000266                __get_current_exception
 .reset         0x0000000010000290       0x30 CMakeFiles/cuplight.dir/Users/chuey/pico/pico-sdk/src/rp2_common/pico_standard_link/binary_info.c.obj
 *(.init)
 .init          0x00000000100002c0        0x4 /usr/local/Cellar/gcc-arm-none-eabi/20200630/bin/../lib/gcc/arm-none-eabi/9.3.1/thumb/v6-m/nofp/crti.o
                0x00000000100002c0                _init
 *(EXCLUDE_FILE(*libm.a: *libc.a:*lib_a-mem*.o *libgcc.a:) .text*)
 .text          0x00000000100002c4       0x48 /usr/local/Cellar/gcc-arm-none-eabi/20200630/bin/../lib/gcc/arm-none-eabi/9.3.1/thumb/v6-m/nofp/crtbegin.o
 .text.main     0x000000001000030c      0x11c CMakeFiles/cuplight.dir/cuplight.c.obj
                0x000000001000030c                main
 .text.setup_default_uart
                0x0000000010000428        0x8 CMakeFiles/cuplight.dir/Users/chuey/pico/pico-sdk/src/rp2_common/pico_stdlib/stdlib.c.obj
                0x0000000010000428                setup_default_uart
 .text.gpio_set_function
                0x0000000010000430       0x30 CMakeFiles/cuplight.dir/Users/chuey/pico/pico-sdk/src/rp2_common/hardware_gpio/gpio.c.obj
                0x0000000010000430                gpio_set_function
 .text.gpio_set_pulls
                0x0000000010000460       0x34 CMakeFiles/cuplight.dir/Users/chuey/pico/pico-sdk/src/rp2_common/hardware_gpio/gpio.c.obj
                0x0000000010000460                gpio_set_pulls
 .text.gpio_acknowledge_irq
                0x0000000010000494       0x18 CMakeFiles/cuplight.dir/Users/chuey/pico/pico-sdk/src/rp2_common/hardware_gpio/gpio.c.obj
                0x0000000010000494                gpio_acknowledge_irq
 .text._gpio_set_irq_enabled
                0x00000000100004ac       0x34 CMakeFiles/cuplight.dir/Users/chuey/pico/pico-sdk/src/rp2_common/hardware_gpio/gpio.c.obj
 .text.gpio_set_dormant_irq_enabled
                0x00000000100004e0       0x10 CMakeFiles/cuplight.dir/Users/chuey/pico/pico-sdk/src/rp2_common/hardware_gpio/gpio.c.obj
                0x00000000100004e0                gpio_set_dormant_irq_enabled
 .text.gpio_set_input_enabled
                0x00000000100004f0       0x30 CMakeFiles/cuplight.dir/Users/chuey/pico/pico-sdk/src/rp2_common/hardware_gpio/gpio.c.obj
                0x00000000100004f0                gpio_set_input_enabled
 .text.gpio_init
                0x0000000010000520       0x16 CMakeFiles/cuplight.dir/Users/chuey/pico/pico-sdk/src/rp2_common/hardware_gpio/gpio.c.obj
                0x0000000010000520                gpio_init
 *fill*         0x0000000010000536        0x2 
 .text.hw_claim_lock
                0x0000000010000538       0x18 CMakeFiles/cuplight.dir/Users/chuey/pico/pico-sdk/src/rp2_common/hardware_claim/claim.c.obj
                0x0000000010000538                hw_claim_lock
 .text.hw_claim_unlock
                0x0000000010000550       0x14 CMakeFiles/cuplight.dir/Users/chuey/pico/pico-sdk/src/rp2_common/hardware_claim/claim.c.obj
                0x0000000010000550                hw_claim_unlock
 .text.hw_claim_or_assert
                0x0000000010000564       0x32 CMakeFiles/cuplight.dir/Users/chuey/pico/pico-sdk/src/rp2_common/hardware_claim/claim.c.obj
                0x0000000010000564                hw_claim_or_assert
 .text.hw_claim_unused_from_range
                0x0000000010000596       0x50 CMakeFiles/cuplight.dir/Users/chuey/pico/pico-sdk/src/rp2_common/hardware_claim/claim.c.obj
                0x0000000010000596                hw_claim_unused_from_range
 *fill*         0x00000000100005e6        0x2 
 .text.running_on_fpga
                0x00000000100005e8       0x14 CMakeFiles/cuplight.dir/Users/chuey/pico/pico-sdk/src/rp2_common/pico_platform/platform.c.obj
                0x00000000100005e8                running_on_fpga
 .text.spin_locks_reset
                0x00000000100005fc       0x20 CMakeFiles/cuplight.dir/Users/chuey/pico/pico-sdk/src/rp2_common/hardware_sync/sync.c.obj
                0x00000000100005fc                spin_locks_reset
 .text.next_striped_spin_lock_num
                0x000000001000061c       0x1c CMakeFiles/cuplight.dir/Users/chuey/pico/pico-sdk/src/rp2_common/hardware_sync/sync.c.obj
                0x000000001000061c                next_striped_spin_lock_num
 .text.spin_lock_claim_unused
                0x0000000010000638       0x20 CMakeFiles/cuplight.dir/Users/chuey/pico/pico-sdk/src/rp2_common/hardware_sync/sync.c.obj
                0x0000000010000638                spin_lock_claim_unused
 .text.uart_set_baudrate
                0x0000000010000658       0x5c CMakeFiles/cuplight.dir/Users/chuey/pico/pico-sdk/src/rp2_common/hardware_uart/uart.c.obj
                0x0000000010000658                uart_set_baudrate
 .text.uart_set_translate_crlf
                0x00000000100006b4       0x28 CMakeFiles/cuplight.dir/Users/chuey/pico/pico-sdk/src/rp2_common/hardware_uart/uart.c.obj
                0x00000000100006b4                uart_set_translate_crlf
 .text.uart_init
                0x00000000100006dc       0x80 CMakeFiles/cuplight.dir/Users/chuey/pico/pico-sdk/src/rp2_common/hardware_uart/uart.c.obj
                0x00000000100006dc                uart_init
 .text.alarm_pool_post_alloc_init
                0x000000001000075c       0x40 CMakeFiles/cuplight.dir/Users/chuey/pico/pico-sdk/src/common/pico_time/time.c.obj
 .text.sleep_until_callback
                0x000000001000079c       0x30 CMakeFiles/cuplight.dir/Users/chuey/pico/pico-sdk/src/common/pico_time/time.c.obj
 .text.timer_pool_entry_comparator
                0x00000000100007cc       0x7c CMakeFiles/cuplight.dir/Users/chuey/pico/pico-sdk/src/common/pico_time/time.c.obj
                0x00000000100007cc                timer_pool_entry_comparator
 .text.ph_add_child_node
                0x0000000010000848       0xa4 CMakeFiles/cuplight.dir/Users/chuey/pico/pico-sdk/src/common/pico_time/time.c.obj
 .text.ph_merge_nodes
                0x00000000100008ec       0x3e CMakeFiles/cuplight.dir/Users/chuey/pico/pico-sdk/src/common/pico_time/time.c.obj
 *fill*         0x000000001000092a        0x2 
 .text.add_alarm_under_lock
                0x000000001000092c      0x174 CMakeFiles/cuplight.dir/Users/chuey/pico/pico-sdk/src/common/pico_time/time.c.obj
 .text.alarm_pool_alarm_callback
                0x0000000010000aa0      0x32c CMakeFiles/cuplight.dir/Users/chuey/pico/pico-sdk/src/common/pico_time/time.c.obj
 .text.alarm_pool_init_default
                0x0000000010000dcc       0x38 CMakeFiles/cuplight.dir/Users/chuey/pico/pico-sdk/src/common/pico_time/time.c.obj
                0x0000000010000dcc                alarm_pool_init_default
 .text.alarm_pool_get_default
                0x0000000010000e04       0x2c CMakeFiles/cuplight.dir/Users/chuey/pico/pico-sdk/src/common/pico_time/time.c.obj
                0x0000000010000e04                alarm_pool_get_default
 .text.alarm_pool_add_alarm_at
                0x0000000010000e30      0x170 CMakeFiles/cuplight.dir/Users/chuey/pico/pico-sdk/src/common/pico_time/time.c.obj
                0x0000000010000e30                alarm_pool_add_alarm_at
 .text.alarm_pool_cancel_alarm
                0x0000000010000fa0       0xec CMakeFiles/cuplight.dir/Users/chuey/pico/pico-sdk/src/common/pico_time/time.c.obj
                0x0000000010000fa0                alarm_pool_cancel_alarm
 .text.sleep_until
                0x000000001000108c       0xfc CMakeFiles/cuplight.dir/Users/chuey/pico/pico-sdk/src/common/pico_time/time.c.obj
                0x000000001000108c                sleep_until
 .text.sleep_us
                0x0000000010001188       0x58 CMakeFiles/cuplight.dir/Users/chuey/pico/pico-sdk/src/common/pico_time/time.c.obj
                0x0000000010001188                sleep_us
 .text.sleep_ms
                0x00000000100011e0       0x14 CMakeFiles/cuplight.dir/Users/chuey/pico/pico-sdk/src/common/pico_time/time.c.obj
                0x00000000100011e0                sleep_ms
 .text.best_effort_wfe_or_timeout
                0x00000000100011f4       0x80 CMakeFiles/cuplight.dir/Users/chuey/pico/pico-sdk/src/common/pico_time/time.c.obj
                0x00000000100011f4                best_effort_wfe_or_timeout
 .text.hardware_alarm_irq_handler
                0x0000000010001274       0x8c CMakeFiles/cuplight.dir/Users/chuey/pico/pico-sdk/src/rp2_common/hardware_timer/timer.c.obj
 .text.hardware_alarm_claim
                0x0000000010001300       0x18 CMakeFiles/cuplight.dir/Users/chuey/pico/pico-sdk/src/rp2_common/hardware_timer/timer.c.obj
                0x0000000010001300                hardware_alarm_claim
 .text.time_us_64
                0x0000000010001318       0x18 CMakeFiles/cuplight.dir/Users/chuey/pico/pico-sdk/src/rp2_common/hardware_timer/timer.c.obj
                0x0000000010001318                time_us_64
 .text.busy_wait_until
                0x0000000010001330       0x24 CMakeFiles/cuplight.dir/Users/chuey/pico/pico-sdk/src/rp2_common/hardware_timer/timer.c.obj
                0x0000000010001330                busy_wait_until
 .text.hardware_alarm_set_callback
                0x0000000010001354       0x90 CMakeFiles/cuplight.dir/Users/chuey/pico/pico-sdk/src/rp2_common/hardware_timer/timer.c.obj
                0x0000000010001354                hardware_alarm_set_callback
 .text.hardware_alarm_set_target
                0x00000000100013e4       0xe8 CMakeFiles/cuplight.dir/Users/chuey/pico/pico-sdk/src/rp2_common/hardware_timer/timer.c.obj
                0x00000000100013e4                hardware_alarm_set_target
 .text.hardware_alarm_cancel
                0x00000000100014cc       0x40 CMakeFiles/cuplight.dir/Users/chuey/pico/pico-sdk/src/rp2_common/hardware_timer/timer.c.obj
                0x00000000100014cc                hardware_alarm_cancel
 .text.lock_init
                0x000000001000150c       0x10 CMakeFiles/cuplight.dir/Users/chuey/pico/pico-sdk/src/common/pico_sync/lock_core.c.obj
                0x000000001000150c                lock_init
 .text.mutex_init_internal
                0x000000001000151c       0x1e CMakeFiles/cuplight.dir/Users/chuey/pico/pico-sdk/src/common/pico_sync/mutex.c.obj
 .text.mutex_init
                0x000000001000153a        0xa CMakeFiles/cuplight.dir/Users/chuey/pico/pico-sdk/src/common/pico_sync/mutex.c.obj
                0x000000001000153a                mutex_init
 .text.recursive_mutex_init
                0x0000000010001544        0xa CMakeFiles/cuplight.dir/Users/chuey/pico/pico-sdk/src/common/pico_sync/mutex.c.obj
                0x0000000010001544                recursive_mutex_init
 *fill*         0x000000001000154e        0x2 
 .text.critical_section_init_with_lock_num
                0x0000000010001550       0x14 CMakeFiles/cuplight.dir/Users/chuey/pico/pico-sdk/src/common/pico_sync/critical_section.c.obj
                0x0000000010001550                critical_section_init_with_lock_num
 .text.critical_section_init
                0x0000000010001564       0x14 CMakeFiles/cuplight.dir/Users/chuey/pico/pico-sdk/src/common/pico_sync/critical_section.c.obj
                0x0000000010001564                critical_section_init
 .text.ph_add_child_node
                0x0000000010001578       0xa4 CMakeFiles/cuplight.dir/Users/chuey/pico/pico-sdk/src/common/pico_util/pheap.c.obj
 .text.ph_merge_nodes
                0x000000001000161c       0x3e CMakeFiles/cuplight.dir/Users/chuey/pico/pico-sdk/src/common/pico_util/pheap.c.obj
 *fill*         0x000000001000165a        0x2 
 .text.ph_clear
                0x000000001000165c       0x70 CMakeFiles/cuplight.dir/Users/chuey/pico/pico-sdk/src/common/pico_util/pheap.c.obj
                0x000000001000165c                ph_clear
 .text.ph_post_alloc_init
                0x00000000100016cc        0xe CMakeFiles/cuplight.dir/Users/chuey/pico/pico-sdk/src/common/pico_util/pheap.c.obj
                0x00000000100016cc                ph_post_alloc_init
 *fill*         0x00000000100016da        0x2 
 .text.ph_merge_two_pass
                0x00000000100016dc       0xa8 CMakeFiles/cuplight.dir/Users/chuey/pico/pico-sdk/src/common/pico_util/pheap.c.obj
                0x00000000100016dc                ph_merge_two_pass
 .text.ph_remove_any_head
                0x0000000010001784      0x108 CMakeFiles/cuplight.dir/Users/chuey/pico/pico-sdk/src/common/pico_util/pheap.c.obj
 .text.ph_remove_head
                0x000000001000188c       0x14 CMakeFiles/cuplight.dir/Users/chuey/pico/pico-sdk/src/common/pico_util/pheap.c.obj
                0x000000001000188c                ph_remove_head
 .text.ph_remove_and_free_node
                0x00000000100018a0       0xf8 CMakeFiles/cuplight.dir/Users/chuey/pico/pico-sdk/src/common/pico_util/pheap.c.obj
                0x00000000100018a0                ph_remove_and_free_node
 .text.runtime_init
                0x0000000010001998       0xd8 CMakeFiles/cuplight.dir/Users/chuey/pico/pico-sdk/src/rp2_common/pico_runtime/runtime.c.obj
                0x0000000010001998                runtime_init
 .text._exit    0x0000000010001a70        0x4 CMakeFiles/cuplight.dir/Users/chuey/pico/pico-sdk/src/rp2_common/pico_runtime/runtime.c.obj
                0x0000000010001a70                _exit
 .text.exit     0x0000000010001a74        0x6 CMakeFiles/cuplight.dir/Users/chuey/pico/pico-sdk/src/rp2_common/pico_runtime/runtime.c.obj
                0x0000000010001a74                exit
 *fill*         0x0000000010001a7a        0x2 
 .text.__assert_func
                0x0000000010001a7c       0x3c CMakeFiles/cuplight.dir/Users/chuey/pico/pico-sdk/src/rp2_common/pico_runtime/runtime.c.obj
                0x0000000010001a7c                __assert_func
 .text.panic    0x0000000010001ab8       0x30 CMakeFiles/cuplight.dir/Users/chuey/pico/pico-sdk/src/rp2_common/pico_runtime/runtime.c.obj
                0x0000000010001ab8                panic
 .text.clock_stop
                0x0000000010001ae8       0x2c CMakeFiles/cuplight.dir/Users/chuey/pico/pico-sdk/src/rp2_common/hardware_clocks/clocks.c.obj
                0x0000000010001ae8                clock_stop
 .text.clock_configure
                0x0000000010001b14      0x104 CMakeFiles/cuplight.dir/Users/chuey/pico/pico-sdk/src/rp2_common/hardware_clocks/clocks.c.obj
                0x0000000010001b14                clock_configure
 .text.clocks_init
                0x0000000010001c18      0x100 CMakeFiles/cuplight.dir/Users/chuey/pico/pico-sdk/src/rp2_common/hardware_clocks/clocks.c.obj
                0x0000000010001c18                clocks_init
 .text.clock_get_hz
                0x0000000010001d18        0xc CMakeFiles/cuplight.dir/Users/chuey/pico/pico-sdk/src/rp2_common/hardware_clocks/clocks.c.obj
                0x0000000010001d18                clock_get_hz
 .text.set_raw_irq_handler_and_unlock
                0x0000000010001d24       0x28 CMakeFiles/cuplight.dir/Users/chuey/pico/pico-sdk/src/rp2_common/hardware_irq/irq.c.obj
 .text.make_branch
                0x0000000010001d4c       0x34 CMakeFiles/cuplight.dir/Users/chuey/pico/pico-sdk/src/rp2_common/hardware_irq/irq.c.obj
 .text.insert_branch_and_link
                0x0000000010001d80       0x40 CMakeFiles/cuplight.dir/Users/chuey/pico/pico-sdk/src/rp2_common/hardware_irq/irq.c.obj
 .text.irq_is_enabled
                0x0000000010001dc0       0x18 CMakeFiles/cuplight.dir/Users/chuey/pico/pico-sdk/src/rp2_common/hardware_irq/irq.c.obj
                0x0000000010001dc0                irq_is_enabled
 .text.irq_set_mask_enabled
                0x0000000010001dd8       0x20 CMakeFiles/cuplight.dir/Users/chuey/pico/pico-sdk/src/rp2_common/hardware_irq/irq.c.obj
                0x0000000010001dd8                irq_set_mask_enabled
 .text.irq_set_enabled
                0x0000000010001df8        0xe CMakeFiles/cuplight.dir/Users/chuey/pico/pico-sdk/src/rp2_common/hardware_irq/irq.c.obj
                0x0000000010001df8                irq_set_enabled
 *fill*         0x0000000010001e06        0x2 
 .text.irq_set_pending
                0x0000000010001e08       0x10 CMakeFiles/cuplight.dir/Users/chuey/pico/pico-sdk/src/rp2_common/hardware_irq/irq.c.obj
                0x0000000010001e08                irq_set_pending
 .text.irq_get_vtable_handler
                0x0000000010001e18       0x10 CMakeFiles/cuplight.dir/Users/chuey/pico/pico-sdk/src/rp2_common/hardware_irq/irq.c.obj
                0x0000000010001e18                irq_get_vtable_handler
 .text.irq_set_exclusive_handler
                0x0000000010001e28       0x54 CMakeFiles/cuplight.dir/Users/chuey/pico/pico-sdk/src/rp2_common/hardware_irq/irq.c.obj
                0x0000000010001e28                irq_set_exclusive_handler
 .text.irq_remove_handler
                0x0000000010001e7c      0x1ac CMakeFiles/cuplight.dir/Users/chuey/pico/pico-sdk/src/rp2_common/hardware_irq/irq.c.obj
                0x0000000010001e7c                irq_remove_handler
 .text.irq_set_priority
                0x0000000010002028       0x28 CMakeFiles/cuplight.dir/Users/chuey/pico/pico-sdk/src/rp2_common/hardware_irq/irq.c.obj
                0x0000000010002028                irq_set_priority
 .text.irq_add_tail_to_free_list
                0x0000000010002050       0xf0 CMakeFiles/cuplight.dir/Users/chuey/pico/pico-sdk/src/rp2_common/hardware_irq/irq.c.obj
                0x0000000010002050                irq_add_tail_to_free_list
 .text.irq_init_priorities
                0x0000000010002140       0x16 CMakeFiles/cuplight.dir/Users/chuey/pico/pico-sdk/src/rp2_common/hardware_irq/irq.c.obj
                0x0000000010002140                irq_init_priorities
 *fill*         0x0000000010002156        0x2 
 .text.pll_init
                0x0000000010002158      0x118 CMakeFiles/cuplight.dir/Users/chuey/pico/pico-sdk/src/rp2_common/hardware_pll/pll.c.obj
                0x0000000010002158                pll_init
 .text.pll_deinit
                0x0000000010002270        0x6 CMakeFiles/cuplight.dir/Users/chuey/pico/pico-sdk/src/rp2_common/hardware_pll/pll.c.obj
                0x0000000010002270                pll_deinit
 *fill*         0x0000000010002276        0x2 
 .text.watchdog_start_tick
                0x0000000010002278       0x10 CMakeFiles/cuplight.dir/Users/chuey/pico/pico-sdk/src/rp2_common/hardware_watchdog/watchdog.c.obj
                0x0000000010002278                watchdog_start_tick
 .text.watchdog_update
                0x0000000010002288       0x14 CMakeFiles/cuplight.dir/Users/chuey/pico/pico-sdk/src/rp2_common/hardware_watchdog/watchdog.c.obj
                0x0000000010002288                watchdog_update
 .text._watchdog_enable
                0x000000001000229c       0x70 CMakeFiles/cuplight.dir/Users/chuey/pico/pico-sdk/src/rp2_common/hardware_watchdog/watchdog.c.obj
                0x000000001000229c                _watchdog_enable
 .text.watchdog_reboot
                0x000000001000230c       0x48 CMakeFiles/cuplight.dir/Users/chuey/pico/pico-sdk/src/rp2_common/hardware_watchdog/watchdog.c.obj
                0x000000001000230c                watchdog_reboot
 .text.xosc_init
                0x0000000010002354       0x28 CMakeFiles/cuplight.dir/Users/chuey/pico/pico-sdk/src/rp2_common/hardware_xosc/xosc.c.obj
                0x0000000010002354                xosc_init
 .text.xosc_disable
                0x000000001000237c       0x24 CMakeFiles/cuplight.dir/Users/chuey/pico/pico-sdk/src/rp2_common/hardware_xosc/xosc.c.obj
                0x000000001000237c                xosc_disable
 .text.xosc_dormant
                0x00000000100023a0       0x18 CMakeFiles/cuplight.dir/Users/chuey/pico/pico-sdk/src/rp2_common/hardware_xosc/xosc.c.obj
                0x00000000100023a0                xosc_dormant
 .text._out_null
                0x00000000100023b8        0x2 CMakeFiles/cuplight.dir/Users/chuey/pico/pico-sdk/src/rp2_common/pico_printf/printf.c.obj
 .text._out_fct
                0x00000000100023ba        0xe CMakeFiles/cuplight.dir/Users/chuey/pico/pico-sdk/src/rp2_common/pico_printf/printf.c.obj
 .text._atoi    0x00000000100023c8       0x24 CMakeFiles/cuplight.dir/Users/chuey/pico/pico-sdk/src/rp2_common/pico_printf/printf.c.obj
 .text._out_rev
                0x00000000100023ec       0xae CMakeFiles/cuplight.dir/Users/chuey/pico/pico-sdk/src/rp2_common/pico_printf/printf.c.obj
 .text._ntoa_format
                0x000000001000249a      0x110 CMakeFiles/cuplight.dir/Users/chuey/pico/pico-sdk/src/rp2_common/pico_printf/printf.c.obj
 .text._ntoa_long
                0x00000000100025aa       0xbc CMakeFiles/cuplight.dir/Users/chuey/pico/pico-sdk/src/rp2_common/pico_printf/printf.c.obj
 .text._ntoa_long_long
                0x0000000010002666       0xe2 CMakeFiles/cuplight.dir/Users/chuey/pico/pico-sdk/src/rp2_common/pico_printf/printf.c.obj
 .text._etoa    0x0000000010002748      0x40c CMakeFiles/cuplight.dir/Users/chuey/pico/pico-sdk/src/rp2_common/pico_printf/printf.c.obj
 .text._ftoa    0x0000000010002b54      0x354 CMakeFiles/cuplight.dir/Users/chuey/pico/pico-sdk/src/rp2_common/pico_printf/printf.c.obj
 .text._vsnprintf
                0x0000000010002ea8      0x628 CMakeFiles/cuplight.dir/Users/chuey/pico/pico-sdk/src/rp2_common/pico_printf/printf.c.obj
 .text.vfctprintf
                0x00000000100034d0       0x20 CMakeFiles/cuplight.dir/Users/chuey/pico/pico-sdk/src/rp2_common/pico_printf/printf.c.obj
                0x00000000100034d0                vfctprintf
 .text          0x00000000100034f0       0x10 CMakeFiles/cuplight.dir/Users/chuey/pico/pico-sdk/src/rp2_common/pico_bit_ops/bit_ops_aeabi.S.obj
 .text.rom_func_lookup
                0x0000000010003500       0x10 CMakeFiles/cuplight.dir/Users/chuey/pico/pico-sdk/src/rp2_common/pico_bootrom/bootrom.c.obj
                0x0000000010003500                rom_func_lookup
 .text.rom_data_lookup
                0x0000000010003510       0x10 CMakeFiles/cuplight.dir/Users/chuey/pico/pico-sdk/src/rp2_common/pico_bootrom/bootrom.c.obj
                0x0000000010003510                rom_data_lookup
 .text.rom_funcs_lookup
                0x0000000010003520       0x36 CMakeFiles/cuplight.dir/Users/chuey/pico/pico-sdk/src/rp2_common/pico_bootrom/bootrom.c.obj
                0x0000000010003520                rom_funcs_lookup
 *fill*         0x0000000010003556        0x2 
 .text.__wrap___aeabi_idiv
                0x0000000010003558       0x50 CMakeFiles/cuplight.dir/Users/chuey/pico/pico-sdk/src/rp2_common/pico_divider/divider.S.obj
                0x0000000010003558                __wrap___aeabi_idivmod
                0x0000000010003558                divmod_s32s32
                0x0000000010003558                div_s32s32
                0x0000000010003558                __wrap___aeabi_idiv
                0x0000000010003560                divmod_s32s32_unsafe
                0x000000001000358c                divmod_s32s32_savestate
 .text.__wrap___aeabi_uidiv
                0x00000000100035a8       0x4c CMakeFiles/cuplight.dir/Users/chuey/pico/pico-sdk/src/rp2_common/pico_divider/divider.S.obj
                0x00000000100035a8                __wrap___aeabi_uidiv
                0x00000000100035a8                __wrap___aeabi_uidivmod
                0x00000000100035a8                div_u32u32
                0x00000000100035a8                divmod_u32u32
                0x00000000100035b0                divmod_u32u32_unsafe
                0x00000000100035d8                divmod_u32u32_savestate
 .text.__wrap___aeabi_ldiv
                0x00000000100035f4      0x430 CMakeFiles/cuplight.dir/Users/chuey/pico/pico-sdk/src/rp2_common/pico_divider/divider.S.obj
                0x00000000100035f4                __wrap___aeabi_ldivmod
                0x00000000100035f4                div_s64s64
                0x00000000100035f4                divmod_s64s64
                0x000000001000362c                divmod_u64u64
                0x000000001000362c                div_u64u64
                0x000000001000362c                __wrap___aeabi_uldivmod
                0x000000001000363c                divmod_u64u64_savestate
                0x0000000010003664                divmod_s64s64_unsafe
                0x00000000100036ec                divmod_u64u64_unsafe
 .text.__wrap___aeabi_darithmetic
                0x0000000010003a24       0x80 CMakeFiles/cuplight.dir/Users/chuey/pico/pico-sdk/src/rp2_common/pico_double/double_aeabi.S.obj
                0x0000000010003a24                __wrap___aeabi_drsub
                0x0000000010003a2a                __wrap___aeabi_dsub
                0x0000000010003a3c                __wrap___aeabi_dadd
                0x0000000010003a4e                __wrap___aeabi_ddiv
                0x0000000010003a8a                __wrap___aeabi_dmul
 .text.__wrap___aeabi_cdcmple
                0x0000000010003aa4       0x6c CMakeFiles/cuplight.dir/Users/chuey/pico/pico-sdk/src/rp2_common/pico_double/double_aeabi.S.obj
                0x0000000010003aa4                __wrap___aeabi_cdrcmple
                0x0000000010003ab4                __wrap___aeabi_cdcmple
                0x0000000010003ab4                __wrap___aeabi_cdcmpeq
 .text.__wrap___aeabi_dcmplt
                0x0000000010003b10        0xc CMakeFiles/cuplight.dir/Users/chuey/pico/pico-sdk/src/rp2_common/pico_double/double_aeabi.S.obj
                0x0000000010003b10                __wrap___aeabi_dcmplt
 .text.__wrap___aeabi_dcmple
                0x0000000010003b1c       0x10 CMakeFiles/cuplight.dir/Users/chuey/pico/pico-sdk/src/rp2_common/pico_double/double_aeabi.S.obj
                0x0000000010003b1c                __wrap___aeabi_dcmple
 .text.__wrap___aeabi_dcmpge
                0x0000000010003b2c       0x10 CMakeFiles/cuplight.dir/Users/chuey/pico/pico-sdk/src/rp2_common/pico_double/double_aeabi.S.obj
                0x0000000010003b2c                __wrap___aeabi_dcmpge
 .text.__wrap___aeabi_dcmpgt
                0x0000000010003b3c        0xa CMakeFiles/cuplight.dir/Users/chuey/pico/pico-sdk/src/rp2_common/pico_double/double_aeabi.S.obj
                0x0000000010003b3c                __wrap___aeabi_dcmpgt
 .text.__wrap___aeabi_dcmpun
                0x0000000010003b46       0x1c CMakeFiles/cuplight.dir/Users/chuey/pico/pico-sdk/src/rp2_common/pico_double/double_aeabi.S.obj
                0x0000000010003b46                __wrap___aeabi_dcmpun
 *fill*         0x0000000010003b62        0x2 
 .text.__wrap___aeabi_i2d
                0x0000000010003b64       0x38 CMakeFiles/cuplight.dir/Users/chuey/pico/pico-sdk/src/rp2_common/pico_double/double_aeabi.S.obj
                0x0000000010003b64                __wrap___aeabi_ui2d
                0x0000000010003b6c                __wrap___aeabi_i2d
 .text.__wrap___aeabi_d2iz
                0x0000000010003b9c       0x48 CMakeFiles/cuplight.dir/Users/chuey/pico/pico-sdk/src/rp2_common/pico_double/double_aeabi.S.obj
                0x0000000010003b9c                __wrap___aeabi_d2iz
                0x0000000010003b9c                double2int_z
 .text.__wrap___aeabi_d2uiz
                0x0000000010003be4       0x18 CMakeFiles/cuplight.dir/Users/chuey/pico/pico-sdk/src/rp2_common/pico_double/double_aeabi.S.obj
                0x0000000010003be4                double2uint
                0x0000000010003be4                __wrap___aeabi_d2uiz
 .text.__aeabi_double_init
                0x0000000010003bfc       0xb4 CMakeFiles/cuplight.dir/Users/chuey/pico/pico-sdk/src/rp2_common/pico_double/double_init_rom.c.obj
                0x0000000010003bfc                __aeabi_double_init
 .text.double_table_shim_on_use_helper
                0x0000000010003cb0       0x34 CMakeFiles/cuplight.dir/Users/chuey/pico/pico-sdk/src/rp2_common/pico_double/double_v1_rom_shim.S.obj
                0x0000000010003cb0                double_table_shim_on_use_helper
 .text.__wrap___aeabi_dsub
                0x0000000010003ce4       0x10 CMakeFiles/cuplight.dir/Users/chuey/pico/pico-sdk/src/rp2_common/pico_double/double_v1_rom_shim.S.obj
                0x0000000010003ce4                drsub_shim
                0x0000000010003cea                dsub_shim
 .text.dadd_shim
                0x0000000010003cf4      0x15c CMakeFiles/cuplight.dir/Users/chuey/pico/pico-sdk/src/rp2_common/pico_double/double_v1_rom_shim.S.obj
                0x0000000010003cf4                dadd_shim
 .text.dmul_shim
                0x0000000010003e50      0x15c CMakeFiles/cuplight.dir/Users/chuey/pico/pico-sdk/src/rp2_common/pico_double/double_v1_rom_shim.S.obj
                0x0000000010003e50                dmul_shim
 .text.ddiv_shim
                0x0000000010003fac      0x1b0 CMakeFiles/cuplight.dir/Users/chuey/pico/pico-sdk/src/rp2_common/pico_double/double_v1_rom_shim.S.obj
                0x0000000010003fac                ddiv_shim
 .text.dcordic_rot_step
                0x000000001000415c       0x7c CMakeFiles/cuplight.dir/Users/chuey/pico/pico-sdk/src/rp2_common/pico_double/double_v1_rom_shim.S.obj
                0x000000001000415c                dcordic_rot_step
 .text.double2uint_shim
                0x00000000100041d8        0xe CMakeFiles/cuplight.dir/Users/chuey/pico/pico-sdk/src/rp2_common/pico_double/double_v1_rom_shim.S.obj
                0x00000000100041d8                double2uint_shim
                0x00000000100041da                double2ufix_shim
 *fill*         0x00000000100041e6        0x2 
 .text.double2uint64_shim
                0x00000000100041e8       0x6c CMakeFiles/cuplight.dir/Users/chuey/pico/pico-sdk/src/rp2_common/pico_double/double_v1_rom_shim.S.obj
                0x00000000100041e8                double2uint64_shim
                0x00000000100041ea                double2ufix64_shim
                0x0000000010004204                d2fix_a
 .text.dunpacks
                0x0000000010004254       0x3c CMakeFiles/cuplight.dir/Users/chuey/pico/pico-sdk/src/rp2_common/pico_double/double_v1_rom_shim.S.obj
                0x0000000010004254                dunpacks
 .text.__aeabi_lmul
                0x0000000010004290       0x32 CMakeFiles/cuplight.dir/Users/chuey/pico/pico-sdk/src/rp2_common/pico_int64_ops/pico_int64_ops_aeabi.S.obj
                0x0000000010004290                __wrap___aeabi_lmul
 *fill*         0x00000000100042c2        0x2 
 .text.__aeabi_float_init
                0x00000000100042c4       0xfc CMakeFiles/cuplight.dir/Users/chuey/pico/pico-sdk/src/rp2_common/pico_float/float_init_rom.c.obj
                0x00000000100042c4                __aeabi_float_init
 .text.float_table_shim_on_use_helper
                0x00000000100043c0       0x34 CMakeFiles/cuplight.dir/Users/chuey/pico/pico-sdk/src/rp2_common/pico_float/float_v1_rom_shim.S.obj
                0x00000000100043c0                float_table_shim_on_use_helper
 .text          0x00000000100043f4       0x10 CMakeFiles/cuplight.dir/Users/chuey/pico/pico-sdk/src/rp2_common/pico_mem_ops/mem_ops_aeabi.S.obj
                0x00000000100043f4                __aeabi_mem_init
 .text.memset   0x0000000010004404        0xc CMakeFiles/cuplight.dir/Users/chuey/pico/pico-sdk/src/rp2_common/pico_mem_ops/mem_ops_aeabi.S.obj
                0x0000000010004404                __wrap_memset
 .text.memcpy   0x0000000010004410        0xc CMakeFiles/cuplight.dir/Users/chuey/pico/pico-sdk/src/rp2_common/pico_mem_ops/mem_ops_aeabi.S.obj
                0x0000000010004410                __wrap___aeabi_memcpy
                0x0000000010004410                __wrap_memcpy
 .text.stdio_out_chars_crlf
                0x000000001000441c       0x80 CMakeFiles/cuplight.dir/Users/chuey/pico/pico-sdk/src/rp2_common/pico_stdio/stdio.c.obj
 .text.stdio_stack_buffer_flush
                0x000000001000449c       0x44 CMakeFiles/cuplight.dir/Users/chuey/pico/pico-sdk/src/rp2_common/pico_stdio/stdio.c.obj
 .text.stdio_buffered_printer
                0x00000000100044e0       0x20 CMakeFiles/cuplight.dir/Users/chuey/pico/pico-sdk/src/rp2_common/pico_stdio/stdio.c.obj
 .text.stdout_serialize_begin
                0x0000000010004500       0x30 CMakeFiles/cuplight.dir/Users/chuey/pico/pico-sdk/src/rp2_common/pico_stdio/stdio.c.obj
                0x0000000010004500                stdout_serialize_begin
 .text.stdout_serialize_end
                0x0000000010004530       0x10 CMakeFiles/cuplight.dir/Users/chuey/pico/pico-sdk/src/rp2_common/pico_stdio/stdio.c.obj
                0x0000000010004530                stdout_serialize_end
 .text.stdio_put_string
                0x0000000010004540       0x84 CMakeFiles/cuplight.dir/Users/chuey/pico/pico-sdk/src/rp2_common/pico_stdio/stdio.c.obj
 .text.stdio_set_driver_enabled
                0x00000000100045c4       0x38 CMakeFiles/cuplight.dir/Users/chuey/pico/pico-sdk/src/rp2_common/pico_stdio/stdio.c.obj
                0x00000000100045c4                stdio_set_driver_enabled
 .text.stdio_flush
                0x00000000100045fc       0x20 CMakeFiles/cuplight.dir/Users/chuey/pico/pico-sdk/src/rp2_common/pico_stdio/stdio.c.obj
                0x00000000100045fc                stdio_flush
 .text.__wrap_puts
                0x000000001000461c       0x1c CMakeFiles/cuplight.dir/Users/chuey/pico/pico-sdk/src/rp2_common/pico_stdio/stdio.c.obj
                0x000000001000461c                __wrap_puts
 .text.__wrap_vprintf
                0x0000000010004638       0x44 CMakeFiles/cuplight.dir/Users/chuey/pico/pico-sdk/src/rp2_common/pico_stdio/stdio.c.obj
                0x0000000010004638                __wrap_vprintf
 .text.__wrap_printf
                0x000000001000467c       0x18 CMakeFiles/cuplight.dir/Users/chuey/pico/pico-sdk/src/rp2_common/pico_stdio/stdio.c.obj
                0x000000001000467c                __wrap_printf
 .text.stdio_init_all
                0x0000000010004694        0xc CMakeFiles/cuplight.dir/Users/chuey/pico/pico-sdk/src/rp2_common/pico_stdio/stdio.c.obj
                0x0000000010004694                stdio_init_all
 .text.stdio_uart_out_chars
                0x00000000100046a0       0x74 CMakeFiles/cuplight.dir/Users/chuey/pico/pico-sdk/src/rp2_common/pico_stdio_uart/stdio_uart.c.obj
 .text.stdio_uart_in_chars
                0x0000000010004714       0x54 CMakeFiles/cuplight.dir/Users/chuey/pico/pico-sdk/src/rp2_common/pico_stdio_uart/stdio_uart.c.obj
                0x0000000010004714                stdio_uart_in_chars
 .text.stdio_uart_init_full
                0x0000000010004768       0x3c CMakeFiles/cuplight.dir/Users/chuey/pico/pico-sdk/src/rp2_common/pico_stdio_uart/stdio_uart.c.obj
                0x0000000010004768                stdio_uart_init_full
 .text.stdio_uart_init
                0x00000000100047a4       0x28 CMakeFiles/cuplight.dir/Users/chuey/pico/pico-sdk/src/rp2_common/pico_stdio_uart/stdio_uart.c.obj
                0x00000000100047a4                stdio_uart_init
 .text.resetd_init
                0x00000000100047cc        0x2 CMakeFiles/cuplight.dir/Users/chuey/pico/pico-sdk/src/rp2_common/pico_stdio_usb/reset_interface.c.obj
 *fill*         0x00000000100047ce        0x2 
 .text.resetd_reset
                0x00000000100047d0        0xc CMakeFiles/cuplight.dir/Users/chuey/pico/pico-sdk/src/rp2_common/pico_stdio_usb/reset_interface.c.obj
 .text.resetd_open
                0x00000000100047dc       0x34 CMakeFiles/cuplight.dir/Users/chuey/pico/pico-sdk/src/rp2_common/pico_stdio_usb/reset_interface.c.obj
 .text.resetd_xfer_cb
                0x0000000010004810        0x4 CMakeFiles/cuplight.dir/Users/chuey/pico/pico-sdk/src/rp2_common/pico_stdio_usb/reset_interface.c.obj
 .text.resetd_control_xfer_cb
                0x0000000010004814       0x6c CMakeFiles/cuplight.dir/Users/chuey/pico/pico-sdk/src/rp2_common/pico_stdio_usb/reset_interface.c.obj
 .text.usbd_app_driver_get_cb
                0x0000000010004880        0xc CMakeFiles/cuplight.dir/Users/chuey/pico/pico-sdk/src/rp2_common/pico_stdio_usb/reset_interface.c.obj
                0x0000000010004880                usbd_app_driver_get_cb
 .text.tud_cdc_line_coding_cb
                0x000000001000488c       0x34 CMakeFiles/cuplight.dir/Users/chuey/pico/pico-sdk/src/rp2_common/pico_stdio_usb/reset_interface.c.obj
                0x000000001000488c                tud_cdc_line_coding_cb
 .text.stdio_usb_in_chars
                0x00000000100048c0       0x70 CMakeFiles/cuplight.dir/Users/chuey/pico/pico-sdk/src/rp2_common/pico_stdio_usb/stdio_usb.c.obj
                0x00000000100048c0                stdio_usb_in_chars
 .text.low_priority_worker_irq
                0x0000000010004930       0x20 CMakeFiles/cuplight.dir/Users/chuey/pico/pico-sdk/src/rp2_common/pico_stdio_usb/stdio_usb.c.obj
 .text.stdio_usb_out_chars
                0x0000000010004950       0xd4 CMakeFiles/cuplight.dir/Users/chuey/pico/pico-sdk/src/rp2_common/pico_stdio_usb/stdio_usb.c.obj
 .text.timer_task
                0x0000000010004a24       0x10 CMakeFiles/cuplight.dir/Users/chuey/pico/pico-sdk/src/rp2_common/pico_stdio_usb/stdio_usb.c.obj
 .text.stdio_usb_init
                0x0000000010004a34       0xb8 CMakeFiles/cuplight.dir/Users/chuey/pico/pico-sdk/src/rp2_common/pico_stdio_usb/stdio_usb.c.obj
                0x0000000010004a34                stdio_usb_init
 .text.tud_descriptor_device_cb
                0x0000000010004aec        0x8 CMakeFiles/cuplight.dir/Users/chuey/pico/pico-sdk/src/rp2_common/pico_stdio_usb/stdio_usb_descriptors.c.obj
                0x0000000010004aec                tud_descriptor_device_cb
 .text.tud_descriptor_configuration_cb
                0x0000000010004af4        0x8 CMakeFiles/cuplight.dir/Users/chuey/pico/pico-sdk/src/rp2_common/pico_stdio_usb/stdio_usb_descriptors.c.obj
                0x0000000010004af4                tud_descriptor_configuration_cb
 .text.tud_descriptor_string_cb
                0x0000000010004afc       0x68 CMakeFiles/cuplight.dir/Users/chuey/pico/pico-sdk/src/rp2_common/pico_stdio_usb/stdio_usb_descriptors.c.obj
                0x0000000010004afc                tud_descriptor_string_cb
 .text.hw_endpoint_get_by_addr
                0x0000000010004b64       0x18 CMakeFiles/cuplight.dir/Users/chuey/pico/pico-sdk/lib/tinyusb/src/portable/raspberrypi/rp2040/dcd_rp2040.c.obj
 .text.reset_ep0
                0x0000000010004b7c       0x2c CMakeFiles/cuplight.dir/Users/chuey/pico/pico-sdk/lib/tinyusb/src/portable/raspberrypi/rp2040/dcd_rp2040.c.obj
 .text._hw_endpoint_alloc
                0x0000000010004ba8       0x80 CMakeFiles/cuplight.dir/Users/chuey/pico/pico-sdk/lib/tinyusb/src/portable/raspberrypi/rp2040/dcd_rp2040.c.obj
 .text._hw_endpoint_init
                0x0000000010004c28       0xbc CMakeFiles/cuplight.dir/Users/chuey/pico/pico-sdk/lib/tinyusb/src/portable/raspberrypi/rp2040/dcd_rp2040.c.obj
 .text.hw_endpoint_init
                0x0000000010004ce4       0x18 CMakeFiles/cuplight.dir/Users/chuey/pico/pico-sdk/lib/tinyusb/src/portable/raspberrypi/rp2040/dcd_rp2040.c.obj
 .text.hw_handle_buff_status
                0x0000000010004cfc       0xb4 CMakeFiles/cuplight.dir/Users/chuey/pico/pico-sdk/lib/tinyusb/src/portable/raspberrypi/rp2040/dcd_rp2040.c.obj
 .text.dcd_rp2040_irq
                0x0000000010004db0       0xa8 CMakeFiles/cuplight.dir/Users/chuey/pico/pico-sdk/lib/tinyusb/src/portable/raspberrypi/rp2040/dcd_rp2040.c.obj
 .text.hw_endpoint_xfer
                0x0000000010004e58       0x18 CMakeFiles/cuplight.dir/Users/chuey/pico/pico-sdk/lib/tinyusb/src/portable/raspberrypi/rp2040/dcd_rp2040.c.obj
 .text.ep0_0len_status
                0x0000000010004e70       0x14 CMakeFiles/cuplight.dir/Users/chuey/pico/pico-sdk/lib/tinyusb/src/portable/raspberrypi/rp2040/dcd_rp2040.c.obj
 .text._hw_endpoint_stall
                0x0000000010004e84       0x54 CMakeFiles/cuplight.dir/Users/chuey/pico/pico-sdk/lib/tinyusb/src/portable/raspberrypi/rp2040/dcd_rp2040.c.obj
 .text.hw_endpoint_stall
                0x0000000010004ed8        0xc CMakeFiles/cuplight.dir/Users/chuey/pico/pico-sdk/lib/tinyusb/src/portable/raspberrypi/rp2040/dcd_rp2040.c.obj
 .text._hw_endpoint_clear_stall
                0x0000000010004ee4       0x34 CMakeFiles/cuplight.dir/Users/chuey/pico/pico-sdk/lib/tinyusb/src/portable/raspberrypi/rp2040/dcd_rp2040.c.obj
 .text.hw_endpoint_clear_stall
                0x0000000010004f18        0xc CMakeFiles/cuplight.dir/Users/chuey/pico/pico-sdk/lib/tinyusb/src/portable/raspberrypi/rp2040/dcd_rp2040.c.obj
 .text.dcd_int_enable
                0x0000000010004f24       0x2c CMakeFiles/cuplight.dir/Users/chuey/pico/pico-sdk/lib/tinyusb/src/portable/raspberrypi/rp2040/dcd_rp2040.c.obj
                0x0000000010004f24                dcd_int_enable
 .text.dcd_set_address
                0x0000000010004f50       0x28 CMakeFiles/cuplight.dir/Users/chuey/pico/pico-sdk/lib/tinyusb/src/portable/raspberrypi/rp2040/dcd_rp2040.c.obj
                0x0000000010004f50                dcd_set_address
 .text.dcd_connect
                0x0000000010004f78       0x30 CMakeFiles/cuplight.dir/Users/chuey/pico/pico-sdk/lib/tinyusb/src/portable/raspberrypi/rp2040/dcd_rp2040.c.obj
                0x0000000010004f78                dcd_connect
 .text.dcd_init
                0x0000000010004fa8       0x84 CMakeFiles/cuplight.dir/Users/chuey/pico/pico-sdk/lib/tinyusb/src/portable/raspberrypi/rp2040/dcd_rp2040.c.obj
                0x0000000010004fa8                dcd_init
 .text.dcd_edpt0_status_complete
                0x000000001000502c       0x40 CMakeFiles/cuplight.dir/Users/chuey/pico/pico-sdk/lib/tinyusb/src/portable/raspberrypi/rp2040/dcd_rp2040.c.obj
                0x000000001000502c                dcd_edpt0_status_complete
 .text.dcd_edpt_open
                0x000000001000506c       0x40 CMakeFiles/cuplight.dir/Users/chuey/pico/pico-sdk/lib/tinyusb/src/portable/raspberrypi/rp2040/dcd_rp2040.c.obj
                0x000000001000506c                dcd_edpt_open
 .text.dcd_edpt_xfer
                0x00000000100050ac       0x34 CMakeFiles/cuplight.dir/Users/chuey/pico/pico-sdk/lib/tinyusb/src/portable/raspberrypi/rp2040/dcd_rp2040.c.obj
                0x00000000100050ac                dcd_edpt_xfer
 .text.dcd_edpt_stall
                0x00000000100050e0       0x28 CMakeFiles/cuplight.dir/Users/chuey/pico/pico-sdk/lib/tinyusb/src/portable/raspberrypi/rp2040/dcd_rp2040.c.obj
                0x00000000100050e0                dcd_edpt_stall
 .text.dcd_edpt_clear_stall
                0x0000000010005108       0x2c CMakeFiles/cuplight.dir/Users/chuey/pico/pico-sdk/lib/tinyusb/src/portable/raspberrypi/rp2040/dcd_rp2040.c.obj
                0x0000000010005108                dcd_edpt_clear_stall
 .text.rp2040_usb_init
                0x0000000010005134       0x50 CMakeFiles/cuplight.dir/Users/chuey/pico/pico-sdk/lib/tinyusb/src/portable/raspberrypi/rp2040/rp2040_usb.c.obj
                0x0000000010005134                rp2040_usb_init
 .text.hw_endpoint_reset_transfer
                0x0000000010005184       0x10 CMakeFiles/cuplight.dir/Users/chuey/pico/pico-sdk/lib/tinyusb/src/portable/raspberrypi/rp2040/rp2040_usb.c.obj
                0x0000000010005184                hw_endpoint_reset_transfer
 .text._hw_endpoint_buffer_control_update32
                0x0000000010005194       0x58 CMakeFiles/cuplight.dir/Users/chuey/pico/pico-sdk/lib/tinyusb/src/portable/raspberrypi/rp2040/rp2040_usb.c.obj
                0x0000000010005194                _hw_endpoint_buffer_control_update32
 .text._hw_endpoint_start_next_buffer
                0x00000000100051ec       0x50 CMakeFiles/cuplight.dir/Users/chuey/pico/pico-sdk/lib/tinyusb/src/portable/raspberrypi/rp2040/rp2040_usb.c.obj
                0x00000000100051ec                _hw_endpoint_start_next_buffer
 .text._hw_endpoint_xfer_start
                0x000000001000523c       0x3e CMakeFiles/cuplight.dir/Users/chuey/pico/pico-sdk/lib/tinyusb/src/portable/raspberrypi/rp2040/rp2040_usb.c.obj
                0x000000001000523c                _hw_endpoint_xfer_start
 *fill*         0x000000001000527a        0x2 
 .text._hw_endpoint_xfer_sync
                0x000000001000527c       0x74 CMakeFiles/cuplight.dir/Users/chuey/pico/pico-sdk/lib/tinyusb/src/portable/raspberrypi/rp2040/rp2040_usb.c.obj
                0x000000001000527c                _hw_endpoint_xfer_sync
 .text._hw_endpoint_xfer_continue
                0x00000000100052f0       0x60 CMakeFiles/cuplight.dir/Users/chuey/pico/pico-sdk/lib/tinyusb/src/portable/raspberrypi/rp2040/rp2040_usb.c.obj
                0x00000000100052f0                _hw_endpoint_xfer_continue
 .text._hw_endpoint_xfer
                0x0000000010005350       0x34 CMakeFiles/cuplight.dir/Users/chuey/pico/pico-sdk/lib/tinyusb/src/portable/raspberrypi/rp2040/rp2040_usb.c.obj
                0x0000000010005350                _hw_endpoint_xfer
 .text.mark_interface_endpoint
                0x0000000010005384       0x2a CMakeFiles/cuplight.dir/Users/chuey/pico/pico-sdk/lib/tinyusb/src/device/usbd.c.obj
 *fill*         0x00000000100053ae        0x2 
 .text.usbd_reset
                0x00000000100053b0       0x88 CMakeFiles/cuplight.dir/Users/chuey/pico/pico-sdk/lib/tinyusb/src/device/usbd.c.obj
 .text.invoke_class_control
                0x0000000010005438       0x1a CMakeFiles/cuplight.dir/Users/chuey/pico/pico-sdk/lib/tinyusb/src/device/usbd.c.obj
 *fill*         0x0000000010005452        0x2 
 .text.process_set_config
                0x0000000010005454      0x1d0 CMakeFiles/cuplight.dir/Users/chuey/pico/pico-sdk/lib/tinyusb/src/device/usbd.c.obj
 .text.process_get_descriptor
                0x0000000010005624       0xf8 CMakeFiles/cuplight.dir/Users/chuey/pico/pico-sdk/lib/tinyusb/src/device/usbd.c.obj
 .text.tud_mounted
                0x000000001000571c       0x10 CMakeFiles/cuplight.dir/Users/chuey/pico/pico-sdk/lib/tinyusb/src/device/usbd.c.obj
                0x000000001000571c                tud_mounted
 .text.tud_suspended
                0x000000001000572c       0x10 CMakeFiles/cuplight.dir/Users/chuey/pico/pico-sdk/lib/tinyusb/src/device/usbd.c.obj
                0x000000001000572c                tud_suspended
 .text.tud_inited
                0x000000001000573c        0xc CMakeFiles/cuplight.dir/Users/chuey/pico/pico-sdk/lib/tinyusb/src/device/usbd.c.obj
                0x000000001000573c                tud_inited
 .text.tud_init
                0x0000000010005748       0xcc CMakeFiles/cuplight.dir/Users/chuey/pico/pico-sdk/lib/tinyusb/src/device/usbd.c.obj
                0x0000000010005748                tud_init
 .text.dcd_event_handler
                0x0000000010005814      0x174 CMakeFiles/cuplight.dir/Users/chuey/pico/pico-sdk/lib/tinyusb/src/device/usbd.c.obj
                0x0000000010005814                dcd_event_handler
 .text.dcd_event_bus_signal
                0x0000000010005988       0x26 CMakeFiles/cuplight.dir/Users/chuey/pico/pico-sdk/lib/tinyusb/src/device/usbd.c.obj
                0x0000000010005988                dcd_event_bus_signal
 .text.dcd_event_bus_reset
                0x00000000100059ae       0x2a CMakeFiles/cuplight.dir/Users/chuey/pico/pico-sdk/lib/tinyusb/src/device/usbd.c.obj
                0x00000000100059ae                dcd_event_bus_reset
 .text.dcd_event_setup_received
                0x00000000100059d8       0x34 CMakeFiles/cuplight.dir/Users/chuey/pico/pico-sdk/lib/tinyusb/src/device/usbd.c.obj
                0x00000000100059d8                dcd_event_setup_received
 .text.dcd_event_xfer_complete
                0x0000000010005a0c       0x44 CMakeFiles/cuplight.dir/Users/chuey/pico/pico-sdk/lib/tinyusb/src/device/usbd.c.obj
                0x0000000010005a0c                dcd_event_xfer_complete
 .text.usbd_edpt_open
                0x0000000010005a50       0xe0 CMakeFiles/cuplight.dir/Users/chuey/pico/pico-sdk/lib/tinyusb/src/device/usbd.c.obj
                0x0000000010005a50                usbd_edpt_open
 .text.usbd_open_edpt_pair
                0x0000000010005b30       0x8c CMakeFiles/cuplight.dir/Users/chuey/pico/pico-sdk/lib/tinyusb/src/device/usbd.c.obj
                0x0000000010005b30                usbd_open_edpt_pair
 .text.usbd_edpt_claim
                0x0000000010005bbc       0x8c CMakeFiles/cuplight.dir/Users/chuey/pico/pico-sdk/lib/tinyusb/src/device/usbd.c.obj
                0x0000000010005bbc                usbd_edpt_claim
 .text.usbd_edpt_release
                0x0000000010005c48       0x68 CMakeFiles/cuplight.dir/Users/chuey/pico/pico-sdk/lib/tinyusb/src/device/usbd.c.obj
                0x0000000010005c48                usbd_edpt_release
 .text.usbd_edpt_xfer
                0x0000000010005cb0       0x80 CMakeFiles/cuplight.dir/Users/chuey/pico/pico-sdk/lib/tinyusb/src/device/usbd.c.obj
                0x0000000010005cb0                usbd_edpt_xfer
 .text.usbd_edpt_stall
                0x0000000010005d30       0x2c CMakeFiles/cuplight.dir/Users/chuey/pico/pico-sdk/lib/tinyusb/src/device/usbd.c.obj
                0x0000000010005d30                usbd_edpt_stall
 .text.usbd_edpt_clear_stall
                0x0000000010005d5c       0x2c CMakeFiles/cuplight.dir/Users/chuey/pico/pico-sdk/lib/tinyusb/src/device/usbd.c.obj
                0x0000000010005d5c                usbd_edpt_clear_stall
 .text.usbd_edpt_stalled
                0x0000000010005d88       0x1c CMakeFiles/cuplight.dir/Users/chuey/pico/pico-sdk/lib/tinyusb/src/device/usbd.c.obj
                0x0000000010005d88                usbd_edpt_stalled
 .text.process_control_request
                0x0000000010005da4      0x380 CMakeFiles/cuplight.dir/Users/chuey/pico/pico-sdk/lib/tinyusb/src/device/usbd.c.obj
 .text.tud_task
                0x0000000010006124      0x204 CMakeFiles/cuplight.dir/Users/chuey/pico/pico-sdk/lib/tinyusb/src/device/usbd.c.obj
                0x0000000010006124                tud_task
 .text._data_stage_xact
                0x0000000010006328       0x58 CMakeFiles/cuplight.dir/Users/chuey/pico/pico-sdk/lib/tinyusb/src/device/usbd_control.c.obj
 .text.tud_control_status
                0x0000000010006380       0x38 CMakeFiles/cuplight.dir/Users/chuey/pico/pico-sdk/lib/tinyusb/src/device/usbd_control.c.obj
                0x0000000010006380                tud_control_status
 .text.tud_control_xfer
                0x00000000100063b8       0xa8 CMakeFiles/cuplight.dir/Users/chuey/pico/pico-sdk/lib/tinyusb/src/device/usbd_control.c.obj
                0x00000000100063b8                tud_control_xfer
 .text.usbd_control_reset
                0x0000000010006460       0x14 CMakeFiles/cuplight.dir/Users/chuey/pico/pico-sdk/lib/tinyusb/src/device/usbd_control.c.obj
                0x0000000010006460                usbd_control_reset
 .text.usbd_control_set_complete_callback
                0x0000000010006474        0xc CMakeFiles/cuplight.dir/Users/chuey/pico/pico-sdk/lib/tinyusb/src/device/usbd_control.c.obj
                0x0000000010006474                usbd_control_set_complete_callback
 .text.usbd_control_set_request
                0x0000000010006480       0x1c CMakeFiles/cuplight.dir/Users/chuey/pico/pico-sdk/lib/tinyusb/src/device/usbd_control.c.obj
                0x0000000010006480                usbd_control_set_request
 .text.usbd_control_xfer_cb
                0x000000001000649c       0xfc CMakeFiles/cuplight.dir/Users/chuey/pico/pico-sdk/lib/tinyusb/src/device/usbd_control.c.obj
                0x000000001000649c                usbd_control_xfer_cb
 .text._prep_out_transaction
                0x0000000010006598       0x46 CMakeFiles/cuplight.dir/Users/chuey/pico/pico-sdk/lib/tinyusb/src/class/cdc/cdc_device.c.obj
 *fill*         0x00000000100065de        0x2 
 .text.tud_cdc_n_connected
                0x00000000100065e0       0x44 CMakeFiles/cuplight.dir/Users/chuey/pico/pico-sdk/lib/tinyusb/src/class/cdc/cdc_device.c.obj
                0x00000000100065e0                tud_cdc_n_connected
 .text.tud_cdc_n_available
                0x0000000010006624       0x18 CMakeFiles/cuplight.dir/Users/chuey/pico/pico-sdk/lib/tinyusb/src/class/cdc/cdc_device.c.obj
                0x0000000010006624                tud_cdc_n_available
 .text.tud_cdc_n_read
                0x000000001000663c       0x28 CMakeFiles/cuplight.dir/Users/chuey/pico/pico-sdk/lib/tinyusb/src/class/cdc/cdc_device.c.obj
                0x000000001000663c                tud_cdc_n_read
 .text.tud_cdc_n_write_flush
                0x0000000010006664       0xcc CMakeFiles/cuplight.dir/Users/chuey/pico/pico-sdk/lib/tinyusb/src/class/cdc/cdc_device.c.obj
                0x0000000010006664                tud_cdc_n_write_flush
 .text.tud_cdc_n_write
                0x0000000010006730       0x38 CMakeFiles/cuplight.dir/Users/chuey/pico/pico-sdk/lib/tinyusb/src/class/cdc/cdc_device.c.obj
                0x0000000010006730                tud_cdc_n_write
 .text.tud_cdc_n_write_available
                0x0000000010006768       0x1c CMakeFiles/cuplight.dir/Users/chuey/pico/pico-sdk/lib/tinyusb/src/class/cdc/cdc_device.c.obj
                0x0000000010006768                tud_cdc_n_write_available
 .text.cdcd_init
                0x0000000010006784       0xbc CMakeFiles/cuplight.dir/Users/chuey/pico/pico-sdk/lib/tinyusb/src/class/cdc/cdc_device.c.obj
                0x0000000010006784                cdcd_init
 .text.cdcd_reset
                0x0000000010006840       0x44 CMakeFiles/cuplight.dir/Users/chuey/pico/pico-sdk/lib/tinyusb/src/class/cdc/cdc_device.c.obj
                0x0000000010006840                cdcd_reset
 .text.cdcd_open
                0x0000000010006884      0x10c CMakeFiles/cuplight.dir/Users/chuey/pico/pico-sdk/lib/tinyusb/src/class/cdc/cdc_device.c.obj
                0x0000000010006884                cdcd_open
 .text.cdcd_control_xfer_cb
                0x0000000010006990      0x134 CMakeFiles/cuplight.dir/Users/chuey/pico/pico-sdk/lib/tinyusb/src/class/cdc/cdc_device.c.obj
                0x0000000010006990                cdcd_control_xfer_cb
 .text.cdcd_xfer_cb
                0x0000000010006ac4      0x144 CMakeFiles/cuplight.dir/Users/chuey/pico/pico-sdk/lib/tinyusb/src/class/cdc/cdc_device.c.obj
                0x0000000010006ac4                cdcd_xfer_cb
 .text.tusb_init
                0x0000000010006c08       0x24 CMakeFiles/cuplight.dir/Users/chuey/pico/pico-sdk/lib/tinyusb/src/tusb.c.obj
                0x0000000010006c08                tusb_init
 .text.tusb_inited
                0x0000000010006c2c        0xe CMakeFiles/cuplight.dir/Users/chuey/pico/pico-sdk/lib/tinyusb/src/tusb.c.obj
                0x0000000010006c2c                tusb_inited
 .text.advance_pointer
                0x0000000010006c3a       0x1e CMakeFiles/cuplight.dir/Users/chuey/pico/pico-sdk/lib/tinyusb/src/common/tusb_fifo.c.obj
 .text.backward_pointer
                0x0000000010006c58       0x1a CMakeFiles/cuplight.dir/Users/chuey/pico/pico-sdk/lib/tinyusb/src/common/tusb_fifo.c.obj
 .text.get_relative_pointer
                0x0000000010006c72       0x10 CMakeFiles/cuplight.dir/Users/chuey/pico/pico-sdk/lib/tinyusb/src/common/tusb_fifo.c.obj
 .text._tu_fifo_peek
                0x0000000010006c82       0x50 CMakeFiles/cuplight.dir/Users/chuey/pico/pico-sdk/lib/tinyusb/src/common/tusb_fifo.c.obj
 .text._ff_pull_const_addr
                0x0000000010006cd2       0x4c CMakeFiles/cuplight.dir/Users/chuey/pico/pico-sdk/lib/tinyusb/src/common/tusb_fifo.c.obj
 .text._ff_pull_n
                0x0000000010006d1e      0x10c CMakeFiles/cuplight.dir/Users/chuey/pico/pico-sdk/lib/tinyusb/src/common/tusb_fifo.c.obj
 .text._tu_fifo_peek_n
                0x0000000010006e2a       0x5e CMakeFiles/cuplight.dir/Users/chuey/pico/pico-sdk/lib/tinyusb/src/common/tusb_fifo.c.obj
 .text._tu_fifo_read_n
                0x0000000010006e88       0x4e CMakeFiles/cuplight.dir/Users/chuey/pico/pico-sdk/lib/tinyusb/src/common/tusb_fifo.c.obj
 .text._ff_push_const_addr
                0x0000000010006ed6       0x40 CMakeFiles/cuplight.dir/Users/chuey/pico/pico-sdk/lib/tinyusb/src/common/tusb_fifo.c.obj
 .text._ff_push_n
                0x0000000010006f16      0x106 CMakeFiles/cuplight.dir/Users/chuey/pico/pico-sdk/lib/tinyusb/src/common/tusb_fifo.c.obj
 .text._tu_fifo_write_n
                0x000000001000701c       0x9e CMakeFiles/cuplight.dir/Users/chuey/pico/pico-sdk/lib/tinyusb/src/common/tusb_fifo.c.obj
 .text.tu_fifo_config
                0x00000000100070ba       0x72 CMakeFiles/cuplight.dir/Users/chuey/pico/pico-sdk/lib/tinyusb/src/common/tusb_fifo.c.obj
                0x00000000100070ba                tu_fifo_config
 .text.tu_fifo_count
                0x000000001000712c       0x26 CMakeFiles/cuplight.dir/Users/chuey/pico/pico-sdk/lib/tinyusb/src/common/tusb_fifo.c.obj
                0x000000001000712c                tu_fifo_count
 .text.tu_fifo_empty
                0x0000000010007152        0xe CMakeFiles/cuplight.dir/Users/chuey/pico/pico-sdk/lib/tinyusb/src/common/tusb_fifo.c.obj
                0x0000000010007152                tu_fifo_empty
 .text.tu_fifo_remaining
                0x0000000010007160       0x20 CMakeFiles/cuplight.dir/Users/chuey/pico/pico-sdk/lib/tinyusb/src/common/tusb_fifo.c.obj
                0x0000000010007160                tu_fifo_remaining
 .text.tu_fifo_read
                0x0000000010007180       0x42 CMakeFiles/cuplight.dir/Users/chuey/pico/pico-sdk/lib/tinyusb/src/common/tusb_fifo.c.obj
                0x0000000010007180                tu_fifo_read
 .text.tu_fifo_read_n
                0x00000000100071c2        0xa CMakeFiles/cuplight.dir/Users/chuey/pico/pico-sdk/lib/tinyusb/src/common/tusb_fifo.c.obj
                0x00000000100071c2                tu_fifo_read_n
 .text.tu_fifo_write
                0x00000000100071cc       0x6c CMakeFiles/cuplight.dir/Users/chuey/pico/pico-sdk/lib/tinyusb/src/common/tusb_fifo.c.obj
                0x00000000100071cc                tu_fifo_write
 .text.tu_fifo_write_n
                0x0000000010007238        0xa CMakeFiles/cuplight.dir/Users/chuey/pico/pico-sdk/lib/tinyusb/src/common/tusb_fifo.c.obj
                0x0000000010007238                tu_fifo_write_n
 .text.tu_fifo_clear
                0x0000000010007242       0x4c CMakeFiles/cuplight.dir/Users/chuey/pico/pico-sdk/lib/tinyusb/src/common/tusb_fifo.c.obj
                0x0000000010007242                tu_fifo_clear
 .text.tu_fifo_set_overwritable
                0x000000001000728e       0x3c CMakeFiles/cuplight.dir/Users/chuey/pico/pico-sdk/lib/tinyusb/src/common/tusb_fifo.c.obj
                0x000000001000728e                tu_fifo_set_overwritable
 *fill*         0x00000000100072ca        0x2 
 .text._retrieve_unique_id_on_boot
                0x00000000100072cc       0x10 CMakeFiles/cuplight.dir/Users/chuey/pico/pico-sdk/src/rp2_common/pico_unique_id/unique_id.c.obj
 .text.pico_get_unique_board_id_string
                0x00000000100072dc       0x60 CMakeFiles/cuplight.dir/Users/chuey/pico/pico-sdk/src/rp2_common/pico_unique_id/unique_id.c.obj
                0x00000000100072dc                pico_get_unique_board_id_string
 .text.flash_get_unique_id
                0x000000001000733c       0x46 CMakeFiles/cuplight.dir/Users/chuey/pico/pico-sdk/src/rp2_common/hardware_flash/flash.c.obj
                0x000000001000733c                flash_get_unique_id
 .text.dormant_source_valid
                0x0000000010007382       0x10 CMakeFiles/cuplight.dir/Users/chuey/pico/pico-extras/src/rp2_common/pico_sleep/sleep.c.obj
                0x0000000010007382                dormant_source_valid
 *fill*         0x0000000010007392        0x2 
 .text._go_dormant
                0x0000000010007394       0x3c CMakeFiles/cuplight.dir/Users/chuey/pico/pico-extras/src/rp2_common/pico_sleep/sleep.c.obj
 .text.sleep_run_from_dormant_source
                0x00000000100073d0       0xc4 CMakeFiles/cuplight.dir/Users/chuey/pico/pico-extras/src/rp2_common/pico_sleep/sleep.c.obj
                0x00000000100073d0                sleep_run_from_dormant_source
 .text.sleep_goto_dormant_until_pin
                0x0000000010007494       0x74 CMakeFiles/cuplight.dir/Users/chuey/pico/pico-extras/src/rp2_common/pico_sleep/sleep.c.obj
                0x0000000010007494                sleep_goto_dormant_until_pin
 .text.rosc_disable
                0x0000000010007508       0x64 CMakeFiles/cuplight.dir/Users/chuey/pico/pico-extras/src/rp2_common/hardware_rosc/rosc.c.obj
                0x0000000010007508                rosc_disable
 .text.rosc_set_dormant
                0x000000001000756c       0x60 CMakeFiles/cuplight.dir/Users/chuey/pico/pico-extras/src/rp2_common/hardware_rosc/rosc.c.obj
                0x000000001000756c                rosc_set_dormant
 .text.adc_init
                0x00000000100075cc       0x34 CMakeFiles/cuplight.dir/Users/chuey/pico/pico-sdk/src/rp2_common/hardware_adc/adc.c.obj
                0x00000000100075cc                adc_init
 .text.strlen   0x0000000010007600       0x5c /usr/local/Cellar/gcc-arm-none-eabi/20200630/bin/../lib/gcc/arm-none-eabi/9.3.1/../../../../arm-none-eabi/lib/thumb/v6-m/nofp/libg.a(lib_a-strlen-stub.o)
                0x0000000010007600                strlen
 *(.fini)
 .fini          0x000000001000765c        0x4 /usr/local/Cellar/gcc-arm-none-eabi/20200630/bin/../lib/gcc/arm-none-eabi/9.3.1/thumb/v6-m/nofp/crti.o
                0x000000001000765c                _fini
 .fini.__stub   0x0000000010007660       0x70 linker stubs
 *crtbegin.o(.ctors)
 *crtbegin?.o(.ctors)
 *(EXCLUDE_FILE(*crtend.o *crtend?.o) .ctors)
 *(SORT_BY_NAME(.ctors.*))
 *(.ctors)
 *crtbegin.o(.dtors)
 *crtbegin?.o(.dtors)
 *(EXCLUDE_FILE(*crtend.o *crtend?.o) .dtors)
 *(SORT_BY_NAME(.dtors.*))
 *(.dtors)
 *(.eh_frame*)
 .eh_frame      0x00000000100076d0        0x0 /usr/local/Cellar/gcc-arm-none-eabi/20200630/bin/../lib/gcc/arm-none-eabi/9.3.1/thumb/v6-m/nofp/crtbegin.o
                0x00000000100076d0                . = ALIGN (0x4)

.glue_7         0x00000000100076d0        0x0
 .glue_7        0x00000000100076d0        0x0 linker stubs

.glue_7t        0x00000000100076d0        0x0
 .glue_7t       0x00000000100076d0        0x0 linker stubs

.vfp11_veneer   0x00000000100076d0        0x0
 .vfp11_veneer  0x00000000100076d0        0x0 linker stubs

.v4_bx          0x00000000100076d0        0x0
 .v4_bx         0x00000000100076d0        0x0 linker stubs

.iplt           0x00000000100076d0        0x0
 .iplt          0x00000000100076d0        0x0 /usr/local/Cellar/gcc-arm-none-eabi/20200630/bin/../lib/gcc/arm-none-eabi/9.3.1/thumb/v6-m/nofp/crtbegin.o

.rodata         0x00000000100076d0     0x1828
 *(EXCLUDE_FILE(*libm.a: *libc.a:*lib_a-mem*.o *libgcc.a:) .rodata*)
 .rodata.spin_lock_claim_unused.str1.4
                0x00000000100076d0       0x1b CMakeFiles/cuplight.dir/Users/chuey/pico/pico-sdk/src/rp2_common/hardware_sync/sync.c.obj
 *fill*         0x00000000100076eb        0x1 
 .rodata.repeating_timer_callback.str1.4
                0x00000000100076ec       0x4b CMakeFiles/cuplight.dir/Users/chuey/pico/pico-sdk/src/common/pico_time/time.c.obj
 *fill*         0x0000000010007737        0x1 
 .rodata.alarm_pool_dump_key.str1.4
                0x0000000010007738       0x33 CMakeFiles/cuplight.dir/Users/chuey/pico/pico-sdk/src/common/pico_time/time.c.obj
 *fill*         0x000000001000776b        0x1 
 .rodata.ph_add_child_node.str1.4
                0x000000001000776c       0x96 CMakeFiles/cuplight.dir/Users/chuey/pico/pico-sdk/src/common/pico_time/time.c.obj
 *fill*         0x0000000010007802        0x2 
 .rodata.add_alarm_under_lock.str1.4
                0x0000000010007804       0x28 CMakeFiles/cuplight.dir/Users/chuey/pico/pico-sdk/src/common/pico_time/time.c.obj
                                         0x2b (size before relaxing)
 .rodata.alarm_pool_alarm_callback.str1.4
                0x000000001000782c       0xe6 CMakeFiles/cuplight.dir/Users/chuey/pico/pico-sdk/src/common/pico_time/time.c.obj
 *fill*         0x0000000010007912        0x2 
 .rodata.alarm_pool_get_default.str1.4
                0x0000000010007914       0x21 CMakeFiles/cuplight.dir/Users/chuey/pico/pico-sdk/src/common/pico_time/time.c.obj
 *fill*         0x0000000010007935        0x3 
 .rodata.alarm_pool_cancel_alarm.str1.4
                0x0000000010007938       0x27 CMakeFiles/cuplight.dir/Users/chuey/pico/pico-sdk/src/common/pico_time/time.c.obj
 *fill*         0x000000001000795f        0x1 
 .rodata.sleep_until.str1.4
                0x0000000010007960       0x4d CMakeFiles/cuplight.dir/Users/chuey/pico/pico-sdk/src/common/pico_time/time.c.obj
 *fill*         0x00000000100079ad        0x3 
 .rodata.__func__.5711
                0x00000000100079b0       0x15 CMakeFiles/cuplight.dir/Users/chuey/pico/pico-sdk/src/common/pico_time/time.c.obj
 *fill*         0x00000000100079c5        0x3 
 .rodata.__func__.6012
                0x00000000100079c8        0xc CMakeFiles/cuplight.dir/Users/chuey/pico/pico-sdk/src/common/pico_time/time.c.obj
 .rodata.__func__.6019
                0x00000000100079d4       0x12 CMakeFiles/cuplight.dir/Users/chuey/pico/pico-sdk/src/common/pico_time/time.c.obj
 *fill*         0x00000000100079e6        0x2 
 .rodata.__func__.6035
                0x00000000100079e8        0xf CMakeFiles/cuplight.dir/Users/chuey/pico/pico-sdk/src/common/pico_time/time.c.obj
 *fill*         0x00000000100079f7        0x1 
 .rodata.__func__.6057
                0x00000000100079f8        0xd CMakeFiles/cuplight.dir/Users/chuey/pico/pico-sdk/src/common/pico_time/time.c.obj
 *fill*         0x0000000010007a05        0x3 
 .rodata.__func__.6258
                0x0000000010007a08        0xa CMakeFiles/cuplight.dir/Users/chuey/pico/pico-sdk/src/common/pico_time/time.c.obj
 *fill*         0x0000000010007a12        0x2 
 .rodata.__func__.6263
                0x0000000010007a14       0x12 CMakeFiles/cuplight.dir/Users/chuey/pico/pico-sdk/src/common/pico_time/time.c.obj
 *fill*         0x0000000010007a26        0x2 
 .rodata.__func__.6278
                0x0000000010007a28       0x17 CMakeFiles/cuplight.dir/Users/chuey/pico/pico-sdk/src/common/pico_time/time.c.obj
 *fill*         0x0000000010007a3f        0x1 
 .rodata.__func__.6289
                0x0000000010007a40       0x15 CMakeFiles/cuplight.dir/Users/chuey/pico/pico-sdk/src/common/pico_time/time.c.obj
 *fill*         0x0000000010007a55        0x3 
 .rodata.__func__.6306
                0x0000000010007a58       0x1a CMakeFiles/cuplight.dir/Users/chuey/pico/pico-sdk/src/common/pico_time/time.c.obj
 *fill*         0x0000000010007a72        0x2 
 .rodata.__func__.6345
                0x0000000010007a74       0x18 CMakeFiles/cuplight.dir/Users/chuey/pico/pico-sdk/src/common/pico_time/time.c.obj
 .rodata.hardware_alarm_claim.str1.4
                0x0000000010007a8c       0x22 CMakeFiles/cuplight.dir/Users/chuey/pico/pico-sdk/src/rp2_common/hardware_timer/timer.c.obj
 *fill*         0x0000000010007aae        0x2 
 .rodata.hardware_alarm_set_target.str1.4
                0x0000000010007ab0       0x65 CMakeFiles/cuplight.dir/Users/chuey/pico/pico-sdk/src/rp2_common/hardware_timer/timer.c.obj
 *fill*         0x0000000010007b15        0x3 
 .rodata.__func__.4550
                0x0000000010007b18       0x1a CMakeFiles/cuplight.dir/Users/chuey/pico/pico-sdk/src/rp2_common/hardware_timer/timer.c.obj
 *fill*         0x0000000010007b32        0x2 
 .rodata.str1.4
                0x0000000010007b34       0xb1 CMakeFiles/cuplight.dir/Users/chuey/pico/pico-sdk/src/common/pico_sync/mutex.c.obj
                                        0x115 (size before relaxing)
 *fill*         0x0000000010007be5        0x3 
 .rodata.__func__.4215
                0x0000000010007be8       0x15 CMakeFiles/cuplight.dir/Users/chuey/pico/pico-sdk/src/common/pico_sync/mutex.c.obj
 *fill*         0x0000000010007bfd        0x3 
 .rodata.__func__.4612
                0x0000000010007c00       0x15 CMakeFiles/cuplight.dir/Users/chuey/pico/pico-sdk/src/common/pico_sync/mutex.c.obj
 *fill*         0x0000000010007c15        0x3 
 .rodata.__func__.4637
                0x0000000010007c18       0x18 CMakeFiles/cuplight.dir/Users/chuey/pico/pico-sdk/src/common/pico_sync/mutex.c.obj
 .rodata.__func__.4647
                0x0000000010007c30        0xb CMakeFiles/cuplight.dir/Users/chuey/pico/pico-sdk/src/common/pico_sync/mutex.c.obj
 .rodata.ph_add_child_node.str1.4
                0x0000000010007c3b       0x96 CMakeFiles/cuplight.dir/Users/chuey/pico/pico-sdk/src/common/pico_util/pheap.c.obj
 *fill*         0x0000000010007c3b        0x1 
 .rodata.ph_remove_any_head.str1.4
                0x0000000010007c3c       0x8c CMakeFiles/cuplight.dir/Users/chuey/pico/pico-sdk/src/common/pico_util/pheap.c.obj
 .rodata.ph_remove_and_free_node.str1.4
                0x0000000010007cc8       0x26 CMakeFiles/cuplight.dir/Users/chuey/pico/pico-sdk/src/common/pico_util/pheap.c.obj
 *fill*         0x0000000010007cee        0x2 
 .rodata.__func__.5718
                0x0000000010007cf0        0xc CMakeFiles/cuplight.dir/Users/chuey/pico/pico-sdk/src/common/pico_util/pheap.c.obj
 .rodata.__func__.5725
                0x0000000010007cfc       0x12 CMakeFiles/cuplight.dir/Users/chuey/pico/pico-sdk/src/common/pico_util/pheap.c.obj
 *fill*         0x0000000010007d0e        0x2 
 .rodata.__func__.5811
                0x0000000010007d10       0x13 CMakeFiles/cuplight.dir/Users/chuey/pico/pico-sdk/src/common/pico_util/pheap.c.obj
 *fill*         0x0000000010007d23        0x1 
 .rodata.__func__.5829
                0x0000000010007d24       0x18 CMakeFiles/cuplight.dir/Users/chuey/pico/pico-sdk/src/common/pico_util/pheap.c.obj
 .rodata.__assert_func.str1.4
                0x0000000010007d3c       0x3f CMakeFiles/cuplight.dir/Users/chuey/pico/pico-sdk/src/rp2_common/pico_runtime/runtime.c.obj
                                         0x43 (size before relaxing)
 *fill*         0x0000000010007d7b        0x1 
 .rodata.panic.str1.4
                0x0000000010007d7c       0x12 CMakeFiles/cuplight.dir/Users/chuey/pico/pico-sdk/src/rp2_common/pico_runtime/runtime.c.obj
 *fill*         0x0000000010007d8e        0x2 
 .rodata.clock_configure.str1.4
                0x0000000010007d90       0x57 CMakeFiles/cuplight.dir/Users/chuey/pico/pico-sdk/src/rp2_common/hardware_clocks/clocks.c.obj
 *fill*         0x0000000010007de7        0x1 
 .rodata.__func__.4669
                0x0000000010007de8       0x10 CMakeFiles/cuplight.dir/Users/chuey/pico/pico-sdk/src/rp2_common/hardware_clocks/clocks.c.obj
 .rodata.make_branch.str1.4
                0x0000000010007df8       0x4d CMakeFiles/cuplight.dir/Users/chuey/pico/pico-sdk/src/rp2_common/hardware_irq/irq.c.obj
 *fill*         0x0000000010007e45        0x3 
 .rodata.irq_set_exclusive_handler.str1.4
                0x0000000010007e48       0x36 CMakeFiles/cuplight.dir/Users/chuey/pico/pico-sdk/src/rp2_common/hardware_irq/irq.c.obj
 *fill*         0x0000000010007e7e        0x2 
 .rodata.irq_add_shared_handler.str1.4
                0x0000000010007e80       0xd9 CMakeFiles/cuplight.dir/Users/chuey/pico/pico-sdk/src/rp2_common/hardware_irq/irq.c.obj
 *fill*         0x0000000010007f59        0x3 
 .rodata.irq_remove_handler.str1.4
                0x0000000010007f5c       0x2a CMakeFiles/cuplight.dir/Users/chuey/pico/pico-sdk/src/rp2_common/hardware_irq/irq.c.obj
 *fill*         0x0000000010007f86        0x2 
 .rodata.irq_add_tail_to_free_list.str1.4
                0x0000000010007f88       0x32 CMakeFiles/cuplight.dir/Users/chuey/pico/pico-sdk/src/rp2_common/hardware_irq/irq.c.obj
                                         0x3a (size before relaxing)
 *fill*         0x0000000010007fba        0x2 
 .rodata.__func__.4705
                0x0000000010007fbc       0x1a CMakeFiles/cuplight.dir/Users/chuey/pico/pico-sdk/src/rp2_common/hardware_irq/irq.c.obj
 *fill*         0x0000000010007fd6        0x2 
 .rodata.__func__.4719
                0x0000000010007fd8        0xc CMakeFiles/cuplight.dir/Users/chuey/pico/pico-sdk/src/rp2_common/hardware_irq/irq.c.obj
 .rodata.__func__.4727
                0x0000000010007fe4       0x17 CMakeFiles/cuplight.dir/Users/chuey/pico/pico-sdk/src/rp2_common/hardware_irq/irq.c.obj
 *fill*         0x0000000010007ffb        0x1 
 .rodata.__func__.4731
                0x0000000010007ffc        0xf CMakeFiles/cuplight.dir/Users/chuey/pico/pico-sdk/src/rp2_common/hardware_irq/irq.c.obj
 *fill*         0x000000001000800b        0x1 
 .rodata.__func__.4770
                0x000000001000800c       0x13 CMakeFiles/cuplight.dir/Users/chuey/pico/pico-sdk/src/rp2_common/hardware_irq/irq.c.obj
 *fill*         0x000000001000801f        0x1 
 .rodata.__func__.4789
                0x0000000010008020       0x1a CMakeFiles/cuplight.dir/Users/chuey/pico/pico-sdk/src/rp2_common/hardware_irq/irq.c.obj
 *fill*         0x000000001000803a        0x2 
 .rodata.pll_init.str1.4
                0x000000001000803c       0xdb CMakeFiles/cuplight.dir/Users/chuey/pico/pico-sdk/src/rp2_common/hardware_pll/pll.c.obj
 *fill*         0x0000000010008117        0x1 
 .rodata.__func__.4404
                0x0000000010008118        0x9 CMakeFiles/cuplight.dir/Users/chuey/pico/pico-sdk/src/rp2_common/hardware_pll/pll.c.obj
 *fill*         0x0000000010008121        0x3 
 .rodata._ftoa.str1.4
                0x0000000010008124       0x15 CMakeFiles/cuplight.dir/Users/chuey/pico/pico-sdk/src/rp2_common/pico_printf/printf.c.obj
 *fill*         0x0000000010008139        0x3 
 .rodata._vsnprintf
                0x000000001000813c      0x1e0 CMakeFiles/cuplight.dir/Users/chuey/pico/pico-sdk/src/rp2_common/pico_printf/printf.c.obj
 *fill*         0x000000001000831c        0x4 
 .rodata.pow10.5432
                0x0000000010008320       0x50 CMakeFiles/cuplight.dir/Users/chuey/pico/pico-sdk/src/rp2_common/pico_printf/printf.c.obj
 .rodata.__aeabi_double_init.str1.4
                0x0000000010008370       0xa8 CMakeFiles/cuplight.dir/Users/chuey/pico/pico-sdk/src/rp2_common/pico_double/double_init_rom.c.obj
 .rodata.__func__.4690
                0x0000000010008418       0x14 CMakeFiles/cuplight.dir/Users/chuey/pico/pico-sdk/src/rp2_common/pico_double/double_init_rom.c.obj
 .rodata.__aeabi_float_init.str1.4
                0x000000001000842c       0x7a CMakeFiles/cuplight.dir/Users/chuey/pico/pico-sdk/src/rp2_common/pico_float/float_init_rom.c.obj
                                         0x7e (size before relaxing)
 *fill*         0x00000000100084a6        0x2 
 .rodata.__func__.4692
                0x00000000100084a8       0x13 CMakeFiles/cuplight.dir/Users/chuey/pico/pico-sdk/src/rp2_common/pico_float/float_init_rom.c.obj
 *fill*         0x00000000100084bb        0x1 
 .rodata.str1.4
                0x00000000100084bc       0x40 CMakeFiles/cuplight.dir/Users/chuey/pico/pico-sdk/src/rp2_common/pico_standard_link/binary_info.c.obj
 .rodata.__bi_44
                0x00000000100084fc        0xc CMakeFiles/cuplight.dir/Users/chuey/pico/pico-sdk/src/rp2_common/pico_standard_link/binary_info.c.obj
 .rodata.__bi_75
                0x0000000010008508        0xc CMakeFiles/cuplight.dir/Users/chuey/pico/pico-sdk/src/rp2_common/pico_standard_link/binary_info.c.obj
 .rodata.__bi_81
                0x0000000010008514        0xc CMakeFiles/cuplight.dir/Users/chuey/pico/pico-sdk/src/rp2_common/pico_standard_link/binary_info.c.obj
 .rodata.crlf_str.6023
                0x0000000010008520        0x2 CMakeFiles/cuplight.dir/Users/chuey/pico/pico-sdk/src/rp2_common/pico_stdio/stdio.c.obj
 *fill*         0x0000000010008522        0x2 
 .rodata.str1.4
                0x0000000010008524       0x2c CMakeFiles/cuplight.dir/Users/chuey/pico/pico-sdk/src/rp2_common/pico_stdio_uart/stdio_uart.c.obj
 .rodata.__bi_28.4741
                0x0000000010008550        0xc CMakeFiles/cuplight.dir/Users/chuey/pico/pico-sdk/src/rp2_common/pico_stdio_uart/stdio_uart.c.obj
 .rodata.__bi_29.4745
                0x000000001000855c        0x8 CMakeFiles/cuplight.dir/Users/chuey/pico/pico-sdk/src/rp2_common/pico_stdio_uart/stdio_uart.c.obj
 .rodata._resetd_driver
                0x0000000010008564       0x18 CMakeFiles/cuplight.dir/Users/chuey/pico/pico-sdk/src/rp2_common/pico_stdio_usb/reset_interface.c.obj
 .rodata.stdio_usb_init.str1.4
                0x000000001000857c       0x61 CMakeFiles/cuplight.dir/Users/chuey/pico/pico-sdk/src/rp2_common/pico_stdio_usb/stdio_usb.c.obj
 .rodata.str1.4
                0x000000001000857c       0x13 CMakeFiles/cuplight.dir/Users/chuey/pico/pico-sdk/src/rp2_common/pico_stdio_usb/stdio_usb.c.obj
 *fill*         0x000000001000858f        0x1 
 .rodata.__bi_93.7164
                0x0000000010008590        0xc CMakeFiles/cuplight.dir/Users/chuey/pico/pico-sdk/src/rp2_common/pico_stdio_usb/stdio_usb.c.obj
 .rodata.__func__.5434
                0x000000001000859c       0x15 CMakeFiles/cuplight.dir/Users/chuey/pico/pico-sdk/src/rp2_common/pico_stdio_usb/stdio_usb.c.obj
 *fill*         0x00000000100085b1        0x3 
 .rodata.str1.4
                0x00000000100085b4       0x2a CMakeFiles/cuplight.dir/Users/chuey/pico/pico-sdk/src/rp2_common/pico_stdio_usb/stdio_usb_descriptors.c.obj
 *fill*         0x00000000100085de        0x2 
 .rodata.usbd_desc_cfg
                0x00000000100085e0       0x54 CMakeFiles/cuplight.dir/Users/chuey/pico/pico-sdk/src/rp2_common/pico_stdio_usb/stdio_usb_descriptors.c.obj
 .rodata.usbd_desc_device
                0x0000000010008634       0x12 CMakeFiles/cuplight.dir/Users/chuey/pico/pico-sdk/src/rp2_common/pico_stdio_usb/stdio_usb_descriptors.c.obj
 *fill*         0x0000000010008646        0x2 
 .rodata.usbd_desc_str
                0x0000000010008648       0x18 CMakeFiles/cuplight.dir/Users/chuey/pico/pico-sdk/src/rp2_common/pico_stdio_usb/stdio_usb_descriptors.c.obj
 .rodata._hw_endpoint_alloc.str1.4
                0x0000000010008660       0xb5 CMakeFiles/cuplight.dir/Users/chuey/pico/pico-sdk/lib/tinyusb/src/portable/raspberrypi/rp2040/dcd_rp2040.c.obj
 *fill*         0x0000000010008715        0x3 
 .rodata._hw_endpoint_init.str1.4
                0x0000000010008718       0x28 CMakeFiles/cuplight.dir/Users/chuey/pico/pico-sdk/lib/tinyusb/src/portable/raspberrypi/rp2040/dcd_rp2040.c.obj
 .rodata.hw_handle_buff_status.str1.4
                0x0000000010008740        0xb CMakeFiles/cuplight.dir/Users/chuey/pico/pico-sdk/lib/tinyusb/src/portable/raspberrypi/rp2040/dcd_rp2040.c.obj
 *fill*         0x000000001000874b        0x1 
 .rodata.dcd_rp2040_irq.str1.4
                0x000000001000874c       0x14 CMakeFiles/cuplight.dir/Users/chuey/pico/pico-sdk/lib/tinyusb/src/portable/raspberrypi/rp2040/dcd_rp2040.c.obj
 .rodata._hw_endpoint_stall.str1.4
                0x0000000010008760        0xd CMakeFiles/cuplight.dir/Users/chuey/pico/pico-sdk/lib/tinyusb/src/portable/raspberrypi/rp2040/dcd_rp2040.c.obj
 *fill*         0x000000001000876d        0x3 
 .rodata.dcd_int_enable.str1.4
                0x0000000010008770        0xc CMakeFiles/cuplight.dir/Users/chuey/pico/pico-sdk/lib/tinyusb/src/portable/raspberrypi/rp2040/dcd_rp2040.c.obj
 .rodata.__func__.6869
                0x000000001000877c       0x13 CMakeFiles/cuplight.dir/Users/chuey/pico/pico-sdk/lib/tinyusb/src/portable/raspberrypi/rp2040/dcd_rp2040.c.obj
 *fill*         0x000000001000878f        0x1 
 .rodata.__func__.6900
                0x0000000010008790       0x16 CMakeFiles/cuplight.dir/Users/chuey/pico/pico-sdk/lib/tinyusb/src/portable/raspberrypi/rp2040/dcd_rp2040.c.obj
 *fill*         0x00000000100087a6        0x2 
 .rodata.__func__.6921
                0x00000000100087a8       0x13 CMakeFiles/cuplight.dir/Users/chuey/pico/pico-sdk/lib/tinyusb/src/portable/raspberrypi/rp2040/dcd_rp2040.c.obj
 *fill*         0x00000000100087bb        0x1 
 .rodata.__func__.6942
                0x00000000100087bc        0x9 CMakeFiles/cuplight.dir/Users/chuey/pico/pico-sdk/lib/tinyusb/src/portable/raspberrypi/rp2040/dcd_rp2040.c.obj
 *fill*         0x00000000100087c5        0x3 
 .rodata.__func__.6946
                0x00000000100087c8        0xf CMakeFiles/cuplight.dir/Users/chuey/pico/pico-sdk/lib/tinyusb/src/portable/raspberrypi/rp2040/dcd_rp2040.c.obj
 *fill*         0x00000000100087d7        0x1 
 .rodata.__func__.6955
                0x00000000100087d8       0x10 CMakeFiles/cuplight.dir/Users/chuey/pico/pico-sdk/lib/tinyusb/src/portable/raspberrypi/rp2040/dcd_rp2040.c.obj
 .rodata.__func__.6967
                0x00000000100087e8        0xc CMakeFiles/cuplight.dir/Users/chuey/pico/pico-sdk/lib/tinyusb/src/portable/raspberrypi/rp2040/dcd_rp2040.c.obj
 .rodata.__func__.6972
                0x00000000100087f4       0x1a CMakeFiles/cuplight.dir/Users/chuey/pico/pico-sdk/lib/tinyusb/src/portable/raspberrypi/rp2040/dcd_rp2040.c.obj
 *fill*         0x000000001000880e        0x2 
 .rodata.__func__.6977
                0x0000000010008810        0xe CMakeFiles/cuplight.dir/Users/chuey/pico/pico-sdk/lib/tinyusb/src/portable/raspberrypi/rp2040/dcd_rp2040.c.obj
 *fill*         0x000000001000881e        0x2 
 .rodata.__func__.6984
                0x0000000010008820        0xe CMakeFiles/cuplight.dir/Users/chuey/pico/pico-sdk/lib/tinyusb/src/portable/raspberrypi/rp2040/dcd_rp2040.c.obj
 *fill*         0x000000001000882e        0x2 
 .rodata.__func__.6989
                0x0000000010008830        0xf CMakeFiles/cuplight.dir/Users/chuey/pico/pico-sdk/lib/tinyusb/src/portable/raspberrypi/rp2040/dcd_rp2040.c.obj
 *fill*         0x000000001000883f        0x1 
 .rodata.__func__.6994
                0x0000000010008840       0x15 CMakeFiles/cuplight.dir/Users/chuey/pico/pico-sdk/lib/tinyusb/src/portable/raspberrypi/rp2040/dcd_rp2040.c.obj
 *fill*         0x0000000010008855        0x3 
 .rodata._hw_endpoint_buffer_control_update32.str1.4
                0x0000000010008858       0x1f CMakeFiles/cuplight.dir/Users/chuey/pico/pico-sdk/lib/tinyusb/src/portable/raspberrypi/rp2040/rp2040_usb.c.obj
 *fill*         0x0000000010008877        0x1 
 .rodata._hw_endpoint_xfer_sync.str1.4
                0x0000000010008878       0x91 CMakeFiles/cuplight.dir/Users/chuey/pico/pico-sdk/lib/tinyusb/src/portable/raspberrypi/rp2040/rp2040_usb.c.obj
 *fill*         0x0000000010008909        0x3 
 .rodata._hw_endpoint_xfer_continue.str1.4
                0x000000001000890c       0x50 CMakeFiles/cuplight.dir/Users/chuey/pico/pico-sdk/lib/tinyusb/src/portable/raspberrypi/rp2040/rp2040_usb.c.obj
 .rodata._hw_endpoint_xfer.str1.4
                0x000000001000895c        0xf CMakeFiles/cuplight.dir/Users/chuey/pico/pico-sdk/lib/tinyusb/src/portable/raspberrypi/rp2040/rp2040_usb.c.obj
 .rodata.str1.4
                0x000000001000896b        0xf CMakeFiles/cuplight.dir/Users/chuey/pico/pico-sdk/lib/tinyusb/src/portable/raspberrypi/rp2040/rp2040_usb.c.obj
                                          0x7 (size before relaxing)
 *fill*         0x000000001000896b        0x1 
 .rodata.__func__.6648
                0x000000001000896c       0x17 CMakeFiles/cuplight.dir/Users/chuey/pico/pico-sdk/lib/tinyusb/src/portable/raspberrypi/rp2040/rp2040_usb.c.obj
 *fill*         0x0000000010008983        0x1 
 .rodata.__func__.6659
                0x0000000010008984       0x12 CMakeFiles/cuplight.dir/Users/chuey/pico/pico-sdk/lib/tinyusb/src/portable/raspberrypi/rp2040/rp2040_usb.c.obj
 *fill*         0x0000000010008996        0x2 
 .rodata.process_set_config.str1.4
                0x0000000010008998       0x17 CMakeFiles/cuplight.dir/Users/chuey/pico/pico-sdk/lib/tinyusb/src/device/usbd.c.obj
 *fill*         0x00000000100089af        0x1 
 .rodata.process_get_descriptor
                0x00000000100089b0       0x40 CMakeFiles/cuplight.dir/Users/chuey/pico/pico-sdk/lib/tinyusb/src/device/usbd.c.obj
 .rodata.process_control_request
                0x00000000100089f0       0x28 CMakeFiles/cuplight.dir/Users/chuey/pico/pico-sdk/lib/tinyusb/src/device/usbd.c.obj
 .rodata.tud_task
                0x0000000010008a18       0x24 CMakeFiles/cuplight.dir/Users/chuey/pico/pico-sdk/lib/tinyusb/src/device/usbd.c.obj
 .rodata.__func__.6522
                0x0000000010008a3c       0x10 CMakeFiles/cuplight.dir/Users/chuey/pico/pico-sdk/lib/tinyusb/src/device/usbd.c.obj
 .rodata.__func__.7316
                0x0000000010008a4c        0x9 CMakeFiles/cuplight.dir/Users/chuey/pico/pico-sdk/lib/tinyusb/src/device/usbd.c.obj
 *fill*         0x0000000010008a55        0x3 
 .rodata.__func__.7337
                0x0000000010008a58       0x18 CMakeFiles/cuplight.dir/Users/chuey/pico/pico-sdk/lib/tinyusb/src/device/usbd.c.obj
 .rodata.__func__.7375
                0x0000000010008a70       0x13 CMakeFiles/cuplight.dir/Users/chuey/pico/pico-sdk/lib/tinyusb/src/device/usbd.c.obj
 *fill*         0x0000000010008a83        0x1 
 .rodata.__func__.7418
                0x0000000010008a84       0x17 CMakeFiles/cuplight.dir/Users/chuey/pico/pico-sdk/lib/tinyusb/src/device/usbd.c.obj
 *fill*         0x0000000010008a9b        0x1 
 .rodata.__func__.7472
                0x0000000010008a9c       0x14 CMakeFiles/cuplight.dir/Users/chuey/pico/pico-sdk/lib/tinyusb/src/device/usbd.c.obj
 .rodata.__func__.7488
                0x0000000010008ab0        0xf CMakeFiles/cuplight.dir/Users/chuey/pico/pico-sdk/lib/tinyusb/src/device/usbd.c.obj
 *fill*         0x0000000010008abf        0x1 
 .rodata.__func__.7516
                0x0000000010008ac0        0xf CMakeFiles/cuplight.dir/Users/chuey/pico/pico-sdk/lib/tinyusb/src/device/usbd.c.obj
 *fill*         0x0000000010008acf        0x1 
 .rodata._usbd_driver
                0x0000000010008ad0       0x18 CMakeFiles/cuplight.dir/Users/chuey/pico/pico-sdk/lib/tinyusb/src/device/usbd.c.obj
 .rodata.tud_control_xfer.str1.4
                0x0000000010008ae8       0x17 CMakeFiles/cuplight.dir/Users/chuey/pico/pico-sdk/lib/tinyusb/src/device/usbd_control.c.obj
 .rodata.__func__.7229
                0x0000000010008ae8       0x11 CMakeFiles/cuplight.dir/Users/chuey/pico/pico-sdk/lib/tinyusb/src/device/usbd_control.c.obj
 *fill*         0x0000000010008af9        0x3 
 .rodata.__func__.7256
                0x0000000010008afc       0x15 CMakeFiles/cuplight.dir/Users/chuey/pico/pico-sdk/lib/tinyusb/src/device/usbd_control.c.obj
 .rodata.tud_cdc_n_write_flush.str1.4
                0x0000000010008b11       0x17 CMakeFiles/cuplight.dir/Users/chuey/pico/pico-sdk/lib/tinyusb/src/class/cdc/cdc_device.c.obj
 *fill*         0x0000000010008b11        0x3 
 .rodata.__func__.7167
                0x0000000010008b14       0x16 CMakeFiles/cuplight.dir/Users/chuey/pico/pico-sdk/lib/tinyusb/src/class/cdc/cdc_device.c.obj
 *fill*         0x0000000010008b2a        0x2 
 .rodata.__func__.7200
                0x0000000010008b2c        0xa CMakeFiles/cuplight.dir/Users/chuey/pico/pico-sdk/lib/tinyusb/src/class/cdc/cdc_device.c.obj
 *fill*         0x0000000010008b36        0x2 
 .rodata.__func__.7234
                0x0000000010008b38        0xd CMakeFiles/cuplight.dir/Users/chuey/pico/pico-sdk/lib/tinyusb/src/class/cdc/cdc_device.c.obj
 .rodata.tusb_init.str1.4
                0x0000000010008b45       0x17 CMakeFiles/cuplight.dir/Users/chuey/pico/pico-sdk/lib/tinyusb/src/tusb.c.obj
 *fill*         0x0000000010008b45        0x3 
 .rodata.__func__.7104
                0x0000000010008b48        0xa CMakeFiles/cuplight.dir/Users/chuey/pico/pico-sdk/lib/tinyusb/src/tusb.c.obj
 *fill*         0x0000000010008b52        0x2 
 .rodata.pico_get_unique_board_id_string.str1.4
                0x0000000010008b54       0x4d CMakeFiles/cuplight.dir/Users/chuey/pico/pico-sdk/src/rp2_common/pico_unique_id/unique_id.c.obj
 *fill*         0x0000000010008ba1        0x3 
 .rodata.__func__.4289
                0x0000000010008ba4       0x20 CMakeFiles/cuplight.dir/Users/chuey/pico/pico-sdk/src/rp2_common/pico_unique_id/unique_id.c.obj
 .rodata.str1.4
                0x0000000010008bc4      0x15a CMakeFiles/cuplight.dir/Users/chuey/pico/pico-sdk/src/rp2_common/hardware_flash/flash.c.obj
 *fill*         0x0000000010008d1e        0x2 
 .rodata.__func__.4430
                0x0000000010008d20        0xd CMakeFiles/cuplight.dir/Users/chuey/pico/pico-sdk/src/rp2_common/hardware_flash/flash.c.obj
 *fill*         0x0000000010008d2d        0x3 
 .rodata._go_dormant.str1.4
                0x0000000010008d30       0x68 CMakeFiles/cuplight.dir/Users/chuey/pico/pico-extras/src/rp2_common/pico_sleep/sleep.c.obj
 .rodata.sleep_run_from_dormant_source.str1.4
                0x0000000010008d98       0x25 CMakeFiles/cuplight.dir/Users/chuey/pico/pico-extras/src/rp2_common/pico_sleep/sleep.c.obj
 *fill*         0x0000000010008dbd        0x3 
 .rodata.sleep_goto_dormant_until_pin.str1.4
                0x0000000010008dc0       0x1b CMakeFiles/cuplight.dir/Users/chuey/pico/pico-extras/src/rp2_common/pico_sleep/sleep.c.obj
 *fill*         0x0000000010008ddb        0x1 
 .rodata.__func__.5182
                0x0000000010008ddc       0x1e CMakeFiles/cuplight.dir/Users/chuey/pico/pico-extras/src/rp2_common/pico_sleep/sleep.c.obj
 *fill*         0x0000000010008dfa        0x2 
 .rodata.__func__.5195
                0x0000000010008dfc        0xc CMakeFiles/cuplight.dir/Users/chuey/pico/pico-extras/src/rp2_common/pico_sleep/sleep.c.obj
 .rodata.__func__.5203
                0x0000000010008e08       0x1d CMakeFiles/cuplight.dir/Users/chuey/pico/pico-extras/src/rp2_common/pico_sleep/sleep.c.obj
 *fill*         0x0000000010008e25        0x3 
 .rodata.rosc_set_div.str1.4
                0x0000000010008e28       0xc3 CMakeFiles/cuplight.dir/Users/chuey/pico/pico-extras/src/rp2_common/hardware_rosc/rosc.c.obj
 *fill*         0x0000000010008eeb        0x1 
 .rodata.__func__.4400
                0x0000000010008eec        0xb CMakeFiles/cuplight.dir/Users/chuey/pico/pico-extras/src/rp2_common/hardware_rosc/rosc.c.obj
                0x0000000010008ef8                . = ALIGN (0x4)
 *fill*         0x0000000010008ef7        0x1 
 *(SORT_BY_ALIGNMENT(SORT_BY_NAME(.flashdata*)))
                0x0000000010008ef8                . = ALIGN (0x4)

.rel.dyn        0x0000000010008ef8        0x0
 .rel.iplt      0x0000000010008ef8        0x0 /usr/local/Cellar/gcc-arm-none-eabi/20200630/bin/../lib/gcc/arm-none-eabi/9.3.1/thumb/v6-m/nofp/crtbegin.o

.ARM.extab
 *(.ARM.extab* .gnu.linkonce.armextab.*)
                0x0000000010008ef8                __exidx_start = .

.ARM.exidx