Archive member included to satisfy reference by file (symbol)

/usr/local/Cellar/gcc-arm-none-eabi/20200630/bin/../lib/gcc/arm-none-eabi/9.3.1/thumb/v6-m/nofp/libgcc.a(_dvmd_tls.o)
                              CMakeFiles/cuplight.dir/Users/chuey/pico/pico-sdk/src/rp2_common/pico_divider/divider.S.obj (__aeabi_idiv0)
/usr/local/Cellar/gcc-arm-none-eabi/20200630/bin/../lib/gcc/arm-none-eabi/9.3.1/../../../../arm-none-eabi/lib/thumb/v6-m/nofp/libg.a(lib_a-calloc.o)
                              CMakeFiles/cuplight.dir/Users/chuey/pico/pico-sdk/src/rp2_common/pico_malloc/pico_malloc.c.obj (calloc)
/usr/local/Cellar/gcc-arm-none-eabi/20200630/bin/../lib/gcc/arm-none-eabi/9.3.1/../../../../arm-none-eabi/lib/thumb/v6-m/nofp/libg.a(lib_a-callocr.o)
                              /usr/local/Cellar/gcc-arm-none-eabi/20200630/bin/../lib/gcc/arm-none-eabi/9.3.1/../../../../arm-none-eabi/lib/thumb/v6-m/nofp/libg.a(lib_a-calloc.o) (_calloc_r)
/usr/local/Cellar/gcc-arm-none-eabi/20200630/bin/../lib/gcc/arm-none-eabi/9.3.1/../../../../arm-none-eabi/lib/thumb/v6-m/nofp/libg.a(lib_a-ctype_.o)
                              CMakeFiles/cuplight.dir/Users/chuey/pico/pico-sdk/lib/tinyusb/src/tusb.c.obj (_ctype_)
/usr/local/Cellar/gcc-arm-none-eabi/20200630/bin/../lib/gcc/arm-none-eabi/9.3.1/../../../../arm-none-eabi/lib/thumb/v6-m/nofp/libg.a(lib_a-impure.o)
                              /usr/local/Cellar/gcc-arm-none-eabi/20200630/bin/../lib/gcc/arm-none-eabi/9.3.1/../../../../arm-none-eabi/lib/thumb/v6-m/nofp/libg.a(lib_a-calloc.o) (_impure_ptr)
/usr/local/Cellar/gcc-arm-none-eabi/20200630/bin/../lib/gcc/arm-none-eabi/9.3.1/../../../../arm-none-eabi/lib/thumb/v6-m/nofp/libg.a(lib_a-init.o)
                              /usr/local/Cellar/gcc-arm-none-eabi/20200630/bin/../lib/gcc/arm-none-eabi/9.3.1/../../../../arm-none-eabi/lib/thumb/v6-m/nofp/crt0.o (__libc_init_array)
/usr/local/Cellar/gcc-arm-none-eabi/20200630/bin/../lib/gcc/arm-none-eabi/9.3.1/../../../../arm-none-eabi/lib/thumb/v6-m/nofp/libg.a(lib_a-malloc.o)
                              CMakeFiles/cuplight.dir/Users/chuey/pico/pico-sdk/src/rp2_common/pico_malloc/pico_malloc.c.obj (malloc)
/usr/local/Cellar/gcc-arm-none-eabi/20200630/bin/../lib/gcc/arm-none-eabi/9.3.1/../../../../arm-none-eabi/lib/thumb/v6-m/nofp/libg.a(lib_a-mallocr.o)
                              /usr/local/Cellar/gcc-arm-none-eabi/20200630/bin/../lib/gcc/arm-none-eabi/9.3.1/../../../../arm-none-eabi/lib/thumb/v6-m/nofp/libg.a(lib_a-callocr.o) (_malloc_r)
/usr/local/Cellar/gcc-arm-none-eabi/20200630/bin/../lib/gcc/arm-none-eabi/9.3.1/../../../../arm-none-eabi/lib/thumb/v6-m/nofp/libg.a(lib_a-mlock.o)
                              /usr/local/Cellar/gcc-arm-none-eabi/20200630/bin/../lib/gcc/arm-none-eabi/9.3.1/../../../../arm-none-eabi/lib/thumb/v6-m/nofp/libg.a(lib_a-mallocr.o) (__malloc_lock)
/usr/local/Cellar/gcc-arm-none-eabi/20200630/bin/../lib/gcc/arm-none-eabi/9.3.1/../../../../arm-none-eabi/lib/thumb/v6-m/nofp/libg.a(lib_a-sbrkr.o)
                              /usr/local/Cellar/gcc-arm-none-eabi/20200630/bin/../lib/gcc/arm-none-eabi/9.3.1/../../../../arm-none-eabi/lib/thumb/v6-m/nofp/libg.a(lib_a-mallocr.o) (_sbrk_r)
/usr/local/Cellar/gcc-arm-none-eabi/20200630/bin/../lib/gcc/arm-none-eabi/9.3.1/../../../../arm-none-eabi/lib/thumb/v6-m/nofp/libg.a(lib_a-strlen-stub.o)
                              CMakeFiles/cuplight.dir/Users/chuey/pico/pico-sdk/src/rp2_common/pico_stdio/stdio.c.obj (strlen)
/usr/local/Cellar/gcc-arm-none-eabi/20200630/bin/../lib/gcc/arm-none-eabi/9.3.1/../../../../arm-none-eabi/lib/thumb/v6-m/nofp/libg.a(lib_a-freer.o)
                              /usr/local/Cellar/gcc-arm-none-eabi/20200630/bin/../lib/gcc/arm-none-eabi/9.3.1/../../../../arm-none-eabi/lib/thumb/v6-m/nofp/libg.a(lib_a-malloc.o) (_free_r)
/usr/local/Cellar/gcc-arm-none-eabi/20200630/bin/../lib/gcc/arm-none-eabi/9.3.1/../../../../arm-none-eabi/lib/thumb/v6-m/nofp/libg.a(lib_a-lock.o)
                              /usr/local/Cellar/gcc-arm-none-eabi/20200630/bin/../lib/gcc/arm-none-eabi/9.3.1/../../../../arm-none-eabi/lib/thumb/v6-m/nofp/libg.a(lib_a-mlock.o) (__retarget_lock_acquire_recursive)
/usr/local/Cellar/gcc-arm-none-eabi/20200630/bin/../lib/gcc/arm-none-eabi/9.3.1/../../../../arm-none-eabi/lib/thumb/v6-m/nofp/libg.a(lib_a-reent.o)
                              /usr/local/Cellar/gcc-arm-none-eabi/20200630/bin/../lib/gcc/arm-none-eabi/9.3.1/../../../../arm-none-eabi/lib/thumb/v6-m/nofp/libg.a(lib_a-sbrkr.o) (errno)

Allocating common symbols
Common symbol       size              file

__lock___atexit_recursive_mutex
                    0x1               /usr/local/Cellar/gcc-arm-none-eabi/20200630/bin/../lib/gcc/arm-none-eabi/9.3.1/../../../../arm-none-eabi/lib/thumb/v6-m/nofp/libg.a(lib_a-lock.o)
sf_table            0x100             CMakeFiles/cuplight.dir/Users/chuey/pico/pico-sdk/src/rp2_common/pico_float/float_init_rom.c.obj
__lock___arc4random_mutex
[...]
Memory Configuration

Name             Origin             Length             Attributes
FLASH            0x0000000010000000 0x0000000000200000 xr
RAM              0x0000000020000000 0x0000000000040000 xrw
SCRATCH_X        0x0000000020040000 0x0000000000001000 xrw
SCRATCH_Y        0x0000000020041000 0x0000000000001000 xrw
*default*        0x0000000000000000 0xffffffffffffffff

Linker script and memory map

LOAD /usr/local/Cellar/gcc-arm-none-eabi/20200630/bin/../lib/gcc/arm-none-eabi/9.3.1/thumb/v6-m/nofp/crti.o
LOAD /usr/local/Cellar/gcc-arm-none-eabi/20200630/bin/../lib/gcc/arm-none-eabi/9.3.1/thumb/v6-m/nofp/crtbegin.o
LOAD /usr/local/Cellar/gcc-arm-none-eabi/20200630/bin/../lib/gcc/arm-none-eabi/9.3.1/../../../../arm-none-eabi/lib/thumb/v6-m/nofp/crt0.o

.flash_begin    0x0000000010000000        0x0
                0x0000000010000000                __flash_binary_start = .

.boot2          0x0000000010000000      0x100
                0x0000000010000000                __boot2_start__ = .
 *(.boot2)
 .boot2         0x0000000010000000      0x100 /var/folders/qs/d8c5s_756tz8pgkszdmv9jd80000gn/T//cc1mZjik.o
                0x0000000010000100                __boot2_end__ = .
                0x0000000000000001                ASSERT (((__boot2_end__ - __boot2_start__) == 0x100), ERROR: Pico second stage bootloader must be 256 bytes in size)

.text           0x0000000010000100     0x74f0
                0x0000000010000100                __logical_binary_start = .
 *(.vectors)
 .vectors       0x0000000010000100       0xd4 CMakeFiles/cuplight.dir/Users/chuey/pico/pico-sdk/src/rp2_common/pico_standard_link/crt0.S.obj
                0x0000000010000100                __VECTOR_TABLE
                0x0000000010000100                __vectors
                0x00000000100001c0                __default_isrs_start
                0x00000000100001c0                isr_invalid
                0x00000000100001c2                isr_nmi
                0x00000000100001c4                isr_hardfault
                0x00000000100001c6                isr_svcall
                0x00000000100001c8                isr_pendsv
                0x00000000100001ca                isr_systick
                0x00000000100001cc                isr_irq28
                0x00000000100001cc                isr_irq19
                0x00000000100001cc                isr_irq0
                0x00000000100001cc                isr_irq6
                0x00000000100001cc                isr_irq22
                0x00000000100001cc                isr_irq17
                0x00000000100001cc                isr_irq14
                0x00000000100001cc                isr_irq2
                0x00000000100001cc                isr_irq10
                0x00000000100001cc                isr_irq8
                0x00000000100001cc                isr_irq24
                0x00000000100001cc                isr_irq1
                0x00000000100001cc                isr_irq7
                0x00000000100001cc                isr_irq21
                0x00000000100001cc                isr_irq20
                0x00000000100001cc                isr_irq15
                0x00000000100001cc                isr_irq25
                0x00000000100001cc                isr_irq4
                0x00000000100001cc                isr_irq16
                0x00000000100001cc                isr_irq29
                0x00000000100001cc                isr_irq26
                0x00000000100001cc                __default_isrs_end
                0x00000000100001cc                isr_irq3
                0x00000000100001cc                isr_irq9
                0x00000000100001cc                __unhandled_user_irq
                0x00000000100001cc                isr_irq13
                0x00000000100001cc                isr_irq27
                0x00000000100001cc                isr_irq31
                0x00000000100001cc                isr_irq5
                0x00000000100001cc                isr_irq11
                0x00000000100001cc                isr_irq23
                0x00000000100001cc                isr_irq18
                0x00000000100001cc                isr_irq30
                0x00000000100001cc                isr_irq12
                0x00000000100001d2                unhandled_user_irq_num_in_r0
 *(.binary_info_header)
 .binary_info_header
                0x00000000100001d4       0x14 CMakeFiles/cuplight.dir/Users/chuey/pico/pico-sdk/src/rp2_common/pico_standard_link/crt0.S.obj
                0x00000000100001e8                __binary_info_header_end = .
 *(.reset)
 .reset         0x00000000100001e8       0xa8 CMakeFiles/cuplight.dir/Users/chuey/pico/pico-sdk/src/rp2_common/pico_standard_link/crt0.S.obj
                0x00000000100001e8                _entry_point
                0x0000000010000266                __get_current_exception
 .reset         0x0000000010000290       0x30 CMakeFiles/cuplight.dir/Users/chuey/pico/pico-sdk/src/rp2_common/pico_standard_link/binary_info.c.obj
 *(.init)
 .init          0x00000000100002c0        0x4 /usr/local/Cellar/gcc-arm-none-eabi/20200630/bin/../lib/gcc/arm-none-eabi/9.3.1/thumb/v6-m/nofp/crti.o
                0x00000000100002c0                _init
 *(EXCLUDE_FILE(*libm.a: *libc.a:*lib_a-mem*.o *libgcc.a:) .text*)
 .text          0x00000000100002c4       0x48 /usr/local/Cellar/gcc-arm-none-eabi/20200630/bin/../lib/gcc/arm-none-eabi/9.3.1/thumb/v6-m/nofp/crtbegin.o
 .text.main     0x000000001000030c      0x144 CMakeFiles/cuplight.dir/cuplight.c.obj
                0x000000001000030c                main
 .text.setup_default_uart
                0x0000000010000450       0x2c CMakeFiles/cuplight.dir/Users/chuey/pico/pico-sdk/src/rp2_common/pico_stdlib/stdlib.c.obj
                0x0000000010000450                setup_default_uart
 .text.gpio_set_function
                0x000000001000047c       0x30 CMakeFiles/cuplight.dir/Users/chuey/pico/pico-sdk/src/rp2_common/hardware_gpio/gpio.c.obj
                0x000000001000047c                gpio_set_function
 .text.gpio_set_pulls
                0x00000000100004ac       0x34 CMakeFiles/cuplight.dir/Users/chuey/pico/pico-sdk/src/rp2_common/hardware_gpio/gpio.c.obj
                0x00000000100004ac                gpio_set_pulls
 .text.gpio_acknowledge_irq
                0x00000000100004e0       0x18 CMakeFiles/cuplight.dir/Users/chuey/pico/pico-sdk/src/rp2_common/hardware_gpio/gpio.c.obj
                0x00000000100004e0                gpio_acknowledge_irq
 .text._gpio_set_irq_enabled
                0x00000000100004f8       0x34 CMakeFiles/cuplight.dir/Users/chuey/pico/pico-sdk/src/rp2_common/hardware_gpio/gpio.c.obj
 .text.gpio_set_dormant_irq_enabled
                0x000000001000052c       0x10 CMakeFiles/cuplight.dir/Users/chuey/pico/pico-sdk/src/rp2_common/hardware_gpio/gpio.c.obj
                0x000000001000052c                gpio_set_dormant_irq_enabled
 .text.gpio_set_input_enabled
                0x000000001000053c       0x30 CMakeFiles/cuplight.dir/Users/chuey/pico/pico-sdk/src/rp2_common/hardware_gpio/gpio.c.obj
                0x000000001000053c                gpio_set_input_enabled
 .text.gpio_init
                0x000000001000056c       0x16 CMakeFiles/cuplight.dir/Users/chuey/pico/pico-sdk/src/rp2_common/hardware_gpio/gpio.c.obj
                0x000000001000056c                gpio_init
 *fill*         0x0000000010000582        0x2 
 .text.hw_claim_lock
                0x0000000010000584       0x18 CMakeFiles/cuplight.dir/Users/chuey/pico/pico-sdk/src/rp2_common/hardware_claim/claim.c.obj
                0x0000000010000584                hw_claim_lock
 .text.hw_claim_unlock
                0x000000001000059c       0x14 CMakeFiles/cuplight.dir/Users/chuey/pico/pico-sdk/src/rp2_common/hardware_claim/claim.c.obj
                0x000000001000059c                hw_claim_unlock
 .text.hw_claim_or_assert
                0x00000000100005b0       0x32 CMakeFiles/cuplight.dir/Users/chuey/pico/pico-sdk/src/rp2_common/hardware_claim/claim.c.obj
                0x00000000100005b0                hw_claim_or_assert
 .text.hw_claim_unused_from_range
                0x00000000100005e2       0x50 CMakeFiles/cuplight.dir/Users/chuey/pico/pico-sdk/src/rp2_common/hardware_claim/claim.c.obj
                0x00000000100005e2                hw_claim_unused_from_range
 *fill*         0x0000000010000632        0x2 
 .text.running_on_fpga
                0x0000000010000634       0x14 CMakeFiles/cuplight.dir/Users/chuey/pico/pico-sdk/src/rp2_common/pico_platform/platform.c.obj
                0x0000000010000634                running_on_fpga
 .text.spin_locks_reset
                0x0000000010000648       0x20 CMakeFiles/cuplight.dir/Users/chuey/pico/pico-sdk/src/rp2_common/hardware_sync/sync.c.obj
                0x0000000010000648                spin_locks_reset
 .text.next_striped_spin_lock_num
                0x0000000010000668       0x1c CMakeFiles/cuplight.dir/Users/chuey/pico/pico-sdk/src/rp2_common/hardware_sync/sync.c.obj
                0x0000000010000668                next_striped_spin_lock_num
 .text.spin_lock_claim_unused
                0x0000000010000684       0x20 CMakeFiles/cuplight.dir/Users/chuey/pico/pico-sdk/src/rp2_common/hardware_sync/sync.c.obj
                0x0000000010000684                spin_lock_claim_unused
 .text.uart_set_baudrate
                0x00000000100006a4       0x5c CMakeFiles/cuplight.dir/Users/chuey/pico/pico-sdk/src/rp2_common/hardware_uart/uart.c.obj
                0x00000000100006a4                uart_set_baudrate
 .text.uart_set_translate_crlf
                0x0000000010000700       0x28 CMakeFiles/cuplight.dir/Users/chuey/pico/pico-sdk/src/rp2_common/hardware_uart/uart.c.obj
                0x0000000010000700                uart_set_translate_crlf
 .text.uart_init
                0x0000000010000728       0x80 CMakeFiles/cuplight.dir/Users/chuey/pico/pico-sdk/src/rp2_common/hardware_uart/uart.c.obj
                0x0000000010000728                uart_init
 .text.alarm_pool_post_alloc_init
                0x00000000100007a8       0x40 CMakeFiles/cuplight.dir/Users/chuey/pico/pico-sdk/src/common/pico_time/time.c.obj
 .text.sleep_until_callback
                0x00000000100007e8       0x30 CMakeFiles/cuplight.dir/Users/chuey/pico/pico-sdk/src/common/pico_time/time.c.obj
 .text.timer_pool_entry_comparator
                0x0000000010000818       0x7c CMakeFiles/cuplight.dir/Users/chuey/pico/pico-sdk/src/common/pico_time/time.c.obj
                0x0000000010000818                timer_pool_entry_comparator
 .text.ph_add_child_node
                0x0000000010000894       0xa4 CMakeFiles/cuplight.dir/Users/chuey/pico/pico-sdk/src/common/pico_time/time.c.obj
 .text.ph_merge_nodes
                0x0000000010000938       0x3e CMakeFiles/cuplight.dir/Users/chuey/pico/pico-sdk/src/common/pico_time/time.c.obj
 *fill*         0x0000000010000976        0x2 
 .text.add_alarm_under_lock
                0x0000000010000978      0x174 CMakeFiles/cuplight.dir/Users/chuey/pico/pico-sdk/src/common/pico_time/time.c.obj
 .text.alarm_pool_alarm_callback
                0x0000000010000aec      0x32c CMakeFiles/cuplight.dir/Users/chuey/pico/pico-sdk/src/common/pico_time/time.c.obj
 .text.alarm_pool_init_default
                0x0000000010000e18       0x38 CMakeFiles/cuplight.dir/Users/chuey/pico/pico-sdk/src/common/pico_time/time.c.obj
                0x0000000010000e18                alarm_pool_init_default
 .text.alarm_pool_get_default
                0x0000000010000e50       0x2c CMakeFiles/cuplight.dir/Users/chuey/pico/pico-sdk/src/common/pico_time/time.c.obj
                0x0000000010000e50                alarm_pool_get_default
 .text.alarm_pool_add_alarm_at
                0x0000000010000e7c      0x170 CMakeFiles/cuplight.dir/Users/chuey/pico/pico-sdk/src/common/pico_time/time.c.obj
                0x0000000010000e7c                alarm_pool_add_alarm_at
 .text.alarm_pool_cancel_alarm
                0x0000000010000fec       0xec CMakeFiles/cuplight.dir/Users/chuey/pico/pico-sdk/src/common/pico_time/time.c.obj
                0x0000000010000fec                alarm_pool_cancel_alarm
 .text.sleep_until
                0x00000000100010d8       0xfc CMakeFiles/cuplight.dir/Users/chuey/pico/pico-sdk/src/common/pico_time/time.c.obj
                0x00000000100010d8                sleep_until
 .text.sleep_us
                0x00000000100011d4       0x58 CMakeFiles/cuplight.dir/Users/chuey/pico/pico-sdk/src/common/pico_time/time.c.obj
                0x00000000100011d4                sleep_us
 .text.sleep_ms
                0x000000001000122c       0x14 CMakeFiles/cuplight.dir/Users/chuey/pico/pico-sdk/src/common/pico_time/time.c.obj
                0x000000001000122c                sleep_ms
 .text.best_effort_wfe_or_timeout
                0x0000000010001240       0x80 CMakeFiles/cuplight.dir/Users/chuey/pico/pico-sdk/src/common/pico_time/time.c.obj
                0x0000000010001240                best_effort_wfe_or_timeout
 .text.hardware_alarm_irq_handler
                0x00000000100012c0       0x8c CMakeFiles/cuplight.dir/Users/chuey/pico/pico-sdk/src/rp2_common/hardware_timer/timer.c.obj
 .text.hardware_alarm_claim
                0x000000001000134c       0x18 CMakeFiles/cuplight.dir/Users/chuey/pico/pico-sdk/src/rp2_common/hardware_timer/timer.c.obj
                0x000000001000134c                hardware_alarm_claim
 .text.time_us_64
                0x0000000010001364       0x18 CMakeFiles/cuplight.dir/Users/chuey/pico/pico-sdk/src/rp2_common/hardware_timer/timer.c.obj
                0x0000000010001364                time_us_64
 .text.busy_wait_until
                0x000000001000137c       0x24 CMakeFiles/cuplight.dir/Users/chuey/pico/pico-sdk/src/rp2_common/hardware_timer/timer.c.obj
                0x000000001000137c                busy_wait_until
 .text.hardware_alarm_set_callback
                0x00000000100013a0       0x90 CMakeFiles/cuplight.dir/Users/chuey/pico/pico-sdk/src/rp2_common/hardware_timer/timer.c.obj
                0x00000000100013a0                hardware_alarm_set_callback
 .text.hardware_alarm_set_target
                0x0000000010001430       0xe8 CMakeFiles/cuplight.dir/Users/chuey/pico/pico-sdk/src/rp2_common/hardware_timer/timer.c.obj
                0x0000000010001430                hardware_alarm_set_target
 .text.hardware_alarm_cancel
                0x0000000010001518       0x40 CMakeFiles/cuplight.dir/Users/chuey/pico/pico-sdk/src/rp2_common/hardware_timer/timer.c.obj
                0x0000000010001518                hardware_alarm_cancel
 .text.lock_init
                0x0000000010001558       0x10 CMakeFiles/cuplight.dir/Users/chuey/pico/pico-sdk/src/common/pico_sync/lock_core.c.obj
                0x0000000010001558                lock_init
 .text.mutex_init_internal
                0x0000000010001568       0x1e CMakeFiles/cuplight.dir/Users/chuey/pico/pico-sdk/src/common/pico_sync/mutex.c.obj
 .text.mutex_init
                0x0000000010001586        0xa CMakeFiles/cuplight.dir/Users/chuey/pico/pico-sdk/src/common/pico_sync/mutex.c.obj
                0x0000000010001586                mutex_init
 .text.recursive_mutex_init
                0x0000000010001590        0xa CMakeFiles/cuplight.dir/Users/chuey/pico/pico-sdk/src/common/pico_sync/mutex.c.obj
                0x0000000010001590                recursive_mutex_init
 *fill*         0x000000001000159a        0x2 
 .text.critical_section_init_with_lock_num
                0x000000001000159c       0x14 CMakeFiles/cuplight.dir/Users/chuey/pico/pico-sdk/src/common/pico_sync/critical_section.c.obj
                0x000000001000159c                critical_section_init_with_lock_num
 .text.critical_section_init
                0x00000000100015b0       0x14 CMakeFiles/cuplight.dir/Users/chuey/pico/pico-sdk/src/common/pico_sync/critical_section.c.obj
                0x00000000100015b0                critical_section_init
 .text.ph_add_child_node
                0x00000000100015c4       0xa4 CMakeFiles/cuplight.dir/Users/chuey/pico/pico-sdk/src/common/pico_util/pheap.c.obj
 .text.ph_merge_nodes
                0x0000000010001668       0x3e CMakeFiles/cuplight.dir/Users/chuey/pico/pico-sdk/src/common/pico_util/pheap.c.obj
 *fill*         0x00000000100016a6        0x2 
 .text.ph_clear
                0x00000000100016a8       0x70 CMakeFiles/cuplight.dir/Users/chuey/pico/pico-sdk/src/common/pico_util/pheap.c.obj
                0x00000000100016a8                ph_clear
 .text.ph_post_alloc_init
                0x0000000010001718        0xe CMakeFiles/cuplight.dir/Users/chuey/pico/pico-sdk/src/common/pico_util/pheap.c.obj
                0x0000000010001718                ph_post_alloc_init
 *fill*         0x0000000010001726        0x2 
 .text.ph_merge_two_pass
                0x0000000010001728       0xa8 CMakeFiles/cuplight.dir/Users/chuey/pico/pico-sdk/src/common/pico_util/pheap.c.obj
                0x0000000010001728                ph_merge_two_pass
 .text.ph_remove_any_head
                0x00000000100017d0      0x108 CMakeFiles/cuplight.dir/Users/chuey/pico/pico-sdk/src/common/pico_util/pheap.c.obj
 .text.ph_remove_head
                0x00000000100018d8       0x14 CMakeFiles/cuplight.dir/Users/chuey/pico/pico-sdk/src/common/pico_util/pheap.c.obj
                0x00000000100018d8                ph_remove_head
 .text.ph_remove_and_free_node
                0x00000000100018ec       0xf8 CMakeFiles/cuplight.dir/Users/chuey/pico/pico-sdk/src/common/pico_util/pheap.c.obj
                0x00000000100018ec                ph_remove_and_free_node
 .text.runtime_init
                0x00000000100019e4       0xd8 CMakeFiles/cuplight.dir/Users/chuey/pico/pico-sdk/src/rp2_common/pico_runtime/runtime.c.obj
                0x00000000100019e4                runtime_init
 .text._exit    0x0000000010001abc        0x4 CMakeFiles/cuplight.dir/Users/chuey/pico/pico-sdk/src/rp2_common/pico_runtime/runtime.c.obj
                0x0000000010001abc                _exit
 .text.exit     0x0000000010001ac0        0x6 CMakeFiles/cuplight.dir/Users/chuey/pico/pico-sdk/src/rp2_common/pico_runtime/runtime.c.obj
                0x0000000010001ac0                exit
 *fill*         0x0000000010001ac6        0x2 
 .text.__assert_func
                0x0000000010001ac8       0x3c CMakeFiles/cuplight.dir/Users/chuey/pico/pico-sdk/src/rp2_common/pico_runtime/runtime.c.obj
                0x0000000010001ac8                __assert_func
 .text.panic    0x0000000010001b04       0x30 CMakeFiles/cuplight.dir/Users/chuey/pico/pico-sdk/src/rp2_common/pico_runtime/runtime.c.obj
                0x0000000010001b04                panic
 .text.clock_stop
                0x0000000010001b34       0x2c CMakeFiles/cuplight.dir/Users/chuey/pico/pico-sdk/src/rp2_common/hardware_clocks/clocks.c.obj
                0x0000000010001b34                clock_stop
 .text.clock_configure
                0x0000000010001b60      0x104 CMakeFiles/cuplight.dir/Users/chuey/pico/pico-sdk/src/rp2_common/hardware_clocks/clocks.c.obj
                0x0000000010001b60                clock_configure
 .text.clocks_init
                0x0000000010001c64      0x100 CMakeFiles/cuplight.dir/Users/chuey/pico/pico-sdk/src/rp2_common/hardware_clocks/clocks.c.obj
                0x0000000010001c64                clocks_init
 .text.clock_get_hz
                0x0000000010001d64        0xc CMakeFiles/cuplight.dir/Users/chuey/pico/pico-sdk/src/rp2_common/hardware_clocks/clocks.c.obj
                0x0000000010001d64                clock_get_hz
 .text.set_raw_irq_handler_and_unlock
                0x0000000010001d70       0x28 CMakeFiles/cuplight.dir/Users/chuey/pico/pico-sdk/src/rp2_common/hardware_irq/irq.c.obj
 .text.make_branch
                0x0000000010001d98       0x34 CMakeFiles/cuplight.dir/Users/chuey/pico/pico-sdk/src/rp2_common/hardware_irq/irq.c.obj
 .text.insert_branch_and_link
                0x0000000010001dcc       0x40 CMakeFiles/cuplight.dir/Users/chuey/pico/pico-sdk/src/rp2_common/hardware_irq/irq.c.obj
 .text.irq_is_enabled
                0x0000000010001e0c       0x18 CMakeFiles/cuplight.dir/Users/chuey/pico/pico-sdk/src/rp2_common/hardware_irq/irq.c.obj
                0x0000000010001e0c                irq_is_enabled
 .text.irq_set_mask_enabled
                0x0000000010001e24       0x20 CMakeFiles/cuplight.dir/Users/chuey/pico/pico-sdk/src/rp2_common/hardware_irq/irq.c.obj
                0x0000000010001e24                irq_set_mask_enabled
 .text.irq_set_enabled
                0x0000000010001e44        0xe CMakeFiles/cuplight.dir/Users/chuey/pico/pico-sdk/src/rp2_common/hardware_irq/irq.c.obj
                0x0000000010001e44                irq_set_enabled
 *fill*         0x0000000010001e52        0x2 
 .text.irq_set_pending
                0x0000000010001e54       0x10 CMakeFiles/cuplight.dir/Users/chuey/pico/pico-sdk/src/rp2_common/hardware_irq/irq.c.obj
                0x0000000010001e54                irq_set_pending
 .text.irq_get_vtable_handler
                0x0000000010001e64       0x10 CMakeFiles/cuplight.dir/Users/chuey/pico/pico-sdk/src/rp2_common/hardware_irq/irq.c.obj
                0x0000000010001e64                irq_get_vtable_handler
 .text.irq_set_exclusive_handler
                0x0000000010001e74       0x54 CMakeFiles/cuplight.dir/Users/chuey/pico/pico-sdk/src/rp2_common/hardware_irq/irq.c.obj
                0x0000000010001e74                irq_set_exclusive_handler
 .text.irq_remove_handler
                0x0000000010001ec8      0x1ac CMakeFiles/cuplight.dir/Users/chuey/pico/pico-sdk/src/rp2_common/hardware_irq/irq.c.obj
                0x0000000010001ec8                irq_remove_handler
 .text.irq_set_priority
                0x0000000010002074       0x28 CMakeFiles/cuplight.dir/Users/chuey/pico/pico-sdk/src/rp2_common/hardware_irq/irq.c.obj
                0x0000000010002074                irq_set_priority
 .text.irq_add_tail_to_free_list
                0x000000001000209c       0xf0 CMakeFiles/cuplight.dir/Users/chuey/pico/pico-sdk/src/rp2_common/hardware_irq/irq.c.obj
                0x000000001000209c                irq_add_tail_to_free_list
 .text.irq_init_priorities
                0x000000001000218c       0x16 CMakeFiles/cuplight.dir/Users/chuey/pico/pico-sdk/src/rp2_common/hardware_irq/irq.c.obj
                0x000000001000218c                irq_init_priorities
 *fill*         0x00000000100021a2        0x2 
 .text.pll_init
                0x00000000100021a4      0x118 CMakeFiles/cuplight.dir/Users/chuey/pico/pico-sdk/src/rp2_common/hardware_pll/pll.c.obj
                0x00000000100021a4                pll_init
 .text.pll_deinit
                0x00000000100022bc        0x6 CMakeFiles/cuplight.dir/Users/chuey/pico/pico-sdk/src/rp2_common/hardware_pll/pll.c.obj
                0x00000000100022bc                pll_deinit
 *fill*         0x00000000100022c2        0x2 
 .text.watchdog_start_tick
                0x00000000100022c4       0x10 CMakeFiles/cuplight.dir/Users/chuey/pico/pico-sdk/src/rp2_common/hardware_watchdog/watchdog.c.obj
                0x00000000100022c4                watchdog_start_tick
 .text.watchdog_update
                0x00000000100022d4       0x14 CMakeFiles/cuplight.dir/Users/chuey/pico/pico-sdk/src/rp2_common/hardware_watchdog/watchdog.c.obj
                0x00000000100022d4                watchdog_update
 .text._watchdog_enable
                0x00000000100022e8       0x70 CMakeFiles/cuplight.dir/Users/chuey/pico/pico-sdk/src/rp2_common/hardware_watchdog/watchdog.c.obj
                0x00000000100022e8                _watchdog_enable
 .text.watchdog_reboot
                0x0000000010002358       0x48 CMakeFiles/cuplight.dir/Users/chuey/pico/pico-sdk/src/rp2_common/hardware_watchdog/watchdog.c.obj
                0x0000000010002358                watchdog_reboot
 .text.xosc_init
                0x00000000100023a0       0x28 CMakeFiles/cuplight.dir/Users/chuey/pico/pico-sdk/src/rp2_common/hardware_xosc/xosc.c.obj
                0x00000000100023a0                xosc_init
 .text.xosc_disable
                0x00000000100023c8       0x24 CMakeFiles/cuplight.dir/Users/chuey/pico/pico-sdk/src/rp2_common/hardware_xosc/xosc.c.obj
                0x00000000100023c8                xosc_disable
 .text.xosc_dormant
                0x00000000100023ec       0x18 CMakeFiles/cuplight.dir/Users/chuey/pico/pico-sdk/src/rp2_common/hardware_xosc/xosc.c.obj
                0x00000000100023ec                xosc_dormant
 .text._out_null
                0x0000000010002404        0x2 CMakeFiles/cuplight.dir/Users/chuey/pico/pico-sdk/src/rp2_common/pico_printf/printf.c.obj
 .text._out_fct
                0x0000000010002406        0xe CMakeFiles/cuplight.dir/Users/chuey/pico/pico-sdk/src/rp2_common/pico_printf/printf.c.obj
 .text._atoi    0x0000000010002414       0x24 CMakeFiles/cuplight.dir/Users/chuey/pico/pico-sdk/src/rp2_common/pico_printf/printf.c.obj
 .text._out_rev
                0x0000000010002438       0xae CMakeFiles/cuplight.dir/Users/chuey/pico/pico-sdk/src/rp2_common/pico_printf/printf.c.obj
 .text._ntoa_format
                0x00000000100024e6      0x110 CMakeFiles/cuplight.dir/Users/chuey/pico/pico-sdk/src/rp2_common/pico_printf/printf.c.obj
 .text._ntoa_long
                0x00000000100025f6       0xbc CMakeFiles/cuplight.dir/Users/chuey/pico/pico-sdk/src/rp2_common/pico_printf/printf.c.obj
 .text._ntoa_long_long
                0x00000000100026b2       0xe2 CMakeFiles/cuplight.dir/Users/chuey/pico/pico-sdk/src/rp2_common/pico_printf/printf.c.obj
 .text._etoa    0x0000000010002794      0x40c CMakeFiles/cuplight.dir/Users/chuey/pico/pico-sdk/src/rp2_common/pico_printf/printf.c.obj
 .text._ftoa    0x0000000010002ba0      0x354 CMakeFiles/cuplight.dir/Users/chuey/pico/pico-sdk/src/rp2_common/pico_printf/printf.c.obj
 .text._vsnprintf
                0x0000000010002ef4      0x628 CMakeFiles/cuplight.dir/Users/chuey/pico/pico-sdk/src/rp2_common/pico_printf/printf.c.obj
 .text.vfctprintf
                0x000000001000351c       0x20 CMakeFiles/cuplight.dir/Users/chuey/pico/pico-sdk/src/rp2_common/pico_printf/printf.c.obj
                0x000000001000351c                vfctprintf
 .text          0x000000001000353c       0x10 CMakeFiles/cuplight.dir/Users/chuey/pico/pico-sdk/src/rp2_common/pico_bit_ops/bit_ops_aeabi.S.obj
 .text.rom_func_lookup
                0x000000001000354c       0x10 CMakeFiles/cuplight.dir/Users/chuey/pico/pico-sdk/src/rp2_common/pico_bootrom/bootrom.c.obj
                0x000000001000354c                rom_func_lookup
 .text.rom_data_lookup
                0x000000001000355c       0x10 CMakeFiles/cuplight.dir/Users/chuey/pico/pico-sdk/src/rp2_common/pico_bootrom/bootrom.c.obj
                0x000000001000355c                rom_data_lookup
 .text.rom_funcs_lookup
                0x000000001000356c       0x36 CMakeFiles/cuplight.dir/Users/chuey/pico/pico-sdk/src/rp2_common/pico_bootrom/bootrom.c.obj
                0x000000001000356c                rom_funcs_lookup
 *fill*         0x00000000100035a2        0x2 
 .text.__wrap___aeabi_idiv
                0x00000000100035a4       0x50 CMakeFiles/cuplight.dir/Users/chuey/pico/pico-sdk/src/rp2_common/pico_divider/divider.S.obj
                0x00000000100035a4                __wrap___aeabi_idivmod
                0x00000000100035a4                divmod_s32s32
                0x00000000100035a4                div_s32s32
                0x00000000100035a4                __wrap___aeabi_idiv
                0x00000000100035ac                divmod_s32s32_unsafe
                0x00000000100035d8                divmod_s32s32_savestate
 .text.__wrap___aeabi_uidiv
                0x00000000100035f4       0x4c CMakeFiles/cuplight.dir/Users/chuey/pico/pico-sdk/src/rp2_common/pico_divider/divider.S.obj
                0x00000000100035f4                __wrap___aeabi_uidiv
                0x00000000100035f4                __wrap___aeabi_uidivmod
                0x00000000100035f4                div_u32u32
                0x00000000100035f4                divmod_u32u32
                0x00000000100035fc                divmod_u32u32_unsafe
                0x0000000010003624                divmod_u32u32_savestate
 .text.__wrap___aeabi_ldiv
                0x0000000010003640      0x430 CMakeFiles/cuplight.dir/Users/chuey/pico/pico-sdk/src/rp2_common/pico_divider/divider.S.obj
                0x0000000010003640                __wrap___aeabi_ldivmod
                0x0000000010003640                div_s64s64
                0x0000000010003640                divmod_s64s64
                0x0000000010003678                divmod_u64u64
                0x0000000010003678                div_u64u64
                0x0000000010003678                __wrap___aeabi_uldivmod
                0x0000000010003688                divmod_u64u64_savestate
                0x00000000100036b0                divmod_s64s64_unsafe
                0x0000000010003738                divmod_u64u64_unsafe
 .text.__wrap___aeabi_darithmetic
                0x0000000010003a70       0x80 CMakeFiles/cuplight.dir/Users/chuey/pico/pico-sdk/src/rp2_common/pico_double/double_aeabi.S.obj
                0x0000000010003a70                __wrap___aeabi_drsub
                0x0000000010003a76                __wrap___aeabi_dsub
                0x0000000010003a88                __wrap___aeabi_dadd
                0x0000000010003a9a                __wrap___aeabi_ddiv
                0x0000000010003ad6                __wrap___aeabi_dmul
 .text.__wrap___aeabi_cdcmple
                0x0000000010003af0       0x6c CMakeFiles/cuplight.dir/Users/chuey/pico/pico-sdk/src/rp2_common/pico_double/double_aeabi.S.obj
                0x0000000010003af0                __wrap___aeabi_cdrcmple
                0x0000000010003b00                __wrap___aeabi_cdcmple
                0x0000000010003b00                __wrap___aeabi_cdcmpeq
 .text.__wrap___aeabi_dcmplt
                0x0000000010003b5c        0xc CMakeFiles/cuplight.dir/Users/chuey/pico/pico-sdk/src/rp2_common/pico_double/double_aeabi.S.obj
                0x0000000010003b5c                __wrap___aeabi_dcmplt
 .text.__wrap___aeabi_dcmple
                0x0000000010003b68       0x10 CMakeFiles/cuplight.dir/Users/chuey/pico/pico-sdk/src/rp2_common/pico_double/double_aeabi.S.obj
                0x0000000010003b68                __wrap___aeabi_dcmple
 .text.__wrap___aeabi_dcmpge
                0x0000000010003b78       0x10 CMakeFiles/cuplight.dir/Users/chuey/pico/pico-sdk/src/rp2_common/pico_double/double_aeabi.S.obj
                0x0000000010003b78                __wrap___aeabi_dcmpge
 .text.__wrap___aeabi_dcmpgt
                0x0000000010003b88        0xa CMakeFiles/cuplight.dir/Users/chuey/pico/pico-sdk/src/rp2_common/pico_double/double_aeabi.S.obj
                0x0000000010003b88                __wrap___aeabi_dcmpgt
 .text.__wrap___aeabi_dcmpun
                0x0000000010003b92       0x1c CMakeFiles/cuplight.dir/Users/chuey/pico/pico-sdk/src/rp2_common/pico_double/double_aeabi.S.obj
                0x0000000010003b92                __wrap___aeabi_dcmpun
 *fill*         0x0000000010003bae        0x2 
 .text.__wrap___aeabi_i2d
                0x0000000010003bb0       0x38 CMakeFiles/cuplight.dir/Users/chuey/pico/pico-sdk/src/rp2_common/pico_double/double_aeabi.S.obj
                0x0000000010003bb0                __wrap___aeabi_ui2d
                0x0000000010003bb8                __wrap___aeabi_i2d
 .text.__wrap___aeabi_d2iz
                0x0000000010003be8       0x48 CMakeFiles/cuplight.dir/Users/chuey/pico/pico-sdk/src/rp2_common/pico_double/double_aeabi.S.obj
                0x0000000010003be8                __wrap___aeabi_d2iz
                0x0000000010003be8                double2int_z
 .text.__wrap___aeabi_d2uiz
                0x0000000010003c30       0x18 CMakeFiles/cuplight.dir/Users/chuey/pico/pico-sdk/src/rp2_common/pico_double/double_aeabi.S.obj
                0x0000000010003c30                double2uint
                0x0000000010003c30                __wrap___aeabi_d2uiz
 .text.__aeabi_double_init
                0x0000000010003c48       0xb4 CMakeFiles/cuplight.dir/Users/chuey/pico/pico-sdk/src/rp2_common/pico_double/double_init_rom.c.obj
                0x0000000010003c48                __aeabi_double_init
 .text.double_table_shim_on_use_helper
                0x0000000010003cfc       0x34 CMakeFiles/cuplight.dir/Users/chuey/pico/pico-sdk/src/rp2_common/pico_double/double_v1_rom_shim.S.obj
                0x0000000010003cfc                double_table_shim_on_use_helper
 .text.__wrap___aeabi_dsub
                0x0000000010003d30       0x10 CMakeFiles/cuplight.dir/Users/chuey/pico/pico-sdk/src/rp2_common/pico_double/double_v1_rom_shim.S.obj
                0x0000000010003d30                drsub_shim
                0x0000000010003d36                dsub_shim
 .text.dadd_shim
                0x0000000010003d40      0x15c CMakeFiles/cuplight.dir/Users/chuey/pico/pico-sdk/src/rp2_common/pico_double/double_v1_rom_shim.S.obj
                0x0000000010003d40                dadd_shim
 .text.dmul_shim
                0x0000000010003e9c      0x15c CMakeFiles/cuplight.dir/Users/chuey/pico/pico-sdk/src/rp2_common/pico_double/double_v1_rom_shim.S.obj
                0x0000000010003e9c                dmul_shim
 .text.ddiv_shim
                0x0000000010003ff8      0x1b0 CMakeFiles/cuplight.dir/Users/chuey/pico/pico-sdk/src/rp2_common/pico_double/double_v1_rom_shim.S.obj
                0x0000000010003ff8                ddiv_shim
 .text.dcordic_rot_step
                0x00000000100041a8       0x7c CMakeFiles/cuplight.dir/Users/chuey/pico/pico-sdk/src/rp2_common/pico_double/double_v1_rom_shim.S.obj
                0x00000000100041a8                dcordic_rot_step
 .text.double2uint_shim
                0x0000000010004224        0xe CMakeFiles/cuplight.dir/Users/chuey/pico/pico-sdk/src/rp2_common/pico_double/double_v1_rom_shim.S.obj
                0x0000000010004224                double2uint_shim
                0x0000000010004226                double2ufix_shim
 *fill*         0x0000000010004232        0x2 
 .text.double2uint64_shim
                0x0000000010004234       0x6c CMakeFiles/cuplight.dir/Users/chuey/pico/pico-sdk/src/rp2_common/pico_double/double_v1_rom_shim.S.obj
                0x0000000010004234                double2uint64_shim
                0x0000000010004236                double2ufix64_shim
                0x0000000010004250                d2fix_a
 .text.dunpacks
                0x00000000100042a0       0x3c CMakeFiles/cuplight.dir/Users/chuey/pico/pico-sdk/src/rp2_common/pico_double/double_v1_rom_shim.S.obj
                0x00000000100042a0                dunpacks
 .text.__aeabi_lmul
                0x00000000100042dc       0x32 CMakeFiles/cuplight.dir/Users/chuey/pico/pico-sdk/src/rp2_common/pico_int64_ops/pico_int64_ops_aeabi.S.obj
                0x00000000100042dc                __wrap___aeabi_lmul
 *fill*         0x000000001000430e        0x2 
 .text.__aeabi_float_init
                0x0000000010004310       0xfc CMakeFiles/cuplight.dir/Users/chuey/pico/pico-sdk/src/rp2_common/pico_float/float_init_rom.c.obj
                0x0000000010004310                __aeabi_float_init
 .text.float_table_shim_on_use_helper
                0x000000001000440c       0x34 CMakeFiles/cuplight.dir/Users/chuey/pico/pico-sdk/src/rp2_common/pico_float/float_v1_rom_shim.S.obj
                0x000000001000440c                float_table_shim_on_use_helper
 .text          0x0000000010004440       0x10 CMakeFiles/cuplight.dir/Users/chuey/pico/pico-sdk/src/rp2_common/pico_mem_ops/mem_ops_aeabi.S.obj
                0x0000000010004440                __aeabi_mem_init
 .text.memset   0x0000000010004450        0xc CMakeFiles/cuplight.dir/Users/chuey/pico/pico-sdk/src/rp2_common/pico_mem_ops/mem_ops_aeabi.S.obj
                0x0000000010004450                __wrap_memset
 .text.memcpy   0x000000001000445c        0xc CMakeFiles/cuplight.dir/Users/chuey/pico/pico-sdk/src/rp2_common/pico_mem_ops/mem_ops_aeabi.S.obj
                0x000000001000445c                __wrap___aeabi_memcpy
                0x000000001000445c                __wrap_memcpy
 .text.stdio_out_chars_crlf
                0x0000000010004468       0x80 CMakeFiles/cuplight.dir/Users/chuey/pico/pico-sdk/src/rp2_common/pico_stdio/stdio.c.obj
 .text.stdio_stack_buffer_flush
                0x00000000100044e8       0x44 CMakeFiles/cuplight.dir/Users/chuey/pico/pico-sdk/src/rp2_common/pico_stdio/stdio.c.obj
 .text.stdio_buffered_printer
                0x000000001000452c       0x20 CMakeFiles/cuplight.dir/Users/chuey/pico/pico-sdk/src/rp2_common/pico_stdio/stdio.c.obj
 .text.stdout_serialize_begin
                0x000000001000454c       0x30 CMakeFiles/cuplight.dir/Users/chuey/pico/pico-sdk/src/rp2_common/pico_stdio/stdio.c.obj
                0x000000001000454c                stdout_serialize_begin
 .text.stdout_serialize_end
                0x000000001000457c       0x10 CMakeFiles/cuplight.dir/Users/chuey/pico/pico-sdk/src/rp2_common/pico_stdio/stdio.c.obj
                0x000000001000457c                stdout_serialize_end
 .text.stdio_put_string
                0x000000001000458c       0x84 CMakeFiles/cuplight.dir/Users/chuey/pico/pico-sdk/src/rp2_common/pico_stdio/stdio.c.obj
 .text.stdio_set_driver_enabled
                0x0000000010004610       0x38 CMakeFiles/cuplight.dir/Users/chuey/pico/pico-sdk/src/rp2_common/pico_stdio/stdio.c.obj
                0x0000000010004610                stdio_set_driver_enabled
 .text.stdio_flush
                0x0000000010004648       0x20 CMakeFiles/cuplight.dir/Users/chuey/pico/pico-sdk/src/rp2_common/pico_stdio/stdio.c.obj
                0x0000000010004648                stdio_flush
 .text.__wrap_puts
                0x0000000010004668       0x1c CMakeFiles/cuplight.dir/Users/chuey/pico/pico-sdk/src/rp2_common/pico_stdio/stdio.c.obj
                0x0000000010004668                __wrap_puts
 .text.__wrap_vprintf
                0x0000000010004684       0x44 CMakeFiles/cuplight.dir/Users/chuey/pico/pico-sdk/src/rp2_common/pico_stdio/stdio.c.obj
                0x0000000010004684                __wrap_vprintf
 .text.__wrap_printf
                0x00000000100046c8       0x18 CMakeFiles/cuplight.dir/Users/chuey/pico/pico-sdk/src/rp2_common/pico_stdio/stdio.c.obj
                0x00000000100046c8                __wrap_printf
 .text.stdio_init_all
                0x00000000100046e0        0x8 CMakeFiles/cuplight.dir/Users/chuey/pico/pico-sdk/src/rp2_common/pico_stdio/stdio.c.obj
                0x00000000100046e0                stdio_init_all
 .text.resetd_init
                0x00000000100046e8        0x2 CMakeFiles/cuplight.dir/Users/chuey/pico/pico-sdk/src/rp2_common/pico_stdio_usb/reset_interface.c.obj
 *fill*         0x00000000100046ea        0x2 
 .text.resetd_reset
                0x00000000100046ec        0xc CMakeFiles/cuplight.dir/Users/chuey/pico/pico-sdk/src/rp2_common/pico_stdio_usb/reset_interface.c.obj
 .text.resetd_open
                0x00000000100046f8       0x34 CMakeFiles/cuplight.dir/Users/chuey/pico/pico-sdk/src/rp2_common/pico_stdio_usb/reset_interface.c.obj
 .text.resetd_xfer_cb
                0x000000001000472c        0x4 CMakeFiles/cuplight.dir/Users/chuey/pico/pico-sdk/src/rp2_common/pico_stdio_usb/reset_interface.c.obj
 .text.resetd_control_xfer_cb
                0x0000000010004730       0x6c CMakeFiles/cuplight.dir/Users/chuey/pico/pico-sdk/src/rp2_common/pico_stdio_usb/reset_interface.c.obj
 .text.usbd_app_driver_get_cb
                0x000000001000479c        0xc CMakeFiles/cuplight.dir/Users/chuey/pico/pico-sdk/src/rp2_common/pico_stdio_usb/reset_interface.c.obj
                0x000000001000479c                usbd_app_driver_get_cb
 .text.tud_cdc_line_coding_cb
                0x00000000100047a8       0x34 CMakeFiles/cuplight.dir/Users/chuey/pico/pico-sdk/src/rp2_common/pico_stdio_usb/reset_interface.c.obj
                0x00000000100047a8                tud_cdc_line_coding_cb
 .text.stdio_usb_in_chars
                0x00000000100047dc       0x70 CMakeFiles/cuplight.dir/Users/chuey/pico/pico-sdk/src/rp2_common/pico_stdio_usb/stdio_usb.c.obj
                0x00000000100047dc                stdio_usb_in_chars
 .text.low_priority_worker_irq
                0x000000001000484c       0x20 CMakeFiles/cuplight.dir/Users/chuey/pico/pico-sdk/src/rp2_common/pico_stdio_usb/stdio_usb.c.obj
 .text.stdio_usb_out_chars
                0x000000001000486c       0xd4 CMakeFiles/cuplight.dir/Users/chuey/pico/pico-sdk/src/rp2_common/pico_stdio_usb/stdio_usb.c.obj
 .text.timer_task
                0x0000000010004940       0x10 CMakeFiles/cuplight.dir/Users/chuey/pico/pico-sdk/src/rp2_common/pico_stdio_usb/stdio_usb.c.obj
 .text.stdio_usb_init
                0x0000000010004950       0xb8 CMakeFiles/cuplight.dir/Users/chuey/pico/pico-sdk/src/rp2_common/pico_stdio_usb/stdio_usb.c.obj
                0x0000000010004950                stdio_usb_init
 .text.tud_descriptor_device_cb
                0x0000000010004a08        0x8 CMakeFiles/cuplight.dir/Users/chuey/pico/pico-sdk/src/rp2_common/pico_stdio_usb/stdio_usb_descriptors.c.obj
                0x0000000010004a08                tud_descriptor_device_cb
 .text.tud_descriptor_configuration_cb
                0x0000000010004a10        0x8 CMakeFiles/cuplight.dir/Users/chuey/pico/pico-sdk/src/rp2_common/pico_stdio_usb/stdio_usb_descriptors.c.obj
                0x0000000010004a10                tud_descriptor_configuration_cb
 .text.tud_descriptor_string_cb
                0x0000000010004a18       0x68 CMakeFiles/cuplight.dir/Users/chuey/pico/pico-sdk/src/rp2_common/pico_stdio_usb/stdio_usb_descriptors.c.obj
                0x0000000010004a18                tud_descriptor_string_cb
 .text.hw_endpoint_get_by_addr
                0x0000000010004a80       0x18 CMakeFiles/cuplight.dir/Users/chuey/pico/pico-sdk/lib/tinyusb/src/portable/raspberrypi/rp2040/dcd_rp2040.c.obj
 .text.reset_ep0
                0x0000000010004a98       0x2c CMakeFiles/cuplight.dir/Users/chuey/pico/pico-sdk/lib/tinyusb/src/portable/raspberrypi/rp2040/dcd_rp2040.c.obj
 .text._hw_endpoint_alloc
                0x0000000010004ac4       0x80 CMakeFiles/cuplight.dir/Users/chuey/pico/pico-sdk/lib/tinyusb/src/portable/raspberrypi/rp2040/dcd_rp2040.c.obj
 .text._hw_endpoint_init
                0x0000000010004b44       0xbc CMakeFiles/cuplight.dir/Users/chuey/pico/pico-sdk/lib/tinyusb/src/portable/raspberrypi/rp2040/dcd_rp2040.c.obj
 .text.hw_endpoint_init
                0x0000000010004c00       0x18 CMakeFiles/cuplight.dir/Users/chuey/pico/pico-sdk/lib/tinyusb/src/portable/raspberrypi/rp2040/dcd_rp2040.c.obj
 .text.hw_handle_buff_status
                0x0000000010004c18       0xb4 CMakeFiles/cuplight.dir/Users/chuey/pico/pico-sdk/lib/tinyusb/src/portable/raspberrypi/rp2040/dcd_rp2040.c.obj
 .text.dcd_rp2040_irq
                0x0000000010004ccc       0xa8 CMakeFiles/cuplight.dir/Users/chuey/pico/pico-sdk/lib/tinyusb/src/portable/raspberrypi/rp2040/dcd_rp2040.c.obj
 .text.hw_endpoint_xfer
                0x0000000010004d74       0x18 CMakeFiles/cuplight.dir/Users/chuey/pico/pico-sdk/lib/tinyusb/src/portable/raspberrypi/rp2040/dcd_rp2040.c.obj
 .text.ep0_0len_status
                0x0000000010004d8c       0x14 CMakeFiles/cuplight.dir/Users/chuey/pico/pico-sdk/lib/tinyusb/src/portable/raspberrypi/rp2040/dcd_rp2040.c.obj
 .text._hw_endpoint_stall
                0x0000000010004da0       0x54 CMakeFiles/cuplight.dir/Users/chuey/pico/pico-sdk/lib/tinyusb/src/portable/raspberrypi/rp2040/dcd_rp2040.c.obj
 .text.hw_endpoint_stall
                0x0000000010004df4        0xc CMakeFiles/cuplight.dir/Users/chuey/pico/pico-sdk/lib/tinyusb/src/portable/raspberrypi/rp2040/dcd_rp2040.c.obj
 .text._hw_endpoint_clear_stall
                0x0000000010004e00       0x34 CMakeFiles/cuplight.dir/Users/chuey/pico/pico-sdk/lib/tinyusb/src/portable/raspberrypi/rp2040/dcd_rp2040.c.obj
 .text.hw_endpoint_clear_stall
                0x0000000010004e34        0xc CMakeFiles/cuplight.dir/Users/chuey/pico/pico-sdk/lib/tinyusb/src/portable/raspberrypi/rp2040/dcd_rp2040.c.obj
 .text.dcd_int_enable
                0x0000000010004e40       0x2c CMakeFiles/cuplight.dir/Users/chuey/pico/pico-sdk/lib/tinyusb/src/portable/raspberrypi/rp2040/dcd_rp2040.c.obj
                0x0000000010004e40                dcd_int_enable
 .text.dcd_set_address
                0x0000000010004e6c       0x28 CMakeFiles/cuplight.dir/Users/chuey/pico/pico-sdk/lib/tinyusb/src/portable/raspberrypi/rp2040/dcd_rp2040.c.obj
                0x0000000010004e6c                dcd_set_address
 .text.dcd_connect
                0x0000000010004e94       0x30 CMakeFiles/cuplight.dir/Users/chuey/pico/pico-sdk/lib/tinyusb/src/portable/raspberrypi/rp2040/dcd_rp2040.c.obj
                0x0000000010004e94                dcd_connect
 .text.dcd_init
                0x0000000010004ec4       0x84 CMakeFiles/cuplight.dir/Users/chuey/pico/pico-sdk/lib/tinyusb/src/portable/raspberrypi/rp2040/dcd_rp2040.c.obj
                0x0000000010004ec4                dcd_init
 .text.dcd_edpt0_status_complete
                0x0000000010004f48       0x40 CMakeFiles/cuplight.dir/Users/chuey/pico/pico-sdk/lib/tinyusb/src/portable/raspberrypi/rp2040/dcd_rp2040.c.obj
                0x0000000010004f48                dcd_edpt0_status_complete
 .text.dcd_edpt_open
                0x0000000010004f88       0x40 CMakeFiles/cuplight.dir/Users/chuey/pico/pico-sdk/lib/tinyusb/src/portable/raspberrypi/rp2040/dcd_rp2040.c.obj
                0x0000000010004f88                dcd_edpt_open
 .text.dcd_edpt_xfer
                0x0000000010004fc8       0x34 CMakeFiles/cuplight.dir/Users/chuey/pico/pico-sdk/lib/tinyusb/src/portable/raspberrypi/rp2040/dcd_rp2040.c.obj
                0x0000000010004fc8                dcd_edpt_xfer
 .text.dcd_edpt_stall
                0x0000000010004ffc       0x28 CMakeFiles/cuplight.dir/Users/chuey/pico/pico-sdk/lib/tinyusb/src/portable/raspberrypi/rp2040/dcd_rp2040.c.obj
                0x0000000010004ffc                dcd_edpt_stall
 .text.dcd_edpt_clear_stall
                0x0000000010005024       0x2c CMakeFiles/cuplight.dir/Users/chuey/pico/pico-sdk/lib/tinyusb/src/portable/raspberrypi/rp2040/dcd_rp2040.c.obj
                0x0000000010005024                dcd_edpt_clear_stall
 .text.rp2040_usb_init
                0x0000000010005050       0x50 CMakeFiles/cuplight.dir/Users/chuey/pico/pico-sdk/lib/tinyusb/src/portable/raspberrypi/rp2040/rp2040_usb.c.obj
                0x0000000010005050                rp2040_usb_init
 .text.hw_endpoint_reset_transfer
                0x00000000100050a0       0x10 CMakeFiles/cuplight.dir/Users/chuey/pico/pico-sdk/lib/tinyusb/src/portable/raspberrypi/rp2040/rp2040_usb.c.obj
                0x00000000100050a0                hw_endpoint_reset_transfer
 .text._hw_endpoint_buffer_control_update32
                0x00000000100050b0       0x58 CMakeFiles/cuplight.dir/Users/chuey/pico/pico-sdk/lib/tinyusb/src/portable/raspberrypi/rp2040/rp2040_usb.c.obj
                0x00000000100050b0                _hw_endpoint_buffer_control_update32
 .text._hw_endpoint_start_next_buffer
                0x0000000010005108       0x50 CMakeFiles/cuplight.dir/Users/chuey/pico/pico-sdk/lib/tinyusb/src/portable/raspberrypi/rp2040/rp2040_usb.c.obj
                0x0000000010005108                _hw_endpoint_start_next_buffer
 .text._hw_endpoint_xfer_start
                0x0000000010005158       0x3e CMakeFiles/cuplight.dir/Users/chuey/pico/pico-sdk/lib/tinyusb/src/portable/raspberrypi/rp2040/rp2040_usb.c.obj
                0x0000000010005158                _hw_endpoint_xfer_start
 *fill*         0x0000000010005196        0x2 
 .text._hw_endpoint_xfer_sync
                0x0000000010005198       0x74 CMakeFiles/cuplight.dir/Users/chuey/pico/pico-sdk/lib/tinyusb/src/portable/raspberrypi/rp2040/rp2040_usb.c.obj
                0x0000000010005198                _hw_endpoint_xfer_sync
 .text._hw_endpoint_xfer_continue
                0x000000001000520c       0x60 CMakeFiles/cuplight.dir/Users/chuey/pico/pico-sdk/lib/tinyusb/src/portable/raspberrypi/rp2040/rp2040_usb.c.obj
                0x000000001000520c                _hw_endpoint_xfer_continue
 .text._hw_endpoint_xfer
                0x000000001000526c       0x34 CMakeFiles/cuplight.dir/Users/chuey/pico/pico-sdk/lib/tinyusb/src/portable/raspberrypi/rp2040/rp2040_usb.c.obj
                0x000000001000526c                _hw_endpoint_xfer
 .text.mark_interface_endpoint
                0x00000000100052a0       0x2a CMakeFiles/cuplight.dir/Users/chuey/pico/pico-sdk/lib/tinyusb/src/device/usbd.c.obj
 *fill*         0x00000000100052ca        0x2 
 .text.usbd_reset
                0x00000000100052cc       0x88 CMakeFiles/cuplight.dir/Users/chuey/pico/pico-sdk/lib/tinyusb/src/device/usbd.c.obj
 .text.invoke_class_control
                0x0000000010005354       0x1a CMakeFiles/cuplight.dir/Users/chuey/pico/pico-sdk/lib/tinyusb/src/device/usbd.c.obj
 *fill*         0x000000001000536e        0x2 
 .text.process_set_config
                0x0000000010005370      0x1d0 CMakeFiles/cuplight.dir/Users/chuey/pico/pico-sdk/lib/tinyusb/src/device/usbd.c.obj
 .text.process_get_descriptor
                0x0000000010005540       0xf8 CMakeFiles/cuplight.dir/Users/chuey/pico/pico-sdk/lib/tinyusb/src/device/usbd.c.obj
 .text.tud_mounted
                0x0000000010005638       0x10 CMakeFiles/cuplight.dir/Users/chuey/pico/pico-sdk/lib/tinyusb/src/device/usbd.c.obj
                0x0000000010005638                tud_mounted
 .text.tud_suspended
                0x0000000010005648       0x10 CMakeFiles/cuplight.dir/Users/chuey/pico/pico-sdk/lib/tinyusb/src/device/usbd.c.obj
                0x0000000010005648                tud_suspended
 .text.tud_inited
                0x0000000010005658        0xc CMakeFiles/cuplight.dir/Users/chuey/pico/pico-sdk/lib/tinyusb/src/device/usbd.c.obj
                0x0000000010005658                tud_inited
 .text.tud_init
                0x0000000010005664       0xcc CMakeFiles/cuplight.dir/Users/chuey/pico/pico-sdk/lib/tinyusb/src/device/usbd.c.obj
                0x0000000010005664                tud_init
 .text.dcd_event_handler
                0x0000000010005730      0x174 CMakeFiles/cuplight.dir/Users/chuey/pico/pico-sdk/lib/tinyusb/src/device/usbd.c.obj
                0x0000000010005730                dcd_event_handler
 .text.dcd_event_bus_signal
                0x00000000100058a4       0x26 CMakeFiles/cuplight.dir/Users/chuey/pico/pico-sdk/lib/tinyusb/src/device/usbd.c.obj
                0x00000000100058a4                dcd_event_bus_signal
 .text.dcd_event_bus_reset
                0x00000000100058ca       0x2a CMakeFiles/cuplight.dir/Users/chuey/pico/pico-sdk/lib/tinyusb/src/device/usbd.c.obj
                0x00000000100058ca                dcd_event_bus_reset
 .text.dcd_event_setup_received
                0x00000000100058f4       0x34 CMakeFiles/cuplight.dir/Users/chuey/pico/pico-sdk/lib/tinyusb/src/device/usbd.c.obj
                0x00000000100058f4                dcd_event_setup_received
 .text.dcd_event_xfer_complete
                0x0000000010005928       0x44 CMakeFiles/cuplight.dir/Users/chuey/pico/pico-sdk/lib/tinyusb/src/device/usbd.c.obj
                0x0000000010005928                dcd_event_xfer_complete
 .text.usbd_edpt_open
                0x000000001000596c       0xe0 CMakeFiles/cuplight.dir/Users/chuey/pico/pico-sdk/lib/tinyusb/src/device/usbd.c.obj
                0x000000001000596c                usbd_edpt_open
 .text.usbd_open_edpt_pair
                0x0000000010005a4c       0x8c CMakeFiles/cuplight.dir/Users/chuey/pico/pico-sdk/lib/tinyusb/src/device/usbd.c.obj
                0x0000000010005a4c                usbd_open_edpt_pair
 .text.usbd_edpt_claim
                0x0000000010005ad8       0x8c CMakeFiles/cuplight.dir/Users/chuey/pico/pico-sdk/lib/tinyusb/src/device/usbd.c.obj
                0x0000000010005ad8                usbd_edpt_claim
 .text.usbd_edpt_release
                0x0000000010005b64       0x68 CMakeFiles/cuplight.dir/Users/chuey/pico/pico-sdk/lib/tinyusb/src/device/usbd.c.obj
                0x0000000010005b64                usbd_edpt_release
 .text.usbd_edpt_xfer
                0x0000000010005bcc       0x80 CMakeFiles/cuplight.dir/Users/chuey/pico/pico-sdk/lib/tinyusb/src/device/usbd.c.obj
                0x0000000010005bcc                usbd_edpt_xfer
 .text.usbd_edpt_stall
                0x0000000010005c4c       0x2c CMakeFiles/cuplight.dir/Users/chuey/pico/pico-sdk/lib/tinyusb/src/device/usbd.c.obj
                0x0000000010005c4c                usbd_edpt_stall
 .text.usbd_edpt_clear_stall
                0x0000000010005c78       0x2c CMakeFiles/cuplight.dir/Users/chuey/pico/pico-sdk/lib/tinyusb/src/device/usbd.c.obj
                0x0000000010005c78                usbd_edpt_clear_stall
 .text.usbd_edpt_stalled
                0x0000000010005ca4       0x1c CMakeFiles/cuplight.dir/Users/chuey/pico/pico-sdk/lib/tinyusb/src/device/usbd.c.obj
                0x0000000010005ca4                usbd_edpt_stalled
 .text.process_control_request
                0x0000000010005cc0      0x380 CMakeFiles/cuplight.dir/Users/chuey/pico/pico-sdk/lib/tinyusb/src/device/usbd.c.obj
 .text.tud_task
                0x0000000010006040      0x204 CMakeFiles/cuplight.dir/Users/chuey/pico/pico-sdk/lib/tinyusb/src/device/usbd.c.obj
                0x0000000010006040                tud_task
 .text._data_stage_xact
                0x0000000010006244       0x58 CMakeFiles/cuplight.dir/Users/chuey/pico/pico-sdk/lib/tinyusb/src/device/usbd_control.c.obj
 .text.tud_control_status
                0x000000001000629c       0x38 CMakeFiles/cuplight.dir/Users/chuey/pico/pico-sdk/lib/tinyusb/src/device/usbd_control.c.obj
                0x000000001000629c                tud_control_status
 .text.tud_control_xfer
                0x00000000100062d4       0xa8 CMakeFiles/cuplight.dir/Users/chuey/pico/pico-sdk/lib/tinyusb/src/device/usbd_control.c.obj
                0x00000000100062d4                tud_control_xfer
 .text.usbd_control_reset
                0x000000001000637c       0x14 CMakeFiles/cuplight.dir/Users/chuey/pico/pico-sdk/lib/tinyusb/src/device/usbd_control.c.obj
                0x000000001000637c                usbd_control_reset
 .text.usbd_control_set_complete_callback
                0x0000000010006390        0xc CMakeFiles/cuplight.dir/Users/chuey/pico/pico-sdk/lib/tinyusb/src/device/usbd_control.c.obj
                0x0000000010006390                usbd_control_set_complete_callback
 .text.usbd_control_set_request
                0x000000001000639c       0x1c CMakeFiles/cuplight.dir/Users/chuey/pico/pico-sdk/lib/tinyusb/src/device/usbd_control.c.obj
                0x000000001000639c                usbd_control_set_request
 .text.usbd_control_xfer_cb
                0x00000000100063b8       0xfc CMakeFiles/cuplight.dir/Users/chuey/pico/pico-sdk/lib/tinyusb/src/device/usbd_control.c.obj
                0x00000000100063b8                usbd_control_xfer_cb
 .text._prep_out_transaction
                0x00000000100064b4       0x46 CMakeFiles/cuplight.dir/Users/chuey/pico/pico-sdk/lib/tinyusb/src/class/cdc/cdc_device.c.obj
 *fill*         0x00000000100064fa        0x2 
 .text.tud_cdc_n_connected
                0x00000000100064fc       0x44 CMakeFiles/cuplight.dir/Users/chuey/pico/pico-sdk/lib/tinyusb/src/class/cdc/cdc_device.c.obj
                0x00000000100064fc                tud_cdc_n_connected
 .text.tud_cdc_n_available
                0x0000000010006540       0x18 CMakeFiles/cuplight.dir/Users/chuey/pico/pico-sdk/lib/tinyusb/src/class/cdc/cdc_device.c.obj
                0x0000000010006540                tud_cdc_n_available
 .text.tud_cdc_n_read
                0x0000000010006558       0x28 CMakeFiles/cuplight.dir/Users/chuey/pico/pico-sdk/lib/tinyusb/src/class/cdc/cdc_device.c.obj
                0x0000000010006558                tud_cdc_n_read
 .text.tud_cdc_n_write_flush
                0x0000000010006580       0xcc CMakeFiles/cuplight.dir/Users/chuey/pico/pico-sdk/lib/tinyusb/src/class/cdc/cdc_device.c.obj
                0x0000000010006580                tud_cdc_n_write_flush
 .text.tud_cdc_n_write
                0x000000001000664c       0x38 CMakeFiles/cuplight.dir/Users/chuey/pico/pico-sdk/lib/tinyusb/src/class/cdc/cdc_device.c.obj
                0x000000001000664c                tud_cdc_n_write
 .text.tud_cdc_n_write_available
                0x0000000010006684       0x1c CMakeFiles/cuplight.dir/Users/chuey/pico/pico-sdk/lib/tinyusb/src/class/cdc/cdc_device.c.obj
                0x0000000010006684                tud_cdc_n_write_available
 .text.cdcd_init
                0x00000000100066a0       0xbc CMakeFiles/cuplight.dir/Users/chuey/pico/pico-sdk/lib/tinyusb/src/class/cdc/cdc_device.c.obj
                0x00000000100066a0                cdcd_init
 .text.cdcd_reset
                0x000000001000675c       0x44 CMakeFiles/cuplight.dir/Users/chuey/pico/pico-sdk/lib/tinyusb/src/class/cdc/cdc_device.c.obj
                0x000000001000675c                cdcd_reset
 .text.cdcd_open
                0x00000000100067a0      0x10c CMakeFiles/cuplight.dir/Users/chuey/pico/pico-sdk/lib/tinyusb/src/class/cdc/cdc_device.c.obj
                0x00000000100067a0                cdcd_open
 .text.cdcd_control_xfer_cb
                0x00000000100068ac      0x134 CMakeFiles/cuplight.dir/Users/chuey/pico/pico-sdk/lib/tinyusb/src/class/cdc/cdc_device.c.obj
                0x00000000100068ac                cdcd_control_xfer_cb
 .text.cdcd_xfer_cb
                0x00000000100069e0      0x144 CMakeFiles/cuplight.dir/Users/chuey/pico/pico-sdk/lib/tinyusb/src/class/cdc/cdc_device.c.obj
                0x00000000100069e0                cdcd_xfer_cb
 .text.tusb_init
                0x0000000010006b24       0x24 CMakeFiles/cuplight.dir/Users/chuey/pico/pico-sdk/lib/tinyusb/src/tusb.c.obj
                0x0000000010006b24                tusb_init
 .text.tusb_inited
                0x0000000010006b48        0xe CMakeFiles/cuplight.dir/Users/chuey/pico/pico-sdk/lib/tinyusb/src/tusb.c.obj
                0x0000000010006b48                tusb_inited
 .text.advance_pointer
                0x0000000010006b56       0x1e CMakeFiles/cuplight.dir/Users/chuey/pico/pico-sdk/lib/tinyusb/src/common/tusb_fifo.c.obj
 .text.backward_pointer
                0x0000000010006b74       0x1a CMakeFiles/cuplight.dir/Users/chuey/pico/pico-sdk/lib/tinyusb/src/common/tusb_fifo.c.obj
 .text.get_relative_pointer
                0x0000000010006b8e       0x10 CMakeFiles/cuplight.dir/Users/chuey/pico/pico-sdk/lib/tinyusb/src/common/tusb_fifo.c.obj
 .text._tu_fifo_peek
                0x0000000010006b9e       0x50 CMakeFiles/cuplight.dir/Users/chuey/pico/pico-sdk/lib/tinyusb/src/common/tusb_fifo.c.obj
 .text._ff_pull_const_addr
                0x0000000010006bee       0x4c CMakeFiles/cuplight.dir/Users/chuey/pico/pico-sdk/lib/tinyusb/src/common/tusb_fifo.c.obj
 .text._ff_pull_n
                0x0000000010006c3a      0x10c CMakeFiles/cuplight.dir/Users/chuey/pico/pico-sdk/lib/tinyusb/src/common/tusb_fifo.c.obj
 .text._tu_fifo_peek_n
                0x0000000010006d46       0x5e CMakeFiles/cuplight.dir/Users/chuey/pico/pico-sdk/lib/tinyusb/src/common/tusb_fifo.c.obj
 .text._tu_fifo_read_n
                0x0000000010006da4       0x4e CMakeFiles/cuplight.dir/Users/chuey/pico/pico-sdk/lib/tinyusb/src/common/tusb_fifo.c.obj
 .text._ff_push_const_addr
                0x0000000010006df2       0x40 CMakeFiles/cuplight.dir/Users/chuey/pico/pico-sdk/lib/tinyusb/src/common/tusb_fifo.c.obj
 .text._ff_push_n
                0x0000000010006e32      0x106 CMakeFiles/cuplight.dir/Users/chuey/pico/pico-sdk/lib/tinyusb/src/common/tusb_fifo.c.obj
 .text._tu_fifo_write_n
                0x0000000010006f38       0x9e CMakeFiles/cuplight.dir/Users/chuey/pico/pico-sdk/lib/tinyusb/src/common/tusb_fifo.c.obj
 .text.tu_fifo_config
                0x0000000010006fd6       0x72 CMakeFiles/cuplight.dir/Users/chuey/pico/pico-sdk/lib/tinyusb/src/common/tusb_fifo.c.obj
                0x0000000010006fd6                tu_fifo_config
 .text.tu_fifo_count
                0x0000000010007048       0x26 CMakeFiles/cuplight.dir/Users/chuey/pico/pico-sdk/lib/tinyusb/src/common/tusb_fifo.c.obj
                0x0000000010007048                tu_fifo_count
 .text.tu_fifo_empty
                0x000000001000706e        0xe CMakeFiles/cuplight.dir/Users/chuey/pico/pico-sdk/lib/tinyusb/src/common/tusb_fifo.c.obj
                0x000000001000706e                tu_fifo_empty
 .text.tu_fifo_remaining
                0x000000001000707c       0x20 CMakeFiles/cuplight.dir/Users/chuey/pico/pico-sdk/lib/tinyusb/src/common/tusb_fifo.c.obj
                0x000000001000707c                tu_fifo_remaining
 .text.tu_fifo_read
                0x000000001000709c       0x42 CMakeFiles/cuplight.dir/Users/chuey/pico/pico-sdk/lib/tinyusb/src/common/tusb_fifo.c.obj
                0x000000001000709c                tu_fifo_read
 .text.tu_fifo_read_n
                0x00000000100070de        0xa CMakeFiles/cuplight.dir/Users/chuey/pico/pico-sdk/lib/tinyusb/src/common/tusb_fifo.c.obj
                0x00000000100070de                tu_fifo_read_n
 .text.tu_fifo_write
                0x00000000100070e8       0x6c CMakeFiles/cuplight.dir/Users/chuey/pico/pico-sdk/lib/tinyusb/src/common/tusb_fifo.c.obj
                0x00000000100070e8                tu_fifo_write
 .text.tu_fifo_write_n
                0x0000000010007154        0xa CMakeFiles/cuplight.dir/Users/chuey/pico/pico-sdk/lib/tinyusb/src/common/tusb_fifo.c.obj
                0x0000000010007154                tu_fifo_write_n
 .text.tu_fifo_clear
                0x000000001000715e       0x4c CMakeFiles/cuplight.dir/Users/chuey/pico/pico-sdk/lib/tinyusb/src/common/tusb_fifo.c.obj
                0x000000001000715e                tu_fifo_clear
 .text.tu_fifo_set_overwritable
                0x00000000100071aa       0x3c CMakeFiles/cuplight.dir/Users/chuey/pico/pico-sdk/lib/tinyusb/src/common/tusb_fifo.c.obj
                0x00000000100071aa                tu_fifo_set_overwritable
 *fill*         0x00000000100071e6        0x2 
 .text._retrieve_unique_id_on_boot
                0x00000000100071e8       0x10 CMakeFiles/cuplight.dir/Users/chuey/pico/pico-sdk/src/rp2_common/pico_unique_id/unique_id.c.obj
 .text.pico_get_unique_board_id_string
                0x00000000100071f8       0x60 CMakeFiles/cuplight.dir/Users/chuey/pico/pico-sdk/src/rp2_common/pico_unique_id/unique_id.c.obj
                0x00000000100071f8                pico_get_unique_board_id_string
 .text.flash_get_unique_id
                0x0000000010007258       0x46 CMakeFiles/cuplight.dir/Users/chuey/pico/pico-sdk/src/rp2_common/hardware_flash/flash.c.obj
                0x0000000010007258                flash_get_unique_id
 .text.dormant_source_valid
                0x000000001000729e       0x10 CMakeFiles/cuplight.dir/Users/chuey/pico/pico-extras/src/rp2_common/pico_sleep/sleep.c.obj
                0x000000001000729e                dormant_source_valid
 *fill*         0x00000000100072ae        0x2 
 .text._go_dormant
                0x00000000100072b0       0x3c CMakeFiles/cuplight.dir/Users/chuey/pico/pico-extras/src/rp2_common/pico_sleep/sleep.c.obj
 .text.sleep_run_from_dormant_source
                0x00000000100072ec       0xc4 CMakeFiles/cuplight.dir/Users/chuey/pico/pico-extras/src/rp2_common/pico_sleep/sleep.c.obj
                0x00000000100072ec                sleep_run_from_dormant_source
 .text.sleep_goto_dormant_until_pin
                0x00000000100073b0       0x74 CMakeFiles/cuplight.dir/Users/chuey/pico/pico-extras/src/rp2_common/pico_sleep/sleep.c.obj
                0x00000000100073b0                sleep_goto_dormant_until_pin
 .text.rosc_disable
                0x0000000010007424       0x64 CMakeFiles/cuplight.dir/Users/chuey/pico/pico-extras/src/rp2_common/hardware_rosc/rosc.c.obj
                0x0000000010007424                rosc_disable
 .text.rosc_set_dormant
                0x0000000010007488       0x60 CMakeFiles/cuplight.dir/Users/chuey/pico/pico-extras/src/rp2_common/hardware_rosc/rosc.c.obj
                0x0000000010007488                rosc_set_dormant
 .text.adc_init
                0x00000000100074e8       0x34 CMakeFiles/cuplight.dir/Users/chuey/pico/pico-sdk/src/rp2_common/hardware_adc/adc.c.obj
                0x00000000100074e8                adc_init
 .text.strlen   0x000000001000751c       0x5c /usr/local/Cellar/gcc-arm-none-eabi/20200630/bin/../lib/gcc/arm-none-eabi/9.3.1/../../../../arm-none-eabi/lib/thumb/v6-m/nofp/libg.a(lib_a-strlen-stub.o)
                0x000000001000751c                strlen
 *(.fini)
 .fini          0x0000000010007578        0x4 /usr/local/Cellar/gcc-arm-none-eabi/20200630/bin/../lib/gcc/arm-none-eabi/9.3.1/thumb/v6-m/nofp/crti.o
                0x0000000010007578                _fini
 *fill*         0x000000001000757c        0x4 
 .fini.__stub   0x0000000010007580       0x70 linker stubs
 *crtbegin.o(.ctors)
 *crtbegin?.o(.ctors)
 *(EXCLUDE_FILE(*crtend.o *crtend?.o) .ctors)
 *(SORT_BY_NAME(.ctors.*))
 *(.ctors)
 *crtbegin.o(.dtors)
 *crtbegin?.o(.dtors)
 *(EXCLUDE_FILE(*crtend.o *crtend?.o) .dtors)
 *(SORT_BY_NAME(.dtors.*))
 *(.dtors)
 *(.eh_frame*)
 .eh_frame      0x00000000100075f0        0x0 /usr/local/Cellar/gcc-arm-none-eabi/20200630/bin/../lib/gcc/arm-none-eabi/9.3.1/thumb/v6-m/nofp/crtbegin.o
                0x00000000100075f0                . = ALIGN (0x4)

.glue_7         0x00000000100075f0        0x0
 .glue_7        0x00000000100075f0        0x0 linker stubs

.glue_7t        0x00000000100075f0        0x0
 .glue_7t       0x00000000100075f0        0x0 linker stubs

.vfp11_veneer   0x00000000100075f0        0x0
 .vfp11_veneer  0x00000000100075f0        0x0 linker stubs

.v4_bx          0x00000000100075f0        0x0
 .v4_bx         0x00000000100075f0        0x0 linker stubs

.iplt           0x00000000100075f0        0x0
 .iplt          0x00000000100075f0        0x0 /usr/local/Cellar/gcc-arm-none-eabi/20200630/bin/../lib/gcc/arm-none-eabi/9.3.1/thumb/v6-m/nofp/crtbegin.o

.rodata         0x00000000100075f0     0x17f8
 *(EXCLUDE_FILE(*libm.a: *libc.a:*lib_a-mem*.o *libgcc.a:) .rodata*)
 .rodata.__bi_102.5061
                0x00000000100075f0        0x8 CMakeFiles/cuplight.dir/Users/chuey/pico/pico-sdk/src/rp2_common/pico_stdlib/stdlib.c.obj
 .rodata.spin_lock_claim_unused.str1.4
                0x00000000100075f8       0x1b CMakeFiles/cuplight.dir/Users/chuey/pico/pico-sdk/src/rp2_common/hardware_sync/sync.c.obj
 *fill*         0x0000000010007613        0x1 
 .rodata.repeating_timer_callback.str1.4
                0x0000000010007614       0x4b CMakeFiles/cuplight.dir/Users/chuey/pico/pico-sdk/src/common/pico_time/time.c.obj
 *fill*         0x000000001000765f        0x1 
 .rodata.alarm_pool_dump_key.str1.4
                0x0000000010007660       0x33 CMakeFiles/cuplight.dir/Users/chuey/pico/pico-sdk/src/common/pico_time/time.c.obj
 *fill*         0x0000000010007693        0x1 
 .rodata.ph_add_child_node.str1.4
                0x0000000010007694       0x96 CMakeFiles/cuplight.dir/Users/chuey/pico/pico-sdk/src/common/pico_time/time.c.obj
 *fill*         0x000000001000772a        0x2 
 .rodata.add_alarm_under_lock.str1.4
                0x000000001000772c       0x28 CMakeFiles/cuplight.dir/Users/chuey/pico/pico-sdk/src/common/pico_time/time.c.obj
                                         0x2b (size before relaxing)
 .rodata.alarm_pool_alarm_callback.str1.4
                0x0000000010007754       0xe6 CMakeFiles/cuplight.dir/Users/chuey/pico/pico-sdk/src/common/pico_time/time.c.obj
 *fill*         0x000000001000783a        0x2 
 .rodata.alarm_pool_get_default.str1.4
                0x000000001000783c       0x21 CMakeFiles/cuplight.dir/Users/chuey/pico/pico-sdk/src/common/pico_time/time.c.obj
 *fill*         0x000000001000785d        0x3 
 .rodata.alarm_pool_cancel_alarm.str1.4
                0x0000000010007860       0x27 CMakeFiles/cuplight.dir/Users/chuey/pico/pico-sdk/src/common/pico_time/time.c.obj
 *fill*         0x0000000010007887        0x1 
 .rodata.sleep_until.str1.4
                0x0000000010007888       0x4d CMakeFiles/cuplight.dir/Users/chuey/pico/pico-sdk/src/common/pico_time/time.c.obj
 *fill*         0x00000000100078d5        0x3 
 .rodata.__func__.5711
                0x00000000100078d8       0x15 CMakeFiles/cuplight.dir/Users/chuey/pico/pico-sdk/src/common/pico_time/time.c.obj
 *fill*         0x00000000100078ed        0x3 
 .rodata.__func__.6012
                0x00000000100078f0        0xc CMakeFiles/cuplight.dir/Users/chuey/pico/pico-sdk/src/common/pico_time/time.c.obj
 .rodata.__func__.6019
                0x00000000100078fc       0x12 CMakeFiles/cuplight.dir/Users/chuey/pico/pico-sdk/src/common/pico_time/time.c.obj
 *fill*         0x000000001000790e        0x2 
 .rodata.__func__.6035
                0x0000000010007910        0xf CMakeFiles/cuplight.dir/Users/chuey/pico/pico-sdk/src/common/pico_time/time.c.obj
 *fill*         0x000000001000791f        0x1 
 .rodata.__func__.6057
                0x0000000010007920        0xd CMakeFiles/cuplight.dir/Users/chuey/pico/pico-sdk/src/common/pico_time/time.c.obj
 *fill*         0x000000001000792d        0x3 
 .rodata.__func__.6258
                0x0000000010007930        0xa CMakeFiles/cuplight.dir/Users/chuey/pico/pico-sdk/src/common/pico_time/time.c.obj
 *fill*         0x000000001000793a        0x2 
 .rodata.__func__.6263
                0x000000001000793c       0x12 CMakeFiles/cuplight.dir/Users/chuey/pico/pico-sdk/src/common/pico_time/time.c.obj
 *fill*         0x000000001000794e        0x2 
 .rodata.__func__.6278
                0x0000000010007950       0x17 CMakeFiles/cuplight.dir/Users/chuey/pico/pico-sdk/src/common/pico_time/time.c.obj
 *fill*         0x0000000010007967        0x1 
 .rodata.__func__.6289
                0x0000000010007968       0x15 CMakeFiles/cuplight.dir/Users/chuey/pico/pico-sdk/src/common/pico_time/time.c.obj
 *fill*         0x000000001000797d        0x3 
 .rodata.__func__.6306
                0x0000000010007980       0x1a CMakeFiles/cuplight.dir/Users/chuey/pico/pico-sdk/src/common/pico_time/time.c.obj
 *fill*         0x000000001000799a        0x2 
 .rodata.__func__.6345
                0x000000001000799c       0x18 CMakeFiles/cuplight.dir/Users/chuey/pico/pico-sdk/src/common/pico_time/time.c.obj
 .rodata.hardware_alarm_claim.str1.4
                0x00000000100079b4       0x22 CMakeFiles/cuplight.dir/Users/chuey/pico/pico-sdk/src/rp2_common/hardware_timer/timer.c.obj
 *fill*         0x00000000100079d6        0x2 
 .rodata.hardware_alarm_set_target.str1.4
                0x00000000100079d8       0x65 CMakeFiles/cuplight.dir/Users/chuey/pico/pico-sdk/src/rp2_common/hardware_timer/timer.c.obj
 *fill*         0x0000000010007a3d        0x3 
 .rodata.__func__.4550
                0x0000000010007a40       0x1a CMakeFiles/cuplight.dir/Users/chuey/pico/pico-sdk/src/rp2_common/hardware_timer/timer.c.obj
 *fill*         0x0000000010007a5a        0x2 
 .rodata.str1.4
                0x0000000010007a5c       0xb1 CMakeFiles/cuplight.dir/Users/chuey/pico/pico-sdk/src/common/pico_sync/mutex.c.obj
                                        0x115 (size before relaxing)
 *fill*         0x0000000010007b0d        0x3 
 .rodata.__func__.4215
                0x0000000010007b10       0x15 CMakeFiles/cuplight.dir/Users/chuey/pico/pico-sdk/src/common/pico_sync/mutex.c.obj
 *fill*         0x0000000010007b25        0x3 
 .rodata.__func__.4612
                0x0000000010007b28       0x15 CMakeFiles/cuplight.dir/Users/chuey/pico/pico-sdk/src/common/pico_sync/mutex.c.obj
 *fill*         0x0000000010007b3d        0x3 
 .rodata.__func__.4637
                0x0000000010007b40       0x18 CMakeFiles/cuplight.dir/Users/chuey/pico/pico-sdk/src/common/pico_sync/mutex.c.obj
 .rodata.__func__.4647
                0x0000000010007b58        0xb CMakeFiles/cuplight.dir/Users/chuey/pico/pico-sdk/src/common/pico_sync/mutex.c.obj
 .rodata.ph_add_child_node.str1.4
                0x0000000010007b63       0x96 CMakeFiles/cuplight.dir/Users/chuey/pico/pico-sdk/src/common/pico_util/pheap.c.obj
 *fill*         0x0000000010007b63        0x1 
 .rodata.ph_remove_any_head.str1.4
                0x0000000010007b64       0x8c CMakeFiles/cuplight.dir/Users/chuey/pico/pico-sdk/src/common/pico_util/pheap.c.obj
 .rodata.ph_remove_and_free_node.str1.4
                0x0000000010007bf0       0x26 CMakeFiles/cuplight.dir/Users/chuey/pico/pico-sdk/src/common/pico_util/pheap.c.obj
 *fill*         0x0000000010007c16        0x2 
 .rodata.__func__.5718
                0x0000000010007c18        0xc CMakeFiles/cuplight.dir/Users/chuey/pico/pico-sdk/src/common/pico_util/pheap.c.obj
 .rodata.__func__.5725
                0x0000000010007c24       0x12 CMakeFiles/cuplight.dir/Users/chuey/pico/pico-sdk/src/common/pico_util/pheap.c.obj
 *fill*         0x0000000010007c36        0x2 
 .rodata.__func__.5811
                0x0000000010007c38       0x13 CMakeFiles/cuplight.dir/Users/chuey/pico/pico-sdk/src/common/pico_util/pheap.c.obj
 *fill*         0x0000000010007c4b        0x1 
 .rodata.__func__.5829
                0x0000000010007c4c       0x18 CMakeFiles/cuplight.dir/Users/chuey/pico/pico-sdk/src/common/pico_util/pheap.c.obj
 .rodata.__assert_func.str1.4
                0x0000000010007c64       0x3f CMakeFiles/cuplight.dir/Users/chuey/pico/pico-sdk/src/rp2_common/pico_runtime/runtime.c.obj
                                         0x43 (size before relaxing)
 *fill*         0x0000000010007ca3        0x1 
 .rodata.panic.str1.4
                0x0000000010007ca4       0x12 CMakeFiles/cuplight.dir/Users/chuey/pico/pico-sdk/src/rp2_common/pico_runtime/runtime.c.obj
 *fill*         0x0000000010007cb6        0x2 
 .rodata.clock_configure.str1.4
                0x0000000010007cb8       0x57 CMakeFiles/cuplight.dir/Users/chuey/pico/pico-sdk/src/rp2_common/hardware_clocks/clocks.c.obj
 *fill*         0x0000000010007d0f        0x1 
 .rodata.__func__.4669
                0x0000000010007d10       0x10 CMakeFiles/cuplight.dir/Users/chuey/pico/pico-sdk/src/rp2_common/hardware_clocks/clocks.c.obj
 .rodata.make_branch.str1.4
                0x0000000010007d20       0x4d CMakeFiles/cuplight.dir/Users/chuey/pico/pico-sdk/src/rp2_common/hardware_irq/irq.c.obj
 *fill*         0x0000000010007d6d        0x3 
 .rodata.irq_set_exclusive_handler.str1.4
                0x0000000010007d70       0x36 CMakeFiles/cuplight.dir/Users/chuey/pico/pico-sdk/src/rp2_common/hardware_irq/irq.c.obj
 *fill*         0x0000000010007da6        0x2 
 .rodata.irq_add_shared_handler.str1.4
                0x0000000010007da8       0xd9 CMakeFiles/cuplight.dir/Users/chuey/pico/pico-sdk/src/rp2_common/hardware_irq/irq.c.obj
 *fill*         0x0000000010007e81        0x3 
 .rodata.irq_remove_handler.str1.4
                0x0000000010007e84       0x2a CMakeFiles/cuplight.dir/Users/chuey/pico/pico-sdk/src/rp2_common/hardware_irq/irq.c.obj
 *fill*         0x0000000010007eae        0x2 
 .rodata.irq_add_tail_to_free_list.str1.4
                0x0000000010007eb0       0x32 CMakeFiles/cuplight.dir/Users/chuey/pico/pico-sdk/src/rp2_common/hardware_irq/irq.c.obj
                                         0x3a (size before relaxing)
 *fill*         0x0000000010007ee2        0x2 
 .rodata.__func__.4705
                0x0000000010007ee4       0x1a CMakeFiles/cuplight.dir/Users/chuey/pico/pico-sdk/src/rp2_common/hardware_irq/irq.c.obj
 *fill*         0x0000000010007efe        0x2 
 .rodata.__func__.4719
                0x0000000010007f00        0xc CMakeFiles/cuplight.dir/Users/chuey/pico/pico-sdk/src/rp2_common/hardware_irq/irq.c.obj
 .rodata.__func__.4727
                0x0000000010007f0c       0x17 CMakeFiles/cuplight.dir/Users/chuey/pico/pico-sdk/src/rp2_common/hardware_irq/irq.c.obj
 *fill*         0x0000000010007f23        0x1 
 .rodata.__func__.4731
                0x0000000010007f24        0xf CMakeFiles/cuplight.dir/Users/chuey/pico/pico-sdk/src/rp2_common/hardware_irq/irq.c.obj
 *fill*         0x0000000010007f33        0x1 
 .rodata.__func__.4770
                0x0000000010007f34       0x13 CMakeFiles/cuplight.dir/Users/chuey/pico/pico-sdk/src/rp2_common/hardware_irq/irq.c.obj
 *fill*         0x0000000010007f47        0x1 
 .rodata.__func__.4789
                0x0000000010007f48       0x1a CMakeFiles/cuplight.dir/Users/chuey/pico/pico-sdk/src/rp2_common/hardware_irq/irq.c.obj
 *fill*         0x0000000010007f62        0x2 
 .rodata.pll_init.str1.4
                0x0000000010007f64       0xdb CMakeFiles/cuplight.dir/Users/chuey/pico/pico-sdk/src/rp2_common/hardware_pll/pll.c.obj
 *fill*         0x000000001000803f        0x1 
 .rodata.__func__.4404
                0x0000000010008040        0x9 CMakeFiles/cuplight.dir/Users/chuey/pico/pico-sdk/src/rp2_common/hardware_pll/pll.c.obj
 *fill*         0x0000000010008049        0x3 
 .rodata._ftoa.str1.4
                0x000000001000804c       0x15 CMakeFiles/cuplight.dir/Users/chuey/pico/pico-sdk/src/rp2_common/pico_printf/printf.c.obj
 *fill*         0x0000000010008061        0x3 
 .rodata._vsnprintf
                0x0000000010008064      0x1e0 CMakeFiles/cuplight.dir/Users/chuey/pico/pico-sdk/src/rp2_common/pico_printf/printf.c.obj
 *fill*         0x0000000010008244        0x4 
 .rodata.pow10.5432
                0x0000000010008248       0x50 CMakeFiles/cuplight.dir/Users/chuey/pico/pico-sdk/src/rp2_common/pico_printf/printf.c.obj
 .rodata.__aeabi_double_init.str1.4
                0x0000000010008298       0xa8 CMakeFiles/cuplight.dir/Users/chuey/pico/pico-sdk/src/rp2_common/pico_double/double_init_rom.c.obj
 .rodata.__func__.4690
                0x0000000010008340       0x14 CMakeFiles/cuplight.dir/Users/chuey/pico/pico-sdk/src/rp2_common/pico_double/double_init_rom.c.obj
 .rodata.__aeabi_float_init.str1.4
                0x0000000010008354       0x7a CMakeFiles/cuplight.dir/Users/chuey/pico/pico-sdk/src/rp2_common/pico_float/float_init_rom.c.obj
                                         0x7e (size before relaxing)
 *fill*         0x00000000100083ce        0x2 
 .rodata.__func__.4692
                0x00000000100083d0       0x13 CMakeFiles/cuplight.dir/Users/chuey/pico/pico-sdk/src/rp2_common/pico_float/float_init_rom.c.obj
 *fill*         0x00000000100083e3        0x1 
 .rodata.str1.4
                0x00000000100083e4       0x40 CMakeFiles/cuplight.dir/Users/chuey/pico/pico-sdk/src/rp2_common/pico_standard_link/binary_info.c.obj
 .rodata.__bi_44
                0x0000000010008424        0xc CMakeFiles/cuplight.dir/Users/chuey/pico/pico-sdk/src/rp2_common/pico_standard_link/binary_info.c.obj
 .rodata.__bi_75
                0x0000000010008430        0xc CMakeFiles/cuplight.dir/Users/chuey/pico/pico-sdk/src/rp2_common/pico_standard_link/binary_info.c.obj
 .rodata.__bi_81
                0x000000001000843c        0xc CMakeFiles/cuplight.dir/Users/chuey/pico/pico-sdk/src/rp2_common/pico_standard_link/binary_info.c.obj
 .rodata.crlf_str.5872
                0x0000000010008448        0x2 CMakeFiles/cuplight.dir/Users/chuey/pico/pico-sdk/src/rp2_common/pico_stdio/stdio.c.obj
 *fill*         0x000000001000844a        0x2 
 .rodata._resetd_driver
                0x000000001000844c       0x18 CMakeFiles/cuplight.dir/Users/chuey/pico/pico-sdk/src/rp2_common/pico_stdio_usb/reset_interface.c.obj
 .rodata.stdio_usb_init.str1.4
                0x0000000010008464       0x61 CMakeFiles/cuplight.dir/Users/chuey/pico/pico-sdk/src/rp2_common/pico_stdio_usb/stdio_usb.c.obj
 .rodata.str1.4
                0x0000000010008464       0x13 CMakeFiles/cuplight.dir/Users/chuey/pico/pico-sdk/src/rp2_common/pico_stdio_usb/stdio_usb.c.obj
 *fill*         0x0000000010008477        0x1 
 .rodata.__bi_93.7164
                0x0000000010008478        0xc CMakeFiles/cuplight.dir/Users/chuey/pico/pico-sdk/src/rp2_common/pico_stdio_usb/stdio_usb.c.obj
 .rodata.__func__.5434
                0x0000000010008484       0x15 CMakeFiles/cuplight.dir/Users/chuey/pico/pico-sdk/src/rp2_common/pico_stdio_usb/stdio_usb.c.obj
 *fill*         0x0000000010008499        0x3 
 .rodata.str1.4
                0x000000001000849c       0x2a CMakeFiles/cuplight.dir/Users/chuey/pico/pico-sdk/src/rp2_common/pico_stdio_usb/stdio_usb_descriptors.c.obj
 *fill*         0x00000000100084c6        0x2 
 .rodata.usbd_desc_cfg
                0x00000000100084c8       0x54 CMakeFiles/cuplight.dir/Users/chuey/pico/pico-sdk/src/rp2_common/pico_stdio_usb/stdio_usb_descriptors.c.obj
 .rodata.usbd_desc_device
                0x000000001000851c       0x12 CMakeFiles/cuplight.dir/Users/chuey/pico/pico-sdk/src/rp2_common/pico_stdio_usb/stdio_usb_descriptors.c.obj
 *fill*         0x000000001000852e        0x2 
 .rodata.usbd_desc_str
                0x0000000010008530       0x18 CMakeFiles/cuplight.dir/Users/chuey/pico/pico-sdk/src/rp2_common/pico_stdio_usb/stdio_usb_descriptors.c.obj
 .rodata._hw_endpoint_alloc.str1.4
                0x0000000010008548       0xb5 CMakeFiles/cuplight.dir/Users/chuey/pico/pico-sdk/lib/tinyusb/src/portable/raspberrypi/rp2040/dcd_rp2040.c.obj
 *fill*         0x00000000100085fd        0x3 
 .rodata._hw_endpoint_init.str1.4
                0x0000000010008600       0x28 CMakeFiles/cuplight.dir/Users/chuey/pico/pico-sdk/lib/tinyusb/src/portable/raspberrypi/rp2040/dcd_rp2040.c.obj
 .rodata.hw_handle_buff_status.str1.4
                0x0000000010008628        0xb CMakeFiles/cuplight.dir/Users/chuey/pico/pico-sdk/lib/tinyusb/src/portable/raspberrypi/rp2040/dcd_rp2040.c.obj
 *fill*         0x0000000010008633        0x1 
 .rodata.dcd_rp2040_irq.str1.4
                0x0000000010008634       0x14 CMakeFiles/cuplight.dir/Users/chuey/pico/pico-sdk/lib/tinyusb/src/portable/raspberrypi/rp2040/dcd_rp2040.c.obj
 .rodata._hw_endpoint_stall.str1.4
                0x0000000010008648        0xd CMakeFiles/cuplight.dir/Users/chuey/pico/pico-sdk/lib/tinyusb/src/portable/raspberrypi/rp2040/dcd_rp2040.c.obj
 *fill*         0x0000000010008655        0x3 
 .rodata.dcd_int_enable.str1.4
                0x0000000010008658        0xc CMakeFiles/cuplight.dir/Users/chuey/pico/pico-sdk/lib/tinyusb/src/portable/raspberrypi/rp2040/dcd_rp2040.c.obj
 .rodata.__func__.6869
                0x0000000010008664       0x13 CMakeFiles/cuplight.dir/Users/chuey/pico/pico-sdk/lib/tinyusb/src/portable/raspberrypi/rp2040/dcd_rp2040.c.obj
 *fill*         0x0000000010008677        0x1 
 .rodata.__func__.6900
                0x0000000010008678       0x16 CMakeFiles/cuplight.dir/Users/chuey/pico/pico-sdk/lib/tinyusb/src/portable/raspberrypi/rp2040/dcd_rp2040.c.obj
 *fill*         0x000000001000868e        0x2 
 .rodata.__func__.6921
                0x0000000010008690       0x13 CMakeFiles/cuplight.dir/Users/chuey/pico/pico-sdk/lib/tinyusb/src/portable/raspberrypi/rp2040/dcd_rp2040.c.obj
 *fill*         0x00000000100086a3        0x1 
 .rodata.__func__.6942
                0x00000000100086a4        0x9 CMakeFiles/cuplight.dir/Users/chuey/pico/pico-sdk/lib/tinyusb/src/portable/raspberrypi/rp2040/dcd_rp2040.c.obj
 *fill*         0x00000000100086ad        0x3 
 .rodata.__func__.6946
                0x00000000100086b0        0xf CMakeFiles/cuplight.dir/Users/chuey/pico/pico-sdk/lib/tinyusb/src/portable/raspberrypi/rp2040/dcd_rp2040.c.obj
 *fill*         0x00000000100086bf        0x1 
 .rodata.__func__.6955
                0x00000000100086c0       0x10 CMakeFiles/cuplight.dir/Users/chuey/pico/pico-sdk/lib/tinyusb/src/portable/raspberrypi/rp2040/dcd_rp2040.c.obj
 .rodata.__func__.6967
                0x00000000100086d0        0xc CMakeFiles/cuplight.dir/Users/chuey/pico/pico-sdk/lib/tinyusb/src/portable/raspberrypi/rp2040/dcd_rp2040.c.obj
 .rodata.__func__.6972
                0x00000000100086dc       0x1a CMakeFiles/cuplight.dir/Users/chuey/pico/pico-sdk/lib/tinyusb/src/portable/raspberrypi/rp2040/dcd_rp2040.c.obj
 *fill*         0x00000000100086f6        0x2 
 .rodata.__func__.6977
                0x00000000100086f8        0xe CMakeFiles/cuplight.dir/Users/chuey/pico/pico-sdk/lib/tinyusb/src/portable/raspberrypi/rp2040/dcd_rp2040.c.obj
 *fill*         0x0000000010008706        0x2 
 .rodata.__func__.6984
                0x0000000010008708        0xe CMakeFiles/cuplight.dir/Users/chuey/pico/pico-sdk/lib/tinyusb/src/portable/raspberrypi/rp2040/dcd_rp2040.c.obj
 *fill*         0x0000000010008716        0x2 
 .rodata.__func__.6989
                0x0000000010008718        0xf CMakeFiles/cuplight.dir/Users/chuey/pico/pico-sdk/lib/tinyusb/src/portable/raspberrypi/rp2040/dcd_rp2040.c.obj
 *fill*         0x0000000010008727        0x1 
 .rodata.__func__.6994
                0x0000000010008728       0x15 CMakeFiles/cuplight.dir/Users/chuey/pico/pico-sdk/lib/tinyusb/src/portable/raspberrypi/rp2040/dcd_rp2040.c.obj
 *fill*         0x000000001000873d        0x3 
 .rodata._hw_endpoint_buffer_control_update32.str1.4
                0x0000000010008740       0x1f CMakeFiles/cuplight.dir/Users/chuey/pico/pico-sdk/lib/tinyusb/src/portable/raspberrypi/rp2040/rp2040_usb.c.obj
 *fill*         0x000000001000875f        0x1 
 .rodata._hw_endpoint_xfer_sync.str1.4
                0x0000000010008760       0x91 CMakeFiles/cuplight.dir/Users/chuey/pico/pico-sdk/lib/tinyusb/src/portable/raspberrypi/rp2040/rp2040_usb.c.obj
 *fill*         0x00000000100087f1        0x3 
 .rodata._hw_endpoint_xfer_continue.str1.4
                0x00000000100087f4       0x50 CMakeFiles/cuplight.dir/Users/chuey/pico/pico-sdk/lib/tinyusb/src/portable/raspberrypi/rp2040/rp2040_usb.c.obj
 .rodata._hw_endpoint_xfer.str1.4
                0x0000000010008844        0xf CMakeFiles/cuplight.dir/Users/chuey/pico/pico-sdk/lib/tinyusb/src/portable/raspberrypi/rp2040/rp2040_usb.c.obj
 *fill*         0x0000000010008853        0x1 
 .rodata.str1.4
                0x0000000010008854        0x7 CMakeFiles/cuplight.dir/Users/chuey/pico/pico-sdk/lib/tinyusb/src/portable/raspberrypi/rp2040/rp2040_usb.c.obj
 *fill*         0x000000001000885b        0x1 
 .rodata.__func__.6648
                0x000000001000885c       0x17 CMakeFiles/cuplight.dir/Users/chuey/pico/pico-sdk/lib/tinyusb/src/portable/raspberrypi/rp2040/rp2040_usb.c.obj
 *fill*         0x0000000010008873        0x1 
 .rodata.__func__.6659
                0x0000000010008874       0x12 CMakeFiles/cuplight.dir/Users/chuey/pico/pico-sdk/lib/tinyusb/src/portable/raspberrypi/rp2040/rp2040_usb.c.obj
 *fill*         0x0000000010008886        0x2 
 .rodata.process_set_config.str1.4
                0x0000000010008888       0x17 CMakeFiles/cuplight.dir/Users/chuey/pico/pico-sdk/lib/tinyusb/src/device/usbd.c.obj
 *fill*         0x000000001000889f        0x1 
 .rodata.process_get_descriptor
                0x00000000100088a0       0x40 CMakeFiles/cuplight.dir/Users/chuey/pico/pico-sdk/lib/tinyusb/src/device/usbd.c.obj
 .rodata.process_control_request
                0x00000000100088e0       0x28 CMakeFiles/cuplight.dir/Users/chuey/pico/pico-sdk/lib/tinyusb/src/device/usbd.c.obj
 .rodata.tud_task
                0x0000000010008908       0x24 CMakeFiles/cuplight.dir/Users/chuey/pico/pico-sdk/lib/tinyusb/src/device/usbd.c.obj
 .rodata.__func__.6522
                0x000000001000892c       0x10 CMakeFiles/cuplight.dir/Users/chuey/pico/pico-sdk/lib/tinyusb/src/device/usbd.c.obj
 .rodata.__func__.7316
                0x000000001000893c        0x9 CMakeFiles/cuplight.dir/Users/chuey/pico/pico-sdk/lib/tinyusb/src/device/usbd.c.obj
 *fill*         0x0000000010008945        0x3 
 .rodata.__func__.7337
                0x0000000010008948       0x18 CMakeFiles/cuplight.dir/Users/chuey/pico/pico-sdk/lib/tinyusb/src/device/usbd.c.obj
 .rodata.__func__.7375
                0x0000000010008960       0x13 CMakeFiles/cuplight.dir/Users/chuey/pico/pico-sdk/lib/tinyusb/src/device/usbd.c.obj
 *fill*         0x0000000010008973        0x1 
 .rodata.__func__.7418
                0x0000000010008974       0x17 CMakeFiles/cuplight.dir/Users/chuey/pico/pico-sdk/lib/tinyusb/src/device/usbd.c.obj
 *fill*         0x000000001000898b        0x1 
 .rodata.__func__.7472
                0x000000001000898c       0x14 CMakeFiles/cuplight.dir/Users/chuey/pico/pico-sdk/lib/tinyusb/src/device/usbd.c.obj
 .rodata.__func__.7488
                0x00000000100089a0        0xf CMakeFiles/cuplight.dir/Users/chuey/pico/pico-sdk/lib/tinyusb/src/device/usbd.c.obj
 *fill*         0x00000000100089af        0x1 
 .rodata.__func__.7516
                0x00000000100089b0        0xf CMakeFiles/cuplight.dir/Users/chuey/pico/pico-sdk/lib/tinyusb/src/device/usbd.c.obj
 *fill*         0x00000000100089bf        0x1 
 .rodata._usbd_driver
                0x00000000100089c0       0x18 CMakeFiles/cuplight.dir/Users/chuey/pico/pico-sdk/lib/tinyusb/src/device/usbd.c.obj
 .rodata.tud_control_xfer.str1.4
                0x00000000100089d8       0x17 CMakeFiles/cuplight.dir/Users/chuey/pico/pico-sdk/lib/tinyusb/src/device/usbd_control.c.obj
 .rodata.__func__.7229
                0x00000000100089d8       0x11 CMakeFiles/cuplight.dir/Users/chuey/pico/pico-sdk/lib/tinyusb/src/device/usbd_control.c.obj
 *fill*         0x00000000100089e9        0x3 
 .rodata.__func__.7256
                0x00000000100089ec       0x15 CMakeFiles/cuplight.dir/Users/chuey/pico/pico-sdk/lib/tinyusb/src/device/usbd_control.c.obj
 .rodata.tud_cdc_n_write_flush.str1.4
                0x0000000010008a01       0x17 CMakeFiles/cuplight.dir/Users/chuey/pico/pico-sdk/lib/tinyusb/src/class/cdc/cdc_device.c.obj
 *fill*         0x0000000010008a01        0x3 
 .rodata.__func__.7167
                0x0000000010008a04       0x16 CMakeFiles/cuplight.dir/Users/chuey/pico/pico-sdk/lib/tinyusb/src/class/cdc/cdc_device.c.obj
 *fill*         0x0000000010008a1a        0x2 
 .rodata.__func__.7200
                0x0000000010008a1c        0xa CMakeFiles/cuplight.dir/Users/chuey/pico/pico-sdk/lib/tinyusb/src/class/cdc/cdc_device.c.obj
 *fill*         0x0000000010008a26        0x2 
 .rodata.__func__.7234
                0x0000000010008a28        0xd CMakeFiles/cuplight.dir/Users/chuey/pico/pico-sdk/lib/tinyusb/src/class/cdc/cdc_device.c.obj
 .rodata.tusb_init.str1.4
                0x0000000010008a35       0x17 CMakeFiles/cuplight.dir/Users/chuey/pico/pico-sdk/lib/tinyusb/src/tusb.c.obj
 *fill*         0x0000000010008a35        0x3 
 .rodata.__func__.7104
                0x0000000010008a38        0xa CMakeFiles/cuplight.dir/Users/chuey/pico/pico-sdk/lib/tinyusb/src/tusb.c.obj
 *fill*         0x0000000010008a42        0x2 
 .rodata.pico_get_unique_board_id_string.str1.4
                0x0000000010008a44       0x4d CMakeFiles/cuplight.dir/Users/chuey/pico/pico-sdk/src/rp2_common/pico_unique_id/unique_id.c.obj
 *fill*         0x0000000010008a91        0x3 
 .rodata.__func__.4289
                0x0000000010008a94       0x20 CMakeFiles/cuplight.dir/Users/chuey/pico/pico-sdk/src/rp2_common/pico_unique_id/unique_id.c.obj
 .rodata.str1.4
                0x0000000010008ab4      0x15a CMakeFiles/cuplight.dir/Users/chuey/pico/pico-sdk/src/rp2_common/hardware_flash/flash.c.obj
 *fill*         0x0000000010008c0e        0x2 
 .rodata.__func__.4430
                0x0000000010008c10        0xd CMakeFiles/cuplight.dir/Users/chuey/pico/pico-sdk/src/rp2_common/hardware_flash/flash.c.obj
 *fill*         0x0000000010008c1d        0x3 
 .rodata._go_dormant.str1.4
                0x0000000010008c20       0x68 CMakeFiles/cuplight.dir/Users/chuey/pico/pico-extras/src/rp2_common/pico_sleep/sleep.c.obj
 .rodata.sleep_run_from_dormant_source.str1.4
                0x0000000010008c88       0x25 CMakeFiles/cuplight.dir/Users/chuey/pico/pico-extras/src/rp2_common/pico_sleep/sleep.c.obj
 *fill*         0x0000000010008cad        0x3 
 .rodata.sleep_goto_dormant_until_pin.str1.4
                0x0000000010008cb0       0x1b CMakeFiles/cuplight.dir/Users/chuey/pico/pico-extras/src/rp2_common/pico_sleep/sleep.c.obj
 *fill*         0x0000000010008ccb        0x1 
 .rodata.__func__.5170
                0x0000000010008ccc       0x1e CMakeFiles/cuplight.dir/Users/chuey/pico/pico-extras/src/rp2_common/pico_sleep/sleep.c.obj
 *fill*         0x0000000010008cea        0x2 
 .rodata.__func__.5183
                0x0000000010008cec        0xc CMakeFiles/cuplight.dir/Users/chuey/pico/pico-extras/src/rp2_common/pico_sleep/sleep.c.obj
 .rodata.__func__.5191
                0x0000000010008cf8       0x1d CMakeFiles/cuplight.dir/Users/chuey/pico/pico-extras/src/rp2_common/pico_sleep/sleep.c.obj
 *fill*         0x0000000010008d15        0x3 
 .rodata.rosc_set_div.str1.4
                0x0000000010008d18       0xc3 CMakeFiles/cuplight.dir/Users/chuey/pico/pico-extras/src/rp2_common/hardware_rosc/rosc.c.obj
 *fill*         0x0000000010008ddb        0x1 
 .rodata.__func__.4400
                0x0000000010008ddc        0xb CMakeFiles/cuplight.dir/Users/chuey/pico/pico-extras/src/rp2_common/hardware_rosc/rosc.c.obj
                0x0000000010008de8                . = ALIGN (0x4)
 *fill*         0x0000000010008de7        0x1 
 *(SORT_BY_ALIGNMENT(SORT_BY_NAME(.flashdata*)))
                0x0000000010008de8                . = ALIGN (0x4)

.rel.dyn        0x0000000010008de8        0x0
 .rel.iplt      0x0000000010008de8        0x0 /usr/local/Cellar/gcc-arm-none-eabi/20200630/bin/../lib/gcc/arm-none-eabi/9.3.1/thumb/v6-m/nofp/crtbegin.o

.ARM.extab
 *(.ARM.extab* .gnu.linkonce.armextab.*)
                0x0000000010008de8                __exidx_start = .

.ARM.exidx
 *(.ARM.exidx* .gnu.linkonce.armexidx.*)
                0x0000000010008de8                __exidx_end = .
                0x0000000010008de8                . = ALIGN (0x4)
                0x0000000010008de8                __binary_info_start = .

.binary_info    0x0000000010008de8       0x24
 *(.binary_info.keep.*)
 .binary_info.keep.__bi_ptr22
                0x0000000010008de8        0x4 CMakeFiles/cuplight.dir/Users/chuey/pico/pico-sdk/src/rp2_common/pico_standard_link/binary_info.c.obj
 .binary_info.keep.__bi_ptr30
                0x0000000010008dec        0x4 CMakeFiles/cuplight.dir/Users/chuey/pico/pico-sdk/src/rp2_common/pico_standard_link/binary_info.c.obj
 .binary_info.keep.__bi_ptr38
                0x0000000010008df0        0x4 CMakeFiles/cuplight.dir/Users/chuey/pico/pico-sdk/src/rp2_common/pico_standard_link/binary_info.c.obj
 .binary_info.keep.__bi_ptr44
                0x0000000010008df4        0x4 CMakeFiles/cuplight.dir/Users/chuey/pico/pico-sdk/src/rp2_common/pico_standard_link/binary_info.c.obj
 .binary_info.keep.__bi_ptr50