Archive member included to satisfy reference by file (symbol)

/usr/local/Cellar/gcc-arm-none-eabi/20200630/bin/../lib/gcc/arm-none-eabi/9.3.1/thumb/v6-m/nofp/libgcc.a(_dvmd_tls.o)
                              pico-sdk/{CMAKE_BINARY_DIR}/pico_extras/test/sd_test/CMakeFiles/sd_test.dir/Users/chuey/pico/pico-sdk/src/rp2_common/pico_divider/divider.S.obj (__aeabi_idiv0)
/usr/local/Cellar/gcc-arm-none-eabi/20200630/bin/../lib/gcc/arm-none-eabi/9.3.1/../../../../arm-none-eabi/lib/thumb/v6-m/nofp/libg.a(lib_a-calloc.o)
                              pico-sdk/{CMAKE_BINARY_DIR}/pico_extras/test/sd_test/CMakeFiles/sd_test.dir/Users/chuey/pico/pico-sdk/src/rp2_common/pico_malloc/pico_malloc.c.obj (calloc)
/usr/local/Cellar/gcc-arm-none-eabi/20200630/bin/../lib/gcc/arm-none-eabi/9.3.1/../../../../arm-none-eabi/lib/thumb/v6-m/nofp/libg.a(lib_a-callocr.o)
                              /usr/local/Cellar/gcc-arm-none-eabi/20200630/bin/../lib/gcc/arm-none-eabi/9.3.1/../../../../arm-none-eabi/lib/thumb/v6-m/nofp/libg.a(lib_a-calloc.o) (_calloc_r)
/usr/local/Cellar/gcc-arm-none-eabi/20200630/bin/../lib/gcc/arm-none-eabi/9.3.1/../../../../arm-none-eabi/lib/thumb/v6-m/nofp/libg.a(lib_a-ctype_.o)
                              pico-sdk/{CMAKE_BINARY_DIR}/pico_extras/test/sd_test/CMakeFiles/sd_test.dir/sd_test.c.obj (_ctype_)
/usr/local/Cellar/gcc-arm-none-eabi/20200630/bin/../lib/gcc/arm-none-eabi/9.3.1/../../../../arm-none-eabi/lib/thumb/v6-m/nofp/libg.a(lib_a-impure.o)
                              /usr/local/Cellar/gcc-arm-none-eabi/20200630/bin/../lib/gcc/arm-none-eabi/9.3.1/../../../../arm-none-eabi/lib/thumb/v6-m/nofp/libg.a(lib_a-calloc.o) (_impure_ptr)
/usr/local/Cellar/gcc-arm-none-eabi/20200630/bin/../lib/gcc/arm-none-eabi/9.3.1/../../../../arm-none-eabi/lib/thumb/v6-m/nofp/libg.a(lib_a-init.o)
                              /usr/local/Cellar/gcc-arm-none-eabi/20200630/bin/../lib/gcc/arm-none-eabi/9.3.1/../../../../arm-none-eabi/lib/thumb/v6-m/nofp/crt0.o (__libc_init_array)
/usr/local/Cellar/gcc-arm-none-eabi/20200630/bin/../lib/gcc/arm-none-eabi/9.3.1/../../../../arm-none-eabi/lib/thumb/v6-m/nofp/libg.a(lib_a-malloc.o)
                              pico-sdk/{CMAKE_BINARY_DIR}/pico_extras/test/sd_test/CMakeFiles/sd_test.dir/Users/chuey/pico/pico-sdk/src/rp2_common/pico_malloc/pico_malloc.c.obj (malloc)
/usr/local/Cellar/gcc-arm-none-eabi/20200630/bin/../lib/gcc/arm-none-eabi/9.3.1/../../../../arm-none-eabi/lib/thumb/v6-m/nofp/libg.a(lib_a-mallocr.o)
                              /usr/local/Cellar/gcc-arm-none-eabi/20200630/bin/../lib/gcc/arm-none-eabi/9.3.1/../../../../arm-none-eabi/lib/thumb/v6-m/nofp/libg.a(lib_a-callocr.o) (_malloc_r)
/usr/local/Cellar/gcc-arm-none-eabi/20200630/bin/../lib/gcc/arm-none-eabi/9.3.1/../../../../arm-none-eabi/lib/thumb/v6-m/nofp/libg.a(lib_a-mlock.o)
                              /usr/local/Cellar/gcc-arm-none-eabi/20200630/bin/../lib/gcc/arm-none-eabi/9.3.1/../../../../arm-none-eabi/lib/thumb/v6-m/nofp/libg.a(lib_a-mallocr.o) (__malloc_lock)
/usr/local/Cellar/gcc-arm-none-eabi/20200630/bin/../lib/gcc/arm-none-eabi/9.3.1/../../../../arm-none-eabi/lib/thumb/v6-m/nofp/libg.a(lib_a-sbrkr.o)
                              /usr/local/Cellar/gcc-arm-none-eabi/20200630/bin/../lib/gcc/arm-none-eabi/9.3.1/../../../../arm-none-eabi/lib/thumb/v6-m/nofp/libg.a(lib_a-mallocr.o) (_sbrk_r)
/usr/local/Cellar/gcc-arm-none-eabi/20200630/bin/../lib/gcc/arm-none-eabi/9.3.1/../../../../arm-none-eabi/lib/thumb/v6-m/nofp/libg.a(lib_a-strlen-stub.o)
                              pico-sdk/{CMAKE_BINARY_DIR}/pico_extras/test/sd_test/CMakeFiles/sd_test.dir/Users/chuey/pico/pico-sdk/src/rp2_common/pico_stdio/stdio.c.obj (strlen)
/usr/local/Cellar/gcc-arm-none-eabi/20200630/bin/../lib/gcc/arm-none-eabi/9.3.1/../../../../arm-none-eabi/lib/thumb/v6-m/nofp/libg.a(lib_a-freer.o)
                              /usr/local/Cellar/gcc-arm-none-eabi/20200630/bin/../lib/gcc/arm-none-eabi/9.3.1/../../../../arm-none-eabi/lib/thumb/v6-m/nofp/libg.a(lib_a-malloc.o) (_free_r)
/usr/local/Cellar/gcc-arm-none-eabi/20200630/bin/../lib/gcc/arm-none-eabi/9.3.1/../../../../arm-none-eabi/lib/thumb/v6-m/nofp/libg.a(lib_a-lock.o)
                              /usr/local/Cellar/gcc-arm-none-eabi/20200630/bin/../lib/gcc/arm-none-eabi/9.3.1/../../../../arm-none-eabi/lib/thumb/v6-m/nofp/libg.a(lib_a-mlock.o) (__retarget_lock_acquire_recursive)
/usr/local/Cellar/gcc-arm-none-eabi/20200630/bin/../lib/gcc/arm-none-eabi/9.3.1/../../../../arm-none-eabi/lib/thumb/v6-m/nofp/libg.a(lib_a-reent.o)
                              /usr/local/Cellar/gcc-arm-none-eabi/20200630/bin/../lib/gcc/arm-none-eabi/9.3.1/../../../../arm-none-eabi/lib/thumb/v6-m/nofp/libg.a(lib_a-sbrkr.o) (errno)

Allocating common symbols
Common symbol       size              file

__lock___atexit_recursive_mutex
[...]
Memory Configuration

Name             Origin             Length             Attributes
FLASH            0x0000000010000000 0x0000000000200000 xr
RAM              0x0000000020000000 0x0000000000040000 xrw
SCRATCH_X        0x0000000020040000 0x0000000000001000 xrw
SCRATCH_Y        0x0000000020041000 0x0000000000001000 xrw
*default*        0x0000000000000000 0xffffffffffffffff

Linker script and memory map

LOAD /usr/local/Cellar/gcc-arm-none-eabi/20200630/bin/../lib/gcc/arm-none-eabi/9.3.1/thumb/v6-m/nofp/crti.o
LOAD /usr/local/Cellar/gcc-arm-none-eabi/20200630/bin/../lib/gcc/arm-none-eabi/9.3.1/thumb/v6-m/nofp/crtbegin.o
LOAD /usr/local/Cellar/gcc-arm-none-eabi/20200630/bin/../lib/gcc/arm-none-eabi/9.3.1/../../../../arm-none-eabi/lib/thumb/v6-m/nofp/crt0.o

.flash_begin    0x0000000010000000        0x0
                0x0000000010000000                __flash_binary_start = .

.boot2          0x0000000010000000      0x100
                0x0000000010000000                __boot2_start__ = .
 *(.boot2)
 .boot2         0x0000000010000000      0x100 /var/folders/qs/d8c5s_756tz8pgkszdmv9jd80000gn/T//cc2NqI4t.o
                0x0000000010000100                __boot2_end__ = .
                0x0000000000000001                ASSERT (((__boot2_end__ - __boot2_start__) == 0x100), ERROR: Pico second stage bootloader must be 256 bytes in size)

.text           0x0000000010000100     0x56e8
                0x0000000010000100                __logical_binary_start = .
 *(.vectors)
 .vectors       0x0000000010000100       0xd4 pico-sdk/{CMAKE_BINARY_DIR}/pico_extras/test/sd_test/CMakeFiles/sd_test.dir/Users/chuey/pico/pico-sdk/src/rp2_common/pico_standard_link/crt0.S.obj
                0x0000000010000100                __VECTOR_TABLE
                0x0000000010000100                __vectors
                0x00000000100001c0                __default_isrs_start
                0x00000000100001c0                isr_invalid
                0x00000000100001c2                isr_nmi
                0x00000000100001c4                isr_hardfault
                0x00000000100001c6                isr_svcall
                0x00000000100001c8                isr_pendsv
                0x00000000100001ca                isr_systick
                0x00000000100001cc                isr_irq28
                0x00000000100001cc                isr_irq19
                0x00000000100001cc                isr_irq0
                0x00000000100001cc                isr_irq6
                0x00000000100001cc                isr_irq22
                0x00000000100001cc                isr_irq17
                0x00000000100001cc                isr_irq14
                0x00000000100001cc                isr_irq2
                0x00000000100001cc                isr_irq10
                0x00000000100001cc                isr_irq8
                0x00000000100001cc                isr_irq24
                0x00000000100001cc                isr_irq1
                0x00000000100001cc                isr_irq7
                0x00000000100001cc                isr_irq21
                0x00000000100001cc                isr_irq20
                0x00000000100001cc                isr_irq15
                0x00000000100001cc                isr_irq25
                0x00000000100001cc                isr_irq4
                0x00000000100001cc                isr_irq16
                0x00000000100001cc                isr_irq29
                0x00000000100001cc                isr_irq26
                0x00000000100001cc                __default_isrs_end
                0x00000000100001cc                isr_irq3
                0x00000000100001cc                isr_irq9
                0x00000000100001cc                __unhandled_user_irq
                0x00000000100001cc                isr_irq13
                0x00000000100001cc                isr_irq27
                0x00000000100001cc                isr_irq31
                0x00000000100001cc                isr_irq5
                0x00000000100001cc                isr_irq11
                0x00000000100001cc                isr_irq23
                0x00000000100001cc                isr_irq18
                0x00000000100001cc                isr_irq30
                0x00000000100001cc                isr_irq12
                0x00000000100001d2                unhandled_user_irq_num_in_r0
 *(.binary_info_header)
 .binary_info_header
                0x00000000100001d4       0x14 pico-sdk/{CMAKE_BINARY_DIR}/pico_extras/test/sd_test/CMakeFiles/sd_test.dir/Users/chuey/pico/pico-sdk/src/rp2_common/pico_standard_link/crt0.S.obj
                0x00000000100001e8                __binary_info_header_end = .
 *(.reset)
 .reset         0x00000000100001e8       0xa8 pico-sdk/{CMAKE_BINARY_DIR}/pico_extras/test/sd_test/CMakeFiles/sd_test.dir/Users/chuey/pico/pico-sdk/src/rp2_common/pico_standard_link/crt0.S.obj
                0x00000000100001e8                _entry_point
                0x0000000010000266                __get_current_exception
 .reset         0x0000000010000290       0x30 pico-sdk/{CMAKE_BINARY_DIR}/pico_extras/test/sd_test/CMakeFiles/sd_test.dir/Users/chuey/pico/pico-sdk/src/rp2_common/pico_standard_link/binary_info.c.obj
 *(.init)
 .init          0x00000000100002c0        0x4 /usr/local/Cellar/gcc-arm-none-eabi/20200630/bin/../lib/gcc/arm-none-eabi/9.3.1/thumb/v6-m/nofp/crti.o
                0x00000000100002c0                _init
 *(EXCLUDE_FILE(*libm.a: *libc.a:*lib_a-mem*.o *libgcc.a:) .text*)
 .text          0x00000000100002c4       0x48 /usr/local/Cellar/gcc-arm-none-eabi/20200630/bin/../lib/gcc/arm-none-eabi/9.3.1/thumb/v6-m/nofp/crtbegin.o
 .text.main     0x000000001000030c      0x1b4 pico-sdk/{CMAKE_BINARY_DIR}/pico_extras/test/sd_test/CMakeFiles/sd_test.dir/sd_test.c.obj
                0x000000001000030c                main
 .text.set_sys_clock_48mhz
                0x00000000100004c0       0x40 pico-sdk/{CMAKE_BINARY_DIR}/pico_extras/test/sd_test/CMakeFiles/sd_test.dir/Users/chuey/pico/pico-sdk/src/rp2_common/pico_stdlib/stdlib.c.obj
                0x00000000100004c0                set_sys_clock_48mhz
 .text.gpio_set_function
                0x0000000010000500       0x30 pico-sdk/{CMAKE_BINARY_DIR}/pico_extras/test/sd_test/CMakeFiles/sd_test.dir/Users/chuey/pico/pico-sdk/src/rp2_common/hardware_gpio/gpio.c.obj
                0x0000000010000500                gpio_set_function
 .text.gpio_set_pulls
                0x0000000010000530       0x34 pico-sdk/{CMAKE_BINARY_DIR}/pico_extras/test/sd_test/CMakeFiles/sd_test.dir/Users/chuey/pico/pico-sdk/src/rp2_common/hardware_gpio/gpio.c.obj
                0x0000000010000530                gpio_set_pulls
 .text.hw_claim_lock
                0x0000000010000564       0x18 pico-sdk/{CMAKE_BINARY_DIR}/pico_extras/test/sd_test/CMakeFiles/sd_test.dir/Users/chuey/pico/pico-sdk/src/rp2_common/hardware_claim/claim.c.obj
                0x0000000010000564                hw_claim_lock
 .text.hw_claim_unlock
                0x000000001000057c       0x14 pico-sdk/{CMAKE_BINARY_DIR}/pico_extras/test/sd_test/CMakeFiles/sd_test.dir/Users/chuey/pico/pico-sdk/src/rp2_common/hardware_claim/claim.c.obj
                0x000000001000057c                hw_claim_unlock
 .text.hw_claim_or_assert
                0x0000000010000590       0x32 pico-sdk/{CMAKE_BINARY_DIR}/pico_extras/test/sd_test/CMakeFiles/sd_test.dir/Users/chuey/pico/pico-sdk/src/rp2_common/hardware_claim/claim.c.obj
                0x0000000010000590                hw_claim_or_assert
 *fill*         0x00000000100005c2        0x2 
 .text.running_on_fpga
                0x00000000100005c4       0x14 pico-sdk/{CMAKE_BINARY_DIR}/pico_extras/test/sd_test/CMakeFiles/sd_test.dir/Users/chuey/pico/pico-sdk/src/rp2_common/pico_platform/platform.c.obj
                0x00000000100005c4                running_on_fpga
 .text.spin_locks_reset
                0x00000000100005d8       0x20 pico-sdk/{CMAKE_BINARY_DIR}/pico_extras/test/sd_test/CMakeFiles/sd_test.dir/Users/chuey/pico/pico-sdk/src/rp2_common/hardware_sync/sync.c.obj
                0x00000000100005d8                spin_locks_reset
 .text.next_striped_spin_lock_num
                0x00000000100005f8       0x1c pico-sdk/{CMAKE_BINARY_DIR}/pico_extras/test/sd_test/CMakeFiles/sd_test.dir/Users/chuey/pico/pico-sdk/src/rp2_common/hardware_sync/sync.c.obj
                0x00000000100005f8                next_striped_spin_lock_num
 .text.uart_set_baudrate
                0x0000000010000614       0x5c pico-sdk/{CMAKE_BINARY_DIR}/pico_extras/test/sd_test/CMakeFiles/sd_test.dir/Users/chuey/pico/pico-sdk/src/rp2_common/hardware_uart/uart.c.obj
                0x0000000010000614                uart_set_baudrate
 .text.uart_set_translate_crlf
                0x0000000010000670       0x28 pico-sdk/{CMAKE_BINARY_DIR}/pico_extras/test/sd_test/CMakeFiles/sd_test.dir/Users/chuey/pico/pico-sdk/src/rp2_common/hardware_uart/uart.c.obj
                0x0000000010000670                uart_set_translate_crlf
 .text.uart_init
                0x0000000010000698       0x80 pico-sdk/{CMAKE_BINARY_DIR}/pico_extras/test/sd_test/CMakeFiles/sd_test.dir/Users/chuey/pico/pico-sdk/src/rp2_common/hardware_uart/uart.c.obj
                0x0000000010000698                uart_init
 .text.alarm_pool_post_alloc_init
                0x0000000010000718       0x40 pico-sdk/{CMAKE_BINARY_DIR}/pico_extras/test/sd_test/CMakeFiles/sd_test.dir/Users/chuey/pico/pico-sdk/src/common/pico_time/time.c.obj
 .text.timer_pool_entry_comparator
                0x0000000010000758       0x7c pico-sdk/{CMAKE_BINARY_DIR}/pico_extras/test/sd_test/CMakeFiles/sd_test.dir/Users/chuey/pico/pico-sdk/src/common/pico_time/time.c.obj
                0x0000000010000758                timer_pool_entry_comparator
 .text.ph_add_child_node
                0x00000000100007d4       0xa4 pico-sdk/{CMAKE_BINARY_DIR}/pico_extras/test/sd_test/CMakeFiles/sd_test.dir/Users/chuey/pico/pico-sdk/src/common/pico_time/time.c.obj
 .text.ph_merge_nodes
                0x0000000010000878       0x3e pico-sdk/{CMAKE_BINARY_DIR}/pico_extras/test/sd_test/CMakeFiles/sd_test.dir/Users/chuey/pico/pico-sdk/src/common/pico_time/time.c.obj
 *fill*         0x00000000100008b6        0x2 
 .text.add_alarm_under_lock
                0x00000000100008b8      0x174 pico-sdk/{CMAKE_BINARY_DIR}/pico_extras/test/sd_test/CMakeFiles/sd_test.dir/Users/chuey/pico/pico-sdk/src/common/pico_time/time.c.obj
 .text.alarm_pool_alarm_callback
                0x0000000010000a2c      0x32c pico-sdk/{CMAKE_BINARY_DIR}/pico_extras/test/sd_test/CMakeFiles/sd_test.dir/Users/chuey/pico/pico-sdk/src/common/pico_time/time.c.obj
 .text.alarm_pool_init_default
                0x0000000010000d58       0x38 pico-sdk/{CMAKE_BINARY_DIR}/pico_extras/test/sd_test/CMakeFiles/sd_test.dir/Users/chuey/pico/pico-sdk/src/common/pico_time/time.c.obj
                0x0000000010000d58                alarm_pool_init_default
 .text.hardware_alarm_irq_handler
                0x0000000010000d90       0x8c pico-sdk/{CMAKE_BINARY_DIR}/pico_extras/test/sd_test/CMakeFiles/sd_test.dir/Users/chuey/pico/pico-sdk/src/rp2_common/hardware_timer/timer.c.obj
 .text.hardware_alarm_claim
                0x0000000010000e1c       0x18 pico-sdk/{CMAKE_BINARY_DIR}/pico_extras/test/sd_test/CMakeFiles/sd_test.dir/Users/chuey/pico/pico-sdk/src/rp2_common/hardware_timer/timer.c.obj
                0x0000000010000e1c                hardware_alarm_claim
 .text.time_us_64
                0x0000000010000e34       0x18 pico-sdk/{CMAKE_BINARY_DIR}/pico_extras/test/sd_test/CMakeFiles/sd_test.dir/Users/chuey/pico/pico-sdk/src/rp2_common/hardware_timer/timer.c.obj
                0x0000000010000e34                time_us_64
 .text.hardware_alarm_set_callback
                0x0000000010000e4c       0x90 pico-sdk/{CMAKE_BINARY_DIR}/pico_extras/test/sd_test/CMakeFiles/sd_test.dir/Users/chuey/pico/pico-sdk/src/rp2_common/hardware_timer/timer.c.obj
                0x0000000010000e4c                hardware_alarm_set_callback
 .text.hardware_alarm_set_target
                0x0000000010000edc       0xe8 pico-sdk/{CMAKE_BINARY_DIR}/pico_extras/test/sd_test/CMakeFiles/sd_test.dir/Users/chuey/pico/pico-sdk/src/rp2_common/hardware_timer/timer.c.obj
                0x0000000010000edc                hardware_alarm_set_target
 .text.hardware_alarm_cancel
                0x0000000010000fc4       0x40 pico-sdk/{CMAKE_BINARY_DIR}/pico_extras/test/sd_test/CMakeFiles/sd_test.dir/Users/chuey/pico/pico-sdk/src/rp2_common/hardware_timer/timer.c.obj
                0x0000000010000fc4                hardware_alarm_cancel
 .text.lock_init
                0x0000000010001004       0x10 pico-sdk/{CMAKE_BINARY_DIR}/pico_extras/test/sd_test/CMakeFiles/sd_test.dir/Users/chuey/pico/pico-sdk/src/common/pico_sync/lock_core.c.obj
                0x0000000010001004                lock_init
 .text.mutex_init_internal
                0x0000000010001014       0x1e pico-sdk/{CMAKE_BINARY_DIR}/pico_extras/test/sd_test/CMakeFiles/sd_test.dir/Users/chuey/pico/pico-sdk/src/common/pico_sync/mutex.c.obj
 .text.mutex_init
                0x0000000010001032        0xa pico-sdk/{CMAKE_BINARY_DIR}/pico_extras/test/sd_test/CMakeFiles/sd_test.dir/Users/chuey/pico/pico-sdk/src/common/pico_sync/mutex.c.obj
                0x0000000010001032                mutex_init
 .text.recursive_mutex_init
                0x000000001000103c        0xa pico-sdk/{CMAKE_BINARY_DIR}/pico_extras/test/sd_test/CMakeFiles/sd_test.dir/Users/chuey/pico/pico-sdk/src/common/pico_sync/mutex.c.obj
                0x000000001000103c                recursive_mutex_init
 *fill*         0x0000000010001046        0x2 
 .text.ph_add_child_node
                0x0000000010001048       0xa4 pico-sdk/{CMAKE_BINARY_DIR}/pico_extras/test/sd_test/CMakeFiles/sd_test.dir/Users/chuey/pico/pico-sdk/src/common/pico_util/pheap.c.obj
 .text.ph_merge_nodes
                0x00000000100010ec       0x3e pico-sdk/{CMAKE_BINARY_DIR}/pico_extras/test/sd_test/CMakeFiles/sd_test.dir/Users/chuey/pico/pico-sdk/src/common/pico_util/pheap.c.obj
 *fill*         0x000000001000112a        0x2 
 .text.ph_clear
                0x000000001000112c       0x70 pico-sdk/{CMAKE_BINARY_DIR}/pico_extras/test/sd_test/CMakeFiles/sd_test.dir/Users/chuey/pico/pico-sdk/src/common/pico_util/pheap.c.obj
                0x000000001000112c                ph_clear
 .text.ph_post_alloc_init
                0x000000001000119c        0xe pico-sdk/{CMAKE_BINARY_DIR}/pico_extras/test/sd_test/CMakeFiles/sd_test.dir/Users/chuey/pico/pico-sdk/src/common/pico_util/pheap.c.obj
                0x000000001000119c                ph_post_alloc_init
 *fill*         0x00000000100011aa        0x2 
 .text.ph_merge_two_pass
                0x00000000100011ac       0xa8 pico-sdk/{CMAKE_BINARY_DIR}/pico_extras/test/sd_test/CMakeFiles/sd_test.dir/Users/chuey/pico/pico-sdk/src/common/pico_util/pheap.c.obj
                0x00000000100011ac                ph_merge_two_pass
 .text.ph_remove_any_head
                0x0000000010001254      0x108 pico-sdk/{CMAKE_BINARY_DIR}/pico_extras/test/sd_test/CMakeFiles/sd_test.dir/Users/chuey/pico/pico-sdk/src/common/pico_util/pheap.c.obj
 .text.ph_remove_head
                0x000000001000135c       0x14 pico-sdk/{CMAKE_BINARY_DIR}/pico_extras/test/sd_test/CMakeFiles/sd_test.dir/Users/chuey/pico/pico-sdk/src/common/pico_util/pheap.c.obj
                0x000000001000135c                ph_remove_head
 .text.ph_remove_and_free_node
                0x0000000010001370       0xf8 pico-sdk/{CMAKE_BINARY_DIR}/pico_extras/test/sd_test/CMakeFiles/sd_test.dir/Users/chuey/pico/pico-sdk/src/common/pico_util/pheap.c.obj
                0x0000000010001370                ph_remove_and_free_node
 .text.runtime_init
                0x0000000010001468       0xd8 pico-sdk/{CMAKE_BINARY_DIR}/pico_extras/test/sd_test/CMakeFiles/sd_test.dir/Users/chuey/pico/pico-sdk/src/rp2_common/pico_runtime/runtime.c.obj
                0x0000000010001468                runtime_init
 .text._exit    0x0000000010001540        0x4 pico-sdk/{CMAKE_BINARY_DIR}/pico_extras/test/sd_test/CMakeFiles/sd_test.dir/Users/chuey/pico/pico-sdk/src/rp2_common/pico_runtime/runtime.c.obj
                0x0000000010001540                _exit
 .text.exit     0x0000000010001544        0x6 pico-sdk/{CMAKE_BINARY_DIR}/pico_extras/test/sd_test/CMakeFiles/sd_test.dir/Users/chuey/pico/pico-sdk/src/rp2_common/pico_runtime/runtime.c.obj
                0x0000000010001544                exit
 *fill*         0x000000001000154a        0x2 
 .text.__assert_func
                0x000000001000154c       0x3c pico-sdk/{CMAKE_BINARY_DIR}/pico_extras/test/sd_test/CMakeFiles/sd_test.dir/Users/chuey/pico/pico-sdk/src/rp2_common/pico_runtime/runtime.c.obj
                0x000000001000154c                __assert_func
 .text.panic    0x0000000010001588       0x30 pico-sdk/{CMAKE_BINARY_DIR}/pico_extras/test/sd_test/CMakeFiles/sd_test.dir/Users/chuey/pico/pico-sdk/src/rp2_common/pico_runtime/runtime.c.obj
                0x0000000010001588                panic
 .text.clock_configure
                0x00000000100015b8      0x104 pico-sdk/{CMAKE_BINARY_DIR}/pico_extras/test/sd_test/CMakeFiles/sd_test.dir/Users/chuey/pico/pico-sdk/src/rp2_common/hardware_clocks/clocks.c.obj
                0x00000000100015b8                clock_configure
 .text.clocks_init
                0x00000000100016bc      0x100 pico-sdk/{CMAKE_BINARY_DIR}/pico_extras/test/sd_test/CMakeFiles/sd_test.dir/Users/chuey/pico/pico-sdk/src/rp2_common/hardware_clocks/clocks.c.obj
                0x00000000100016bc                clocks_init
 .text.clock_get_hz
                0x00000000100017bc        0xc pico-sdk/{CMAKE_BINARY_DIR}/pico_extras/test/sd_test/CMakeFiles/sd_test.dir/Users/chuey/pico/pico-sdk/src/rp2_common/hardware_clocks/clocks.c.obj
                0x00000000100017bc                clock_get_hz
 .text.set_raw_irq_handler_and_unlock
                0x00000000100017c8       0x28 pico-sdk/{CMAKE_BINARY_DIR}/pico_extras/test/sd_test/CMakeFiles/sd_test.dir/Users/chuey/pico/pico-sdk/src/rp2_common/hardware_irq/irq.c.obj
 .text.make_branch
                0x00000000100017f0       0x34 pico-sdk/{CMAKE_BINARY_DIR}/pico_extras/test/sd_test/CMakeFiles/sd_test.dir/Users/chuey/pico/pico-sdk/src/rp2_common/hardware_irq/irq.c.obj
 .text.insert_branch_and_link
                0x0000000010001824       0x40 pico-sdk/{CMAKE_BINARY_DIR}/pico_extras/test/sd_test/CMakeFiles/sd_test.dir/Users/chuey/pico/pico-sdk/src/rp2_common/hardware_irq/irq.c.obj
 .text.irq_is_enabled
                0x0000000010001864       0x18 pico-sdk/{CMAKE_BINARY_DIR}/pico_extras/test/sd_test/CMakeFiles/sd_test.dir/Users/chuey/pico/pico-sdk/src/rp2_common/hardware_irq/irq.c.obj
                0x0000000010001864                irq_is_enabled
 .text.irq_set_mask_enabled
                0x000000001000187c       0x20 pico-sdk/{CMAKE_BINARY_DIR}/pico_extras/test/sd_test/CMakeFiles/sd_test.dir/Users/chuey/pico/pico-sdk/src/rp2_common/hardware_irq/irq.c.obj
                0x000000001000187c                irq_set_mask_enabled
 .text.irq_set_enabled
                0x000000001000189c        0xe pico-sdk/{CMAKE_BINARY_DIR}/pico_extras/test/sd_test/CMakeFiles/sd_test.dir/Users/chuey/pico/pico-sdk/src/rp2_common/hardware_irq/irq.c.obj
                0x000000001000189c                irq_set_enabled
 *fill*         0x00000000100018aa        0x2 
 .text.irq_get_vtable_handler
                0x00000000100018ac       0x10 pico-sdk/{CMAKE_BINARY_DIR}/pico_extras/test/sd_test/CMakeFiles/sd_test.dir/Users/chuey/pico/pico-sdk/src/rp2_common/hardware_irq/irq.c.obj
                0x00000000100018ac                irq_get_vtable_handler
 .text.irq_set_exclusive_handler
                0x00000000100018bc       0x54 pico-sdk/{CMAKE_BINARY_DIR}/pico_extras/test/sd_test/CMakeFiles/sd_test.dir/Users/chuey/pico/pico-sdk/src/rp2_common/hardware_irq/irq.c.obj
                0x00000000100018bc                irq_set_exclusive_handler
 .text.irq_remove_handler
                0x0000000010001910      0x1ac pico-sdk/{CMAKE_BINARY_DIR}/pico_extras/test/sd_test/CMakeFiles/sd_test.dir/Users/chuey/pico/pico-sdk/src/rp2_common/hardware_irq/irq.c.obj
                0x0000000010001910                irq_remove_handler
 .text.irq_set_priority
                0x0000000010001abc       0x28 pico-sdk/{CMAKE_BINARY_DIR}/pico_extras/test/sd_test/CMakeFiles/sd_test.dir/Users/chuey/pico/pico-sdk/src/rp2_common/hardware_irq/irq.c.obj
                0x0000000010001abc                irq_set_priority
 .text.irq_add_tail_to_free_list
                0x0000000010001ae4       0xf0 pico-sdk/{CMAKE_BINARY_DIR}/pico_extras/test/sd_test/CMakeFiles/sd_test.dir/Users/chuey/pico/pico-sdk/src/rp2_common/hardware_irq/irq.c.obj
                0x0000000010001ae4                irq_add_tail_to_free_list
 .text.irq_init_priorities
                0x0000000010001bd4       0x16 pico-sdk/{CMAKE_BINARY_DIR}/pico_extras/test/sd_test/CMakeFiles/sd_test.dir/Users/chuey/pico/pico-sdk/src/rp2_common/hardware_irq/irq.c.obj
                0x0000000010001bd4                irq_init_priorities
 *fill*         0x0000000010001bea        0x2 
 .text.pll_init
                0x0000000010001bec      0x118 pico-sdk/{CMAKE_BINARY_DIR}/pico_extras/test/sd_test/CMakeFiles/sd_test.dir/Users/chuey/pico/pico-sdk/src/rp2_common/hardware_pll/pll.c.obj
                0x0000000010001bec                pll_init
 .text.pll_deinit
                0x0000000010001d04        0x6 pico-sdk/{CMAKE_BINARY_DIR}/pico_extras/test/sd_test/CMakeFiles/sd_test.dir/Users/chuey/pico/pico-sdk/src/rp2_common/hardware_pll/pll.c.obj
                0x0000000010001d04                pll_deinit
 *fill*         0x0000000010001d0a        0x2 
 .text.watchdog_start_tick
                0x0000000010001d0c       0x10 pico-sdk/{CMAKE_BINARY_DIR}/pico_extras/test/sd_test/CMakeFiles/sd_test.dir/Users/chuey/pico/pico-sdk/src/rp2_common/hardware_watchdog/watchdog.c.obj
                0x0000000010001d0c                watchdog_start_tick
 .text.xosc_init
                0x0000000010001d1c       0x28 pico-sdk/{CMAKE_BINARY_DIR}/pico_extras/test/sd_test/CMakeFiles/sd_test.dir/Users/chuey/pico/pico-sdk/src/rp2_common/hardware_xosc/xosc.c.obj
                0x0000000010001d1c                xosc_init
 .text._out_null
                0x0000000010001d44        0x2 pico-sdk/{CMAKE_BINARY_DIR}/pico_extras/test/sd_test/CMakeFiles/sd_test.dir/Users/chuey/pico/pico-sdk/src/rp2_common/pico_printf/printf.c.obj
 .text._out_fct
                0x0000000010001d46        0xe pico-sdk/{CMAKE_BINARY_DIR}/pico_extras/test/sd_test/CMakeFiles/sd_test.dir/Users/chuey/pico/pico-sdk/src/rp2_common/pico_printf/printf.c.obj
 .text._atoi    0x0000000010001d54       0x24 pico-sdk/{CMAKE_BINARY_DIR}/pico_extras/test/sd_test/CMakeFiles/sd_test.dir/Users/chuey/pico/pico-sdk/src/rp2_common/pico_printf/printf.c.obj
 .text._out_rev
                0x0000000010001d78       0xae pico-sdk/{CMAKE_BINARY_DIR}/pico_extras/test/sd_test/CMakeFiles/sd_test.dir/Users/chuey/pico/pico-sdk/src/rp2_common/pico_printf/printf.c.obj
 .text._ntoa_format
                0x0000000010001e26      0x110 pico-sdk/{CMAKE_BINARY_DIR}/pico_extras/test/sd_test/CMakeFiles/sd_test.dir/Users/chuey/pico/pico-sdk/src/rp2_common/pico_printf/printf.c.obj
 .text._ntoa_long
                0x0000000010001f36       0xbc pico-sdk/{CMAKE_BINARY_DIR}/pico_extras/test/sd_test/CMakeFiles/sd_test.dir/Users/chuey/pico/pico-sdk/src/rp2_common/pico_printf/printf.c.obj
 .text._ntoa_long_long
                0x0000000010001ff2       0xe2 pico-sdk/{CMAKE_BINARY_DIR}/pico_extras/test/sd_test/CMakeFiles/sd_test.dir/Users/chuey/pico/pico-sdk/src/rp2_common/pico_printf/printf.c.obj
 .text._etoa    0x00000000100020d4      0x40c pico-sdk/{CMAKE_BINARY_DIR}/pico_extras/test/sd_test/CMakeFiles/sd_test.dir/Users/chuey/pico/pico-sdk/src/rp2_common/pico_printf/printf.c.obj
 .text._ftoa    0x00000000100024e0      0x354 pico-sdk/{CMAKE_BINARY_DIR}/pico_extras/test/sd_test/CMakeFiles/sd_test.dir/Users/chuey/pico/pico-sdk/src/rp2_common/pico_printf/printf.c.obj
 .text._vsnprintf
                0x0000000010002834      0x628 pico-sdk/{CMAKE_BINARY_DIR}/pico_extras/test/sd_test/CMakeFiles/sd_test.dir/Users/chuey/pico/pico-sdk/src/rp2_common/pico_printf/printf.c.obj
 .text.vfctprintf
                0x0000000010002e5c       0x20 pico-sdk/{CMAKE_BINARY_DIR}/pico_extras/test/sd_test/CMakeFiles/sd_test.dir/Users/chuey/pico/pico-sdk/src/rp2_common/pico_printf/printf.c.obj
                0x0000000010002e5c                vfctprintf
 .text          0x0000000010002e7c       0x10 pico-sdk/{CMAKE_BINARY_DIR}/pico_extras/test/sd_test/CMakeFiles/sd_test.dir/Users/chuey/pico/pico-sdk/src/rp2_common/pico_bit_ops/bit_ops_aeabi.S.obj
 .text.ctzsi    0x0000000010002e8c        0xc pico-sdk/{CMAKE_BINARY_DIR}/pico_extras/test/sd_test/CMakeFiles/sd_test.dir/Users/chuey/pico/pico-sdk/src/rp2_common/pico_bit_ops/bit_ops_aeabi.S.obj
                0x0000000010002e8c                __wrap___ctzsi2
 .text.rom_func_lookup
                0x0000000010002e98       0x10 pico-sdk/{CMAKE_BINARY_DIR}/pico_extras/test/sd_test/CMakeFiles/sd_test.dir/Users/chuey/pico/pico-sdk/src/rp2_common/pico_bootrom/bootrom.c.obj
                0x0000000010002e98                rom_func_lookup
 .text.rom_data_lookup
                0x0000000010002ea8       0x10 pico-sdk/{CMAKE_BINARY_DIR}/pico_extras/test/sd_test/CMakeFiles/sd_test.dir/Users/chuey/pico/pico-sdk/src/rp2_common/pico_bootrom/bootrom.c.obj
                0x0000000010002ea8                rom_data_lookup
 .text.rom_funcs_lookup
                0x0000000010002eb8       0x36 pico-sdk/{CMAKE_BINARY_DIR}/pico_extras/test/sd_test/CMakeFiles/sd_test.dir/Users/chuey/pico/pico-sdk/src/rp2_common/pico_bootrom/bootrom.c.obj
                0x0000000010002eb8                rom_funcs_lookup
 *fill*         0x0000000010002eee        0x2 
 .text.__wrap___aeabi_idiv
                0x0000000010002ef0       0x50 pico-sdk/{CMAKE_BINARY_DIR}/pico_extras/test/sd_test/CMakeFiles/sd_test.dir/Users/chuey/pico/pico-sdk/src/rp2_common/pico_divider/divider.S.obj
                0x0000000010002ef0                __wrap___aeabi_idivmod
                0x0000000010002ef0                divmod_s32s32
                0x0000000010002ef0                div_s32s32
                0x0000000010002ef0                __wrap___aeabi_idiv
                0x0000000010002ef8                divmod_s32s32_unsafe
                0x0000000010002f24                divmod_s32s32_savestate
 .text.__wrap___aeabi_uidiv
                0x0000000010002f40       0x4c pico-sdk/{CMAKE_BINARY_DIR}/pico_extras/test/sd_test/CMakeFiles/sd_test.dir/Users/chuey/pico/pico-sdk/src/rp2_common/pico_divider/divider.S.obj
                0x0000000010002f40                __wrap___aeabi_uidiv
                0x0000000010002f40                __wrap___aeabi_uidivmod
                0x0000000010002f40                div_u32u32
                0x0000000010002f40                divmod_u32u32
                0x0000000010002f48                divmod_u32u32_unsafe
                0x0000000010002f70                divmod_u32u32_savestate
 .text.__wrap___aeabi_ldiv
                0x0000000010002f8c      0x430 pico-sdk/{CMAKE_BINARY_DIR}/pico_extras/test/sd_test/CMakeFiles/sd_test.dir/Users/chuey/pico/pico-sdk/src/rp2_common/pico_divider/divider.S.obj
                0x0000000010002f8c                __wrap___aeabi_ldivmod
                0x0000000010002f8c                div_s64s64
                0x0000000010002f8c                divmod_s64s64
                0x0000000010002fc4                divmod_u64u64
                0x0000000010002fc4                div_u64u64
                0x0000000010002fc4                __wrap___aeabi_uldivmod
                0x0000000010002fd4                divmod_u64u64_savestate
                0x0000000010002ffc                divmod_s64s64_unsafe
                0x0000000010003084                divmod_u64u64_unsafe
 .text.__wrap___aeabi_darithmetic
                0x00000000100033bc       0x80 pico-sdk/{CMAKE_BINARY_DIR}/pico_extras/test/sd_test/CMakeFiles/sd_test.dir/Users/chuey/pico/pico-sdk/src/rp2_common/pico_double/double_aeabi.S.obj
                0x00000000100033bc                __wrap___aeabi_drsub
                0x00000000100033c2                __wrap___aeabi_dsub
                0x00000000100033d4                __wrap___aeabi_dadd
                0x00000000100033e6                __wrap___aeabi_ddiv
                0x0000000010003422                __wrap___aeabi_dmul
 .text.__wrap___aeabi_cdcmple
                0x000000001000343c       0x6c pico-sdk/{CMAKE_BINARY_DIR}/pico_extras/test/sd_test/CMakeFiles/sd_test.dir/Users/chuey/pico/pico-sdk/src/rp2_common/pico_double/double_aeabi.S.obj
                0x000000001000343c                __wrap___aeabi_cdrcmple
                0x000000001000344c                __wrap___aeabi_cdcmple
                0x000000001000344c                __wrap___aeabi_cdcmpeq
 .text.__wrap___aeabi_dcmplt
                0x00000000100034a8        0xc pico-sdk/{CMAKE_BINARY_DIR}/pico_extras/test/sd_test/CMakeFiles/sd_test.dir/Users/chuey/pico/pico-sdk/src/rp2_common/pico_double/double_aeabi.S.obj
                0x00000000100034a8                __wrap___aeabi_dcmplt
 .text.__wrap___aeabi_dcmple
                0x00000000100034b4       0x10 pico-sdk/{CMAKE_BINARY_DIR}/pico_extras/test/sd_test/CMakeFiles/sd_test.dir/Users/chuey/pico/pico-sdk/src/rp2_common/pico_double/double_aeabi.S.obj
                0x00000000100034b4                __wrap___aeabi_dcmple
 .text.__wrap___aeabi_dcmpge
                0x00000000100034c4       0x10 pico-sdk/{CMAKE_BINARY_DIR}/pico_extras/test/sd_test/CMakeFiles/sd_test.dir/Users/chuey/pico/pico-sdk/src/rp2_common/pico_double/double_aeabi.S.obj
                0x00000000100034c4                __wrap___aeabi_dcmpge
 .text.__wrap___aeabi_dcmpgt
                0x00000000100034d4        0xa pico-sdk/{CMAKE_BINARY_DIR}/pico_extras/test/sd_test/CMakeFiles/sd_test.dir/Users/chuey/pico/pico-sdk/src/rp2_common/pico_double/double_aeabi.S.obj
                0x00000000100034d4                __wrap___aeabi_dcmpgt
 .text.__wrap___aeabi_dcmpun
                0x00000000100034de       0x1c pico-sdk/{CMAKE_BINARY_DIR}/pico_extras/test/sd_test/CMakeFiles/sd_test.dir/Users/chuey/pico/pico-sdk/src/rp2_common/pico_double/double_aeabi.S.obj
                0x00000000100034de                __wrap___aeabi_dcmpun
 *fill*         0x00000000100034fa        0x2 
 .text.__wrap___aeabi_i2d
                0x00000000100034fc       0x38 pico-sdk/{CMAKE_BINARY_DIR}/pico_extras/test/sd_test/CMakeFiles/sd_test.dir/Users/chuey/pico/pico-sdk/src/rp2_common/pico_double/double_aeabi.S.obj
                0x00000000100034fc                __wrap___aeabi_ui2d
                0x0000000010003504                __wrap___aeabi_i2d
 .text.__wrap___aeabi_d2iz
                0x0000000010003534       0x48 pico-sdk/{CMAKE_BINARY_DIR}/pico_extras/test/sd_test/CMakeFiles/sd_test.dir/Users/chuey/pico/pico-sdk/src/rp2_common/pico_double/double_aeabi.S.obj
                0x0000000010003534                __wrap___aeabi_d2iz
                0x0000000010003534                double2int_z
 .text.__wrap___aeabi_d2uiz
                0x000000001000357c       0x18 pico-sdk/{CMAKE_BINARY_DIR}/pico_extras/test/sd_test/CMakeFiles/sd_test.dir/Users/chuey/pico/pico-sdk/src/rp2_common/pico_double/double_aeabi.S.obj
                0x000000001000357c                double2uint
                0x000000001000357c                __wrap___aeabi_d2uiz
 .text.__aeabi_double_init
                0x0000000010003594       0xb4 pico-sdk/{CMAKE_BINARY_DIR}/pico_extras/test/sd_test/CMakeFiles/sd_test.dir/Users/chuey/pico/pico-sdk/src/rp2_common/pico_double/double_init_rom.c.obj
                0x0000000010003594                __aeabi_double_init
 .text.double_table_shim_on_use_helper
                0x0000000010003648       0x34 pico-sdk/{CMAKE_BINARY_DIR}/pico_extras/test/sd_test/CMakeFiles/sd_test.dir/Users/chuey/pico/pico-sdk/src/rp2_common/pico_double/double_v1_rom_shim.S.obj
                0x0000000010003648                double_table_shim_on_use_helper
 .text.__wrap___aeabi_dsub
                0x000000001000367c       0x10 pico-sdk/{CMAKE_BINARY_DIR}/pico_extras/test/sd_test/CMakeFiles/sd_test.dir/Users/chuey/pico/pico-sdk/src/rp2_common/pico_double/double_v1_rom_shim.S.obj
                0x000000001000367c                drsub_shim
                0x0000000010003682                dsub_shim
 .text.dadd_shim
                0x000000001000368c      0x15c pico-sdk/{CMAKE_BINARY_DIR}/pico_extras/test/sd_test/CMakeFiles/sd_test.dir/Users/chuey/pico/pico-sdk/src/rp2_common/pico_double/double_v1_rom_shim.S.obj
                0x000000001000368c                dadd_shim
 .text.dmul_shim
                0x00000000100037e8      0x15c pico-sdk/{CMAKE_BINARY_DIR}/pico_extras/test/sd_test/CMakeFiles/sd_test.dir/Users/chuey/pico/pico-sdk/src/rp2_common/pico_double/double_v1_rom_shim.S.obj
                0x00000000100037e8                dmul_shim
 .text.ddiv_shim
                0x0000000010003944      0x1b0 pico-sdk/{CMAKE_BINARY_DIR}/pico_extras/test/sd_test/CMakeFiles/sd_test.dir/Users/chuey/pico/pico-sdk/src/rp2_common/pico_double/double_v1_rom_shim.S.obj
                0x0000000010003944                ddiv_shim
 .text.dcordic_rot_step
                0x0000000010003af4       0x7c pico-sdk/{CMAKE_BINARY_DIR}/pico_extras/test/sd_test/CMakeFiles/sd_test.dir/Users/chuey/pico/pico-sdk/src/rp2_common/pico_double/double_v1_rom_shim.S.obj
                0x0000000010003af4                dcordic_rot_step
 .text.double2uint_shim
                0x0000000010003b70        0xe pico-sdk/{CMAKE_BINARY_DIR}/pico_extras/test/sd_test/CMakeFiles/sd_test.dir/Users/chuey/pico/pico-sdk/src/rp2_common/pico_double/double_v1_rom_shim.S.obj
                0x0000000010003b70                double2uint_shim
                0x0000000010003b72                double2ufix_shim
 *fill*         0x0000000010003b7e        0x2 
 .text.double2uint64_shim
                0x0000000010003b80       0x6c pico-sdk/{CMAKE_BINARY_DIR}/pico_extras/test/sd_test/CMakeFiles/sd_test.dir/Users/chuey/pico/pico-sdk/src/rp2_common/pico_double/double_v1_rom_shim.S.obj
                0x0000000010003b80                double2uint64_shim
                0x0000000010003b82                double2ufix64_shim
                0x0000000010003b9c                d2fix_a
 .text.dunpacks
                0x0000000010003bec       0x3c pico-sdk/{CMAKE_BINARY_DIR}/pico_extras/test/sd_test/CMakeFiles/sd_test.dir/Users/chuey/pico/pico-sdk/src/rp2_common/pico_double/double_v1_rom_shim.S.obj
                0x0000000010003bec                dunpacks
 .text.__aeabi_float_init
                0x0000000010003c28       0xfc pico-sdk/{CMAKE_BINARY_DIR}/pico_extras/test/sd_test/CMakeFiles/sd_test.dir/Users/chuey/pico/pico-sdk/src/rp2_common/pico_float/float_init_rom.c.obj
                0x0000000010003c28                __aeabi_float_init
 .text.float_table_shim_on_use_helper
                0x0000000010003d24       0x34 pico-sdk/{CMAKE_BINARY_DIR}/pico_extras/test/sd_test/CMakeFiles/sd_test.dir/Users/chuey/pico/pico-sdk/src/rp2_common/pico_float/float_v1_rom_shim.S.obj
                0x0000000010003d24                float_table_shim_on_use_helper
 .text          0x0000000010003d58       0x10 pico-sdk/{CMAKE_BINARY_DIR}/pico_extras/test/sd_test/CMakeFiles/sd_test.dir/Users/chuey/pico/pico-sdk/src/rp2_common/pico_mem_ops/mem_ops_aeabi.S.obj
                0x0000000010003d58                __aeabi_mem_init
 .text.memset   0x0000000010003d68        0xc pico-sdk/{CMAKE_BINARY_DIR}/pico_extras/test/sd_test/CMakeFiles/sd_test.dir/Users/chuey/pico/pico-sdk/src/rp2_common/pico_mem_ops/mem_ops_aeabi.S.obj
                0x0000000010003d68                __wrap_memset
 .text.memcpy   0x0000000010003d74        0xc pico-sdk/{CMAKE_BINARY_DIR}/pico_extras/test/sd_test/CMakeFiles/sd_test.dir/Users/chuey/pico/pico-sdk/src/rp2_common/pico_mem_ops/mem_ops_aeabi.S.obj
                0x0000000010003d74                __wrap___aeabi_memcpy
                0x0000000010003d74                __wrap_memcpy
 .text.stdio_out_chars_crlf
                0x0000000010003d80       0x80 pico-sdk/{CMAKE_BINARY_DIR}/pico_extras/test/sd_test/CMakeFiles/sd_test.dir/Users/chuey/pico/pico-sdk/src/rp2_common/pico_stdio/stdio.c.obj
 .text.stdio_stack_buffer_flush
                0x0000000010003e00       0x44 pico-sdk/{CMAKE_BINARY_DIR}/pico_extras/test/sd_test/CMakeFiles/sd_test.dir/Users/chuey/pico/pico-sdk/src/rp2_common/pico_stdio/stdio.c.obj
 .text.stdio_buffered_printer
                0x0000000010003e44       0x20 pico-sdk/{CMAKE_BINARY_DIR}/pico_extras/test/sd_test/CMakeFiles/sd_test.dir/Users/chuey/pico/pico-sdk/src/rp2_common/pico_stdio/stdio.c.obj
 .text.stdout_serialize_begin
                0x0000000010003e64       0x30 pico-sdk/{CMAKE_BINARY_DIR}/pico_extras/test/sd_test/CMakeFiles/sd_test.dir/Users/chuey/pico/pico-sdk/src/rp2_common/pico_stdio/stdio.c.obj
                0x0000000010003e64                stdout_serialize_begin
 .text.stdout_serialize_end
                0x0000000010003e94       0x10 pico-sdk/{CMAKE_BINARY_DIR}/pico_extras/test/sd_test/CMakeFiles/sd_test.dir/Users/chuey/pico/pico-sdk/src/rp2_common/pico_stdio/stdio.c.obj
                0x0000000010003e94                stdout_serialize_end
 .text.stdio_put_string
                0x0000000010003ea4       0x84 pico-sdk/{CMAKE_BINARY_DIR}/pico_extras/test/sd_test/CMakeFiles/sd_test.dir/Users/chuey/pico/pico-sdk/src/rp2_common/pico_stdio/stdio.c.obj
 .text.__wrap_putchar
                0x0000000010003f28       0x1a pico-sdk/{CMAKE_BINARY_DIR}/pico_extras/test/sd_test/CMakeFiles/sd_test.dir/Users/chuey/pico/pico-sdk/src/rp2_common/pico_stdio/stdio.c.obj
                0x0000000010003f28                __wrap_putchar
 *fill*         0x0000000010003f42        0x2 
 .text.stdio_set_driver_enabled
                0x0000000010003f44       0x38 pico-sdk/{CMAKE_BINARY_DIR}/pico_extras/test/sd_test/CMakeFiles/sd_test.dir/Users/chuey/pico/pico-sdk/src/rp2_common/pico_stdio/stdio.c.obj
                0x0000000010003f44                stdio_set_driver_enabled
 .text.stdio_flush
                0x0000000010003f7c       0x20 pico-sdk/{CMAKE_BINARY_DIR}/pico_extras/test/sd_test/CMakeFiles/sd_test.dir/Users/chuey/pico/pico-sdk/src/rp2_common/pico_stdio/stdio.c.obj
                0x0000000010003f7c                stdio_flush
 .text.__wrap_puts
                0x0000000010003f9c       0x1c pico-sdk/{CMAKE_BINARY_DIR}/pico_extras/test/sd_test/CMakeFiles/sd_test.dir/Users/chuey/pico/pico-sdk/src/rp2_common/pico_stdio/stdio.c.obj
                0x0000000010003f9c                __wrap_puts
 .text.__wrap_vprintf
                0x0000000010003fb8       0x44 pico-sdk/{CMAKE_BINARY_DIR}/pico_extras/test/sd_test/CMakeFiles/sd_test.dir/Users/chuey/pico/pico-sdk/src/rp2_common/pico_stdio/stdio.c.obj
                0x0000000010003fb8                __wrap_vprintf
 .text.__wrap_printf
                0x0000000010003ffc       0x18 pico-sdk/{CMAKE_BINARY_DIR}/pico_extras/test/sd_test/CMakeFiles/sd_test.dir/Users/chuey/pico/pico-sdk/src/rp2_common/pico_stdio/stdio.c.obj
                0x0000000010003ffc                __wrap_printf
 .text.stdio_init_all
                0x0000000010004014        0x8 pico-sdk/{CMAKE_BINARY_DIR}/pico_extras/test/sd_test/CMakeFiles/sd_test.dir/Users/chuey/pico/pico-sdk/src/rp2_common/pico_stdio/stdio.c.obj
                0x0000000010004014                stdio_init_all
 .text.stdio_uart_out_chars
                0x000000001000401c       0x74 pico-sdk/{CMAKE_BINARY_DIR}/pico_extras/test/sd_test/CMakeFiles/sd_test.dir/Users/chuey/pico/pico-sdk/src/rp2_common/pico_stdio_uart/stdio_uart.c.obj
 .text.stdio_uart_in_chars
                0x0000000010004090       0x54 pico-sdk/{CMAKE_BINARY_DIR}/pico_extras/test/sd_test/CMakeFiles/sd_test.dir/Users/chuey/pico/pico-sdk/src/rp2_common/pico_stdio_uart/stdio_uart.c.obj
                0x0000000010004090                stdio_uart_in_chars
 .text.stdio_uart_init_full
                0x00000000100040e4       0x3c pico-sdk/{CMAKE_BINARY_DIR}/pico_extras/test/sd_test/CMakeFiles/sd_test.dir/Users/chuey/pico/pico-sdk/src/rp2_common/pico_stdio_uart/stdio_uart.c.obj
                0x00000000100040e4                stdio_uart_init_full
 .text.stdio_uart_init
                0x0000000010004120       0x28 pico-sdk/{CMAKE_BINARY_DIR}/pico_extras/test/sd_test/CMakeFiles/sd_test.dir/Users/chuey/pico/pico-sdk/src/rp2_common/pico_stdio_uart/stdio_uart.c.obj
                0x0000000010004120                stdio_uart_init
 .text.start_read_to_buf
                0x0000000010004148      0x120 pico-sdk/{CMAKE_BINARY_DIR}/pico_extras/test/sd_test/CMakeFiles/sd_test.dir/__/__/src/rp2_common/pico_sd_card/sd_card.c.obj
 .text.dma_ctrl_for
                0x0000000010004268       0xf4 pico-sdk/{CMAKE_BINARY_DIR}/pico_extras/test/sd_test/CMakeFiles/sd_test.dir/__/__/src/rp2_common/pico_sd_card/sd_card.c.obj
 .text.spoop    0x000000001000435c       0x48 pico-sdk/{CMAKE_BINARY_DIR}/pico_extras/test/sd_test/CMakeFiles/sd_test.dir/__/__/src/rp2_common/pico_sd_card/sd_card.c.obj
 .text.sd_command
                0x00000000100043a4      0x234 pico-sdk/{CMAKE_BINARY_DIR}/pico_extras/test/sd_test/CMakeFiles/sd_test.dir/__/__/src/rp2_common/pico_sd_card/sd_card.c.obj
                0x00000000100043a4                sd_command
 .text.sd_wait  0x00000000100045d8      0x224 pico-sdk/{CMAKE_BINARY_DIR}/pico_extras/test/sd_test/CMakeFiles/sd_test.dir/__/__/src/rp2_common/pico_sd_card/sd_card.c.obj
                0x00000000100045d8                sd_wait
 .text.sd_set_wide_bus
                0x00000000100047fc       0xe8 pico-sdk/{CMAKE_BINARY_DIR}/pico_extras/test/sd_test/CMakeFiles/sd_test.dir/__/__/src/rp2_common/pico_sd_card/sd_card.c.obj
                0x00000000100047fc                sd_set_wide_bus
 .text.sd_set_clock_divider
                0x00000000100048e4       0x24 pico-sdk/{CMAKE_BINARY_DIR}/pico_extras/test/sd_test/CMakeFiles/sd_test.dir/__/__/src/rp2_common/pico_sd_card/sd_card.c.obj
                0x00000000100048e4                sd_set_clock_divider
 .text.sd_init  0x0000000010004908      0x498 pico-sdk/{CMAKE_BINARY_DIR}/pico_extras/test/sd_test/CMakeFiles/sd_test.dir/__/__/src/rp2_common/pico_sd_card/sd_card.c.obj
 .text.sd_init_1pin
                0x0000000010004da0       0x14 pico-sdk/{CMAKE_BINARY_DIR}/pico_extras/test/sd_test/CMakeFiles/sd_test.dir/__/__/src/rp2_common/pico_sd_card/sd_card.c.obj
                0x0000000010004da0                sd_init_1pin
 .text.sd_readblocks_scatter_async
                0x0000000010004db4      0x264 pico-sdk/{CMAKE_BINARY_DIR}/pico_extras/test/sd_test/CMakeFiles/sd_test.dir/__/__/src/rp2_common/pico_sd_card/sd_card.c.obj
                0x0000000010004db4                sd_readblocks_scatter_async
 .text.sd_scatter_read_complete
                0x0000000010005018       0xb0 pico-sdk/{CMAKE_BINARY_DIR}/pico_extras/test/sd_test/CMakeFiles/sd_test.dir/__/__/src/rp2_common/pico_sd_card/sd_card.c.obj
                0x0000000010005018                sd_scatter_read_complete
 .text.sd_readblocks_sync
                0x00000000100050c8       0x88 pico-sdk/{CMAKE_BINARY_DIR}/pico_extras/test/sd_test/CMakeFiles/sd_test.dir/__/__/src/rp2_common/pico_sd_card/sd_card.c.obj
                0x00000000100050c8                sd_readblocks_sync
 .text.sd_read_sectors_1bit_crc_async
                0x0000000010005150      0x334 pico-sdk/{CMAKE_BINARY_DIR}/pico_extras/test/sd_test/CMakeFiles/sd_test.dir/__/__/src/rp2_common/pico_sd_card/sd_card.c.obj
                0x0000000010005150                sd_read_sectors_1bit_crc_async
 .text._pio_can_add_program_at_offset
                0x0000000010005484       0x3c pico-sdk/{CMAKE_BINARY_DIR}/pico_extras/test/sd_test/CMakeFiles/sd_test.dir/Users/chuey/pico/pico-sdk/src/rp2_common/hardware_pio/pio.c.obj
 .text._pio_find_offset_for_program
                0x00000000100054c0       0x7c pico-sdk/{CMAKE_BINARY_DIR}/pico_extras/test/sd_test/CMakeFiles/sd_test.dir/Users/chuey/pico/pico-sdk/src/rp2_common/hardware_pio/pio.c.obj
 .text._pio_add_program_at_offset
                0x000000001000553c       0x78 pico-sdk/{CMAKE_BINARY_DIR}/pico_extras/test/sd_test/CMakeFiles/sd_test.dir/Users/chuey/pico/pico-sdk/src/rp2_common/hardware_pio/pio.c.obj
 .text.pio_add_program
                0x00000000100055b4       0x38 pico-sdk/{CMAKE_BINARY_DIR}/pico_extras/test/sd_test/CMakeFiles/sd_test.dir/Users/chuey/pico/pico-sdk/src/rp2_common/hardware_pio/pio.c.obj
                0x00000000100055b4                pio_add_program
 .text.pio_sm_set_pindirs_with_mask
                0x00000000100055ec       0x70 pico-sdk/{CMAKE_BINARY_DIR}/pico_extras/test/sd_test/CMakeFiles/sd_test.dir/Users/chuey/pico/pico-sdk/src/rp2_common/hardware_pio/pio.c.obj
                0x00000000100055ec                pio_sm_set_pindirs_with_mask
 .text.pio_sm_init
                0x000000001000565c       0xa8 pico-sdk/{CMAKE_BINARY_DIR}/pico_extras/test/sd_test/CMakeFiles/sd_test.dir/Users/chuey/pico/pico-sdk/src/rp2_common/hardware_pio/pio.c.obj
                0x000000001000565c                pio_sm_init
 .text.strlen   0x0000000010005704       0x5c /usr/local/Cellar/gcc-arm-none-eabi/20200630/bin/../lib/gcc/arm-none-eabi/9.3.1/../../../../arm-none-eabi/lib/thumb/v6-m/nofp/libg.a(lib_a-strlen-stub.o)
                0x0000000010005704                strlen
 *(.fini)
 .fini          0x0000000010005760        0x4 /usr/local/Cellar/gcc-arm-none-eabi/20200630/bin/../lib/gcc/arm-none-eabi/9.3.1/thumb/v6-m/nofp/crti.o
                0x0000000010005760                _fini
 *fill*         0x0000000010005764        0x4 
 .fini.__stub   0x0000000010005768       0x80 linker stubs
 *crtbegin.o(.ctors)
 *crtbegin?.o(.ctors)
 *(EXCLUDE_FILE(*crtend.o *crtend?.o) .ctors)
 *(SORT_BY_NAME(.ctors.*))
 *(.ctors)
 *crtbegin.o(.dtors)
 *crtbegin?.o(.dtors)
 *(EXCLUDE_FILE(*crtend.o *crtend?.o) .dtors)
 *(SORT_BY_NAME(.dtors.*))
 *(.dtors)
 *(.eh_frame*)
 .eh_frame      0x00000000100057e8        0x0 /usr/local/Cellar/gcc-arm-none-eabi/20200630/bin/../lib/gcc/arm-none-eabi/9.3.1/thumb/v6-m/nofp/crtbegin.o
                0x00000000100057e8                . = ALIGN (0x4)

.glue_7         0x00000000100057e8        0x0
 .glue_7        0x00000000100057e8        0x0 linker stubs

.glue_7t        0x00000000100057e8        0x0
 .glue_7t       0x00000000100057e8        0x0 linker stubs

.vfp11_veneer   0x00000000100057e8        0x0
 .vfp11_veneer  0x00000000100057e8        0x0 linker stubs

.v4_bx          0x00000000100057e8        0x0
 .v4_bx         0x00000000100057e8        0x0 linker stubs

.iplt           0x00000000100057e8        0x0
 .iplt          0x00000000100057e8        0x0 /usr/local/Cellar/gcc-arm-none-eabi/20200630/bin/../lib/gcc/arm-none-eabi/9.3.1/thumb/v6-m/nofp/crtbegin.o

.rodata         0x00000000100057e8     0x1798
 *(EXCLUDE_FILE(*libm.a: *libc.a:*lib_a-mem*.o *libgcc.a:) .rodata*)
 .rodata.main.str1.4
                0x00000000100057e8       0x7a pico-sdk/{CMAKE_BINARY_DIR}/pico_extras/test/sd_test/CMakeFiles/sd_test.dir/sd_test.c.obj
 *fill*         0x0000000010005862        0x2 
 .rodata.repeating_timer_callback.str1.4
                0x0000000010005864       0x4b pico-sdk/{CMAKE_BINARY_DIR}/pico_extras/test/sd_test/CMakeFiles/sd_test.dir/Users/chuey/pico/pico-sdk/src/common/pico_time/time.c.obj
 *fill*         0x00000000100058af        0x1 
 .rodata.alarm_pool_dump_key.str1.4
                0x00000000100058b0       0x33 pico-sdk/{CMAKE_BINARY_DIR}/pico_extras/test/sd_test/CMakeFiles/sd_test.dir/Users/chuey/pico/pico-sdk/src/common/pico_time/time.c.obj
 *fill*         0x00000000100058e3        0x1 
 .rodata.ph_add_child_node.str1.4
                0x00000000100058e4       0x96 pico-sdk/{CMAKE_BINARY_DIR}/pico_extras/test/sd_test/CMakeFiles/sd_test.dir/Users/chuey/pico/pico-sdk/src/common/pico_time/time.c.obj
 *fill*         0x000000001000597a        0x2 
 .rodata.add_alarm_under_lock.str1.4
                0x000000001000597c       0x28 pico-sdk/{CMAKE_BINARY_DIR}/pico_extras/test/sd_test/CMakeFiles/sd_test.dir/Users/chuey/pico/pico-sdk/src/common/pico_time/time.c.obj
                                         0x2b (size before relaxing)
 .rodata.alarm_pool_alarm_callback.str1.4
                0x00000000100059a4       0xe6 pico-sdk/{CMAKE_BINARY_DIR}/pico_extras/test/sd_test/CMakeFiles/sd_test.dir/Users/chuey/pico/pico-sdk/src/common/pico_time/time.c.obj
 *fill*         0x0000000010005a8a        0x2 
 .rodata.__func__.5711
                0x0000000010005a8c       0x15 pico-sdk/{CMAKE_BINARY_DIR}/pico_extras/test/sd_test/CMakeFiles/sd_test.dir/Users/chuey/pico/pico-sdk/src/common/pico_time/time.c.obj
 *fill*         0x0000000010005aa1        0x3 
 .rodata.__func__.6012
                0x0000000010005aa4        0xc pico-sdk/{CMAKE_BINARY_DIR}/pico_extras/test/sd_test/CMakeFiles/sd_test.dir/Users/chuey/pico/pico-sdk/src/common/pico_time/time.c.obj
 .rodata.__func__.6019
                0x0000000010005ab0       0x12 pico-sdk/{CMAKE_BINARY_DIR}/pico_extras/test/sd_test/CMakeFiles/sd_test.dir/Users/chuey/pico/pico-sdk/src/common/pico_time/time.c.obj
 *fill*         0x0000000010005ac2        0x2 
 .rodata.__func__.6035
                0x0000000010005ac4        0xf pico-sdk/{CMAKE_BINARY_DIR}/pico_extras/test/sd_test/CMakeFiles/sd_test.dir/Users/chuey/pico/pico-sdk/src/common/pico_time/time.c.obj
 *fill*         0x0000000010005ad3        0x1 
 .rodata.__func__.6057
                0x0000000010005ad4        0xd pico-sdk/{CMAKE_BINARY_DIR}/pico_extras/test/sd_test/CMakeFiles/sd_test.dir/Users/chuey/pico/pico-sdk/src/common/pico_time/time.c.obj
 *fill*         0x0000000010005ae1        0x3 
 .rodata.__func__.6258
                0x0000000010005ae4        0xa pico-sdk/{CMAKE_BINARY_DIR}/pico_extras/test/sd_test/CMakeFiles/sd_test.dir/Users/chuey/pico/pico-sdk/src/common/pico_time/time.c.obj
 *fill*         0x0000000010005aee        0x2 
 .rodata.__func__.6263
                0x0000000010005af0       0x12 pico-sdk/{CMAKE_BINARY_DIR}/pico_extras/test/sd_test/CMakeFiles/sd_test.dir/Users/chuey/pico/pico-sdk/src/common/pico_time/time.c.obj
 *fill*         0x0000000010005b02        0x2 
 .rodata.__func__.6289
                0x0000000010005b04       0x15 pico-sdk/{CMAKE_BINARY_DIR}/pico_extras/test/sd_test/CMakeFiles/sd_test.dir/Users/chuey/pico/pico-sdk/src/common/pico_time/time.c.obj
 *fill*         0x0000000010005b19        0x3 
 .rodata.__func__.6306
                0x0000000010005b1c       0x1a pico-sdk/{CMAKE_BINARY_DIR}/pico_extras/test/sd_test/CMakeFiles/sd_test.dir/Users/chuey/pico/pico-sdk/src/common/pico_time/time.c.obj
 *fill*         0x0000000010005b36        0x2 
 .rodata.hardware_alarm_claim.str1.4
                0x0000000010005b38       0x22 pico-sdk/{CMAKE_BINARY_DIR}/pico_extras/test/sd_test/CMakeFiles/sd_test.dir/Users/chuey/pico/pico-sdk/src/rp2_common/hardware_timer/timer.c.obj
 *fill*         0x0000000010005b5a        0x2 
 .rodata.hardware_alarm_set_target.str1.4
                0x0000000010005b5c       0x65 pico-sdk/{CMAKE_BINARY_DIR}/pico_extras/test/sd_test/CMakeFiles/sd_test.dir/Users/chuey/pico/pico-sdk/src/rp2_common/hardware_timer/timer.c.obj
 *fill*         0x0000000010005bc1        0x3 
 .rodata.__func__.4550
                0x0000000010005bc4       0x1a pico-sdk/{CMAKE_BINARY_DIR}/pico_extras/test/sd_test/CMakeFiles/sd_test.dir/Users/chuey/pico/pico-sdk/src/rp2_common/hardware_timer/timer.c.obj
 *fill*         0x0000000010005bde        0x2 
 .rodata.str1.4
                0x0000000010005be0       0xb1 pico-sdk/{CMAKE_BINARY_DIR}/pico_extras/test/sd_test/CMakeFiles/sd_test.dir/Users/chuey/pico/pico-sdk/src/common/pico_sync/mutex.c.obj
                                        0x115 (size before relaxing)
 *fill*         0x0000000010005c91        0x3 
 .rodata.__func__.4612
                0x0000000010005c94       0x15 pico-sdk/{CMAKE_BINARY_DIR}/pico_extras/test/sd_test/CMakeFiles/sd_test.dir/Users/chuey/pico/pico-sdk/src/common/pico_sync/mutex.c.obj
 *fill*         0x0000000010005ca9        0x3 
 .rodata.__func__.4647
                0x0000000010005cac        0xb pico-sdk/{CMAKE_BINARY_DIR}/pico_extras/test/sd_test/CMakeFiles/sd_test.dir/Users/chuey/pico/pico-sdk/src/common/pico_sync/mutex.c.obj
 .rodata.ph_add_child_node.str1.4
                0x0000000010005cb7       0x96 pico-sdk/{CMAKE_BINARY_DIR}/pico_extras/test/sd_test/CMakeFiles/sd_test.dir/Users/chuey/pico/pico-sdk/src/common/pico_util/pheap.c.obj
 *fill*         0x0000000010005cb7        0x1 
 .rodata.ph_remove_any_head.str1.4
                0x0000000010005cb8       0x8c pico-sdk/{CMAKE_BINARY_DIR}/pico_extras/test/sd_test/CMakeFiles/sd_test.dir/Users/chuey/pico/pico-sdk/src/common/pico_util/pheap.c.obj
 .rodata.ph_remove_and_free_node.str1.4
                0x0000000010005d44       0x26 pico-sdk/{CMAKE_BINARY_DIR}/pico_extras/test/sd_test/CMakeFiles/sd_test.dir/Users/chuey/pico/pico-sdk/src/common/pico_util/pheap.c.obj
 *fill*         0x0000000010005d6a        0x2 
 .rodata.__func__.5718
                0x0000000010005d6c        0xc pico-sdk/{CMAKE_BINARY_DIR}/pico_extras/test/sd_test/CMakeFiles/sd_test.dir/Users/chuey/pico/pico-sdk/src/common/pico_util/pheap.c.obj
 .rodata.__func__.5725
                0x0000000010005d78       0x12 pico-sdk/{CMAKE_BINARY_DIR}/pico_extras/test/sd_test/CMakeFiles/sd_test.dir/Users/chuey/pico/pico-sdk/src/common/pico_util/pheap.c.obj
 *fill*         0x0000000010005d8a        0x2 
 .rodata.__func__.5811
                0x0000000010005d8c       0x13 pico-sdk/{CMAKE_BINARY_DIR}/pico_extras/test/sd_test/CMakeFiles/sd_test.dir/Users/chuey/pico/pico-sdk/src/common/pico_util/pheap.c.obj
 *fill*         0x0000000010005d9f        0x1 
 .rodata.__func__.5829
                0x0000000010005da0       0x18 pico-sdk/{CMAKE_BINARY_DIR}/pico_extras/test/sd_test/CMakeFiles/sd_test.dir/Users/chuey/pico/pico-sdk/src/common/pico_util/pheap.c.obj
 .rodata.__assert_func.str1.4
                0x0000000010005db8       0x3f pico-sdk/{CMAKE_BINARY_DIR}/pico_extras/test/sd_test/CMakeFiles/sd_test.dir/Users/chuey/pico/pico-sdk/src/rp2_common/pico_runtime/runtime.c.obj
                                         0x43 (size before relaxing)
 *fill*         0x0000000010005df7        0x1 
 .rodata.panic.str1.4
                0x0000000010005df8       0x10 pico-sdk/{CMAKE_BINARY_DIR}/pico_extras/test/sd_test/CMakeFiles/sd_test.dir/Users/chuey/pico/pico-sdk/src/rp2_common/pico_runtime/runtime.c.obj
                                         0x12 (size before relaxing)
 .rodata.clock_configure.str1.4
                0x0000000010005e08       0x57 pico-sdk/{CMAKE_BINARY_DIR}/pico_extras/test/sd_test/CMakeFiles/sd_test.dir/Users/chuey/pico/pico-sdk/src/rp2_common/hardware_clocks/clocks.c.obj
 *fill*         0x0000000010005e5f        0x1 
 .rodata.__func__.4669
                0x0000000010005e60       0x10 pico-sdk/{CMAKE_BINARY_DIR}/pico_extras/test/sd_test/CMakeFiles/sd_test.dir/Users/chuey/pico/pico-sdk/src/rp2_common/hardware_clocks/clocks.c.obj
 .rodata.make_branch.str1.4
                0x0000000010005e70       0x4d pico-sdk/{CMAKE_BINARY_DIR}/pico_extras/test/sd_test/CMakeFiles/sd_test.dir/Users/chuey/pico/pico-sdk/src/rp2_common/hardware_irq/irq.c.obj
 *fill*         0x0000000010005ebd        0x3 
 .rodata.irq_set_exclusive_handler.str1.4
                0x0000000010005ec0       0x36 pico-sdk/{CMAKE_BINARY_DIR}/pico_extras/test/sd_test/CMakeFiles/sd_test.dir/Users/chuey/pico/pico-sdk/src/rp2_common/hardware_irq/irq.c.obj
 *fill*         0x0000000010005ef6        0x2 
 .rodata.irq_add_shared_handler.str1.4
                0x0000000010005ef8       0xd9 pico-sdk/{CMAKE_BINARY_DIR}/pico_extras/test/sd_test/CMakeFiles/sd_test.dir/Users/chuey/pico/pico-sdk/src/rp2_common/hardware_irq/irq.c.obj
 *fill*         0x0000000010005fd1        0x3 
 .rodata.irq_remove_handler.str1.4
                0x0000000010005fd4       0x2a pico-sdk/{CMAKE_BINARY_DIR}/pico_extras/test/sd_test/CMakeFiles/sd_test.dir/Users/chuey/pico/pico-sdk/src/rp2_common/hardware_irq/irq.c.obj
 *fill*         0x0000000010005ffe        0x2 
 .rodata.irq_add_tail_to_free_list.str1.4
                0x0000000010006000       0x32 pico-sdk/{CMAKE_BINARY_DIR}/pico_extras/test/sd_test/CMakeFiles/sd_test.dir/Users/chuey/pico/pico-sdk/src/rp2_common/hardware_irq/irq.c.obj
                                         0x3a (size before relaxing)
 *fill*         0x0000000010006032        0x2 
 .rodata.__func__.4705
                0x0000000010006034       0x1a pico-sdk/{CMAKE_BINARY_DIR}/pico_extras/test/sd_test/CMakeFiles/sd_test.dir/Users/chuey/pico/pico-sdk/src/rp2_common/hardware_irq/irq.c.obj
 *fill*         0x000000001000604e        0x2 
 .rodata.__func__.4719
                0x0000000010006050        0xc pico-sdk/{CMAKE_BINARY_DIR}/pico_extras/test/sd_test/CMakeFiles/sd_test.dir/Users/chuey/pico/pico-sdk/src/rp2_common/hardware_irq/irq.c.obj
 .rodata.__func__.4727
                0x000000001000605c       0x17 pico-sdk/{CMAKE_BINARY_DIR}/pico_extras/test/sd_test/CMakeFiles/sd_test.dir/Users/chuey/pico/pico-sdk/src/rp2_common/hardware_irq/irq.c.obj
 *fill*         0x0000000010006073        0x1 
 .rodata.__func__.4731
                0x0000000010006074        0xf pico-sdk/{CMAKE_BINARY_DIR}/pico_extras/test/sd_test/CMakeFiles/sd_test.dir/Users/chuey/pico/pico-sdk/src/rp2_common/hardware_irq/irq.c.obj
 *fill*         0x0000000010006083        0x1 
 .rodata.__func__.4770
                0x0000000010006084       0x13 pico-sdk/{CMAKE_BINARY_DIR}/pico_extras/test/sd_test/CMakeFiles/sd_test.dir/Users/chuey/pico/pico-sdk/src/rp2_common/hardware_irq/irq.c.obj
 *fill*         0x0000000010006097        0x1 
 .rodata.__func__.4789
                0x0000000010006098       0x1a pico-sdk/{CMAKE_BINARY_DIR}/pico_extras/test/sd_test/CMakeFiles/sd_test.dir/Users/chuey/pico/pico-sdk/src/rp2_common/hardware_irq/irq.c.obj
 *fill*         0x00000000100060b2        0x2 
 .rodata.pll_init.str1.4
                0x00000000100060b4       0xdb pico-sdk/{CMAKE_BINARY_DIR}/pico_extras/test/sd_test/CMakeFiles/sd_test.dir/Users/chuey/pico/pico-sdk/src/rp2_common/hardware_pll/pll.c.obj
 *fill*         0x000000001000618f        0x1 
 .rodata.__func__.4404
                0x0000000010006190        0x9 pico-sdk/{CMAKE_BINARY_DIR}/pico_extras/test/sd_test/CMakeFiles/sd_test.dir/Users/chuey/pico/pico-sdk/src/rp2_common/hardware_pll/pll.c.obj
 *fill*         0x0000000010006199        0x3 
 .rodata._ftoa.str1.4
                0x000000001000619c       0x15 pico-sdk/{CMAKE_BINARY_DIR}/pico_extras/test/sd_test/CMakeFiles/sd_test.dir/Users/chuey/pico/pico-sdk/src/rp2_common/pico_printf/printf.c.obj
 *fill*         0x00000000100061b1        0x3 
 .rodata._vsnprintf
                0x00000000100061b4      0x1e0 pico-sdk/{CMAKE_BINARY_DIR}/pico_extras/test/sd_test/CMakeFiles/sd_test.dir/Users/chuey/pico/pico-sdk/src/rp2_common/pico_printf/printf.c.obj
 *fill*         0x0000000010006394        0x4 
 .rodata.pow10.5432
                0x0000000010006398       0x50 pico-sdk/{CMAKE_BINARY_DIR}/pico_extras/test/sd_test/CMakeFiles/sd_test.dir/Users/chuey/pico/pico-sdk/src/rp2_common/pico_printf/printf.c.obj
 .rodata.__aeabi_double_init.str1.4
                0x00000000100063e8       0xa8 pico-sdk/{CMAKE_BINARY_DIR}/pico_extras/test/sd_test/CMakeFiles/sd_test.dir/Users/chuey/pico/pico-sdk/src/rp2_common/pico_double/double_init_rom.c.obj
 .rodata.__func__.4690
                0x0000000010006490       0x14 pico-sdk/{CMAKE_BINARY_DIR}/pico_extras/test/sd_test/CMakeFiles/sd_test.dir/Users/chuey/pico/pico-sdk/src/rp2_common/pico_double/double_init_rom.c.obj
 .rodata.__aeabi_float_init.str1.4
                0x00000000100064a4       0x7a pico-sdk/{CMAKE_BINARY_DIR}/pico_extras/test/sd_test/CMakeFiles/sd_test.dir/Users/chuey/pico/pico-sdk/src/rp2_common/pico_float/float_init_rom.c.obj
                                         0x7e (size before relaxing)
 *fill*         0x000000001000651e        0x2 
 .rodata.__func__.4692
                0x0000000010006520       0x13 pico-sdk/{CMAKE_BINARY_DIR}/pico_extras/test/sd_test/CMakeFiles/sd_test.dir/Users/chuey/pico/pico-sdk/src/rp2_common/pico_float/float_init_rom.c.obj
 *fill*         0x0000000010006533        0x1 
 .rodata.str1.4
                0x0000000010006534       0x3c pico-sdk/{CMAKE_BINARY_DIR}/pico_extras/test/sd_test/CMakeFiles/sd_test.dir/Users/chuey/pico/pico-sdk/src/rp2_common/pico_standard_link/binary_info.c.obj
 .rodata.__bi_44
                0x0000000010006570        0xc pico-sdk/{CMAKE_BINARY_DIR}/pico_extras/test/sd_test/CMakeFiles/sd_test.dir/Users/chuey/pico/pico-sdk/src/rp2_common/pico_standard_link/binary_info.c.obj
 .rodata.__bi_75
                0x000000001000657c        0xc pico-sdk/{CMAKE_BINARY_DIR}/pico_extras/test/sd_test/CMakeFiles/sd_test.dir/Users/chuey/pico/pico-sdk/src/rp2_common/pico_standard_link/binary_info.c.obj
 .rodata.__bi_81
                0x0000000010006588        0xc pico-sdk/{CMAKE_BINARY_DIR}/pico_extras/test/sd_test/CMakeFiles/sd_test.dir/Users/chuey/pico/pico-sdk/src/rp2_common/pico_standard_link/binary_info.c.obj
 .rodata.crlf_str.6020
                0x0000000010006594        0x2 pico-sdk/{CMAKE_BINARY_DIR}/pico_extras/test/sd_test/CMakeFiles/sd_test.dir/Users/chuey/pico/pico-sdk/src/rp2_common/pico_stdio/stdio.c.obj
 *fill*         0x0000000010006596        0x2 
 .rodata.str1.4
                0x0000000010006598       0x2c pico-sdk/{CMAKE_BINARY_DIR}/pico_extras/test/sd_test/CMakeFiles/sd_test.dir/Users/chuey/pico/pico-sdk/src/rp2_common/pico_stdio_uart/stdio_uart.c.obj
 .rodata.__bi_28.4741
                0x00000000100065c4        0xc pico-sdk/{CMAKE_BINARY_DIR}/pico_extras/test/sd_test/CMakeFiles/sd_test.dir/Users/chuey/pico/pico-sdk/src/rp2_common/pico_stdio_uart/stdio_uart.c.obj
 .rodata.__bi_29.4745
                0x00000000100065d0        0x8 pico-sdk/{CMAKE_BINARY_DIR}/pico_extras/test/sd_test/CMakeFiles/sd_test.dir/Users/chuey/pico/pico-sdk/src/rp2_common/pico_stdio_uart/stdio_uart.c.obj
 .rodata.start_read_to_buf.str1.4
                0x00000000100065d8       0x68 pico-sdk/{CMAKE_BINARY_DIR}/pico_extras/test/sd_test/CMakeFiles/sd_test.dir/__/__/src/rp2_common/pico_sd_card/sd_card.c.obj
 .rodata.dma_ctrl_for.str1.4
                0x0000000010006640       0xd7 pico-sdk/{CMAKE_BINARY_DIR}/pico_extras/test/sd_test/CMakeFiles/sd_test.dir/__/__/src/rp2_common/pico_sd_card/sd_card.c.obj
 *fill*         0x0000000010006717        0x1 
 .rodata.str1.4
                0x0000000010006718      0x14c pico-sdk/{CMAKE_BINARY_DIR}/pico_extras/test/sd_test/CMakeFiles/sd_test.dir/__/__/src/rp2_common/pico_sd_card/sd_card.c.obj
 .rodata.sd_command.str1.4
                0x0000000010006864       0x3f pico-sdk/{CMAKE_BINARY_DIR}/pico_extras/test/sd_test/CMakeFiles/sd_test.dir/__/__/src/rp2_common/pico_sd_card/sd_card.c.obj
 *fill*         0x00000000100068a3        0x1 
 .rodata.sd_set_wide_bus.str1.4
                0x00000000100068a4       0x40 pico-sdk/{CMAKE_BINARY_DIR}/pico_extras/test/sd_test/CMakeFiles/sd_test.dir/__/__/src/rp2_common/pico_sd_card/sd_card.c.obj
 .rodata.sd_init.str1.4
                0x00000000100068e4       0x5c pico-sdk/{CMAKE_BINARY_DIR}/pico_extras/test/sd_test/CMakeFiles/sd_test.dir/__/__/src/rp2_common/pico_sd_card/sd_card.c.obj
 .rodata.sd_readblocks_scatter_async.str1.4
                0x0000000010006940      0x104 pico-sdk/{CMAKE_BINARY_DIR}/pico_extras/test/sd_test/CMakeFiles/sd_test.dir/__/__/src/rp2_common/pico_sd_card/sd_card.c.obj
 .rodata.sd_scatter_read_complete.str1.4
                0x0000000010006a44       0x17 pico-sdk/{CMAKE_BINARY_DIR}/pico_extras/test/sd_test/CMakeFiles/sd_test.dir/__/__/src/rp2_common/pico_sd_card/sd_card.c.obj
 *fill*         0x0000000010006a5b        0x1 
 .rodata.sd_writeblocks_async.str1.4
                0x0000000010006a5c       0xbf pico-sdk/{CMAKE_BINARY_DIR}/pico_extras/test/sd_test/CMakeFiles/sd_test.dir/__/__/src/rp2_common/pico_sd_card/sd_card.c.obj
 *fill*         0x0000000010006b1b        0x1 
 .rodata.sd_read_sectors_1bit_crc_async.str1.4
                0x0000000010006b1c       0x28 pico-sdk/{CMAKE_BINARY_DIR}/pico_extras/test/sd_test/CMakeFiles/sd_test.dir/__/__/src/rp2_common/pico_sd_card/sd_card.c.obj
 .rodata.__bi_529.7010
                0x0000000010006b44        0xc pico-sdk/{CMAKE_BINARY_DIR}/pico_extras/test/sd_test/CMakeFiles/sd_test.dir/__/__/src/rp2_common/pico_sd_card/sd_card.c.obj
 .rodata.__bi_655.7031
                0x0000000010006b50        0xc pico-sdk/{CMAKE_BINARY_DIR}/pico_extras/test/sd_test/CMakeFiles/sd_test.dir/__/__/src/rp2_common/pico_sd_card/sd_card.c.obj
 .rodata.__func__.6579
                0x0000000010006b5c       0x18 pico-sdk/{CMAKE_BINARY_DIR}/pico_extras/test/sd_test/CMakeFiles/sd_test.dir/__/__/src/rp2_common/pico_sd_card/sd_card.c.obj
 .rodata.__func__.6584
                0x0000000010006b74       0x1c pico-sdk/{CMAKE_BINARY_DIR}/pico_extras/test/sd_test/CMakeFiles/sd_test.dir/__/__/src/rp2_common/pico_sd_card/sd_card.c.obj
 .rodata.__func__.6589
                0x0000000010006b90       0x26 pico-sdk/{CMAKE_BINARY_DIR}/pico_extras/test/sd_test/CMakeFiles/sd_test.dir/__/__/src/rp2_common/pico_sd_card/sd_card.c.obj
 *fill*         0x0000000010006bb6        0x2 
 .rodata.__func__.6595
                0x0000000010006bb8       0x18 pico-sdk/{CMAKE_BINARY_DIR}/pico_extras/test/sd_test/CMakeFiles/sd_test.dir/__/__/src/rp2_common/pico_sd_card/sd_card.c.obj
 .rodata.__func__.6827
                0x0000000010006bd0        0xb pico-sdk/{CMAKE_BINARY_DIR}/pico_extras/test/sd_test/CMakeFiles/sd_test.dir/__/__/src/rp2_common/pico_sd_card/sd_card.c.obj
 *fill*         0x0000000010006bdb        0x1 
 .rodata.__func__.6905
                0x0000000010006bdc       0x11 pico-sdk/{CMAKE_BINARY_DIR}/pico_extras/test/sd_test/CMakeFiles/sd_test.dir/__/__/src/rp2_common/pico_sd_card/sd_card.c.obj
 *fill*         0x0000000010006bed        0x3 
 .rodata.__func__.6912
                0x0000000010006bf0       0x2c pico-sdk/{CMAKE_BINARY_DIR}/pico_extras/test/sd_test/CMakeFiles/sd_test.dir/__/__/src/rp2_common/pico_sd_card/sd_card.c.obj
 .rodata.__func__.6930
                0x0000000010006c1c        0xb pico-sdk/{CMAKE_BINARY_DIR}/pico_extras/test/sd_test/CMakeFiles/sd_test.dir/__/__/src/rp2_common/pico_sd_card/sd_card.c.obj
 *fill*         0x0000000010006c27        0x1 
 .rodata.__func__.6946
                0x0000000010006c28        0xc pico-sdk/{CMAKE_BINARY_DIR}/pico_extras/test/sd_test/CMakeFiles/sd_test.dir/__/__/src/rp2_common/pico_sd_card/sd_card.c.obj
 .rodata.__func__.7018
                0x0000000010006c34        0x8 pico-sdk/{CMAKE_BINARY_DIR}/pico_extras/test/sd_test/CMakeFiles/sd_test.dir/__/__/src/rp2_common/pico_sd_card/sd_card.c.obj
 .rodata.__func__.7063
                0x0000000010006c3c       0x13 pico-sdk/{CMAKE_BINARY_DIR}/pico_extras/test/sd_test/CMakeFiles/sd_test.dir/__/__/src/rp2_common/pico_sd_card/sd_card.c.obj
 *fill*         0x0000000010006c4f        0x1 
 .rodata.__func__.7081
                0x0000000010006c50       0x12 pico-sdk/{CMAKE_BINARY_DIR}/pico_extras/test/sd_test/CMakeFiles/sd_test.dir/__/__/src/rp2_common/pico_sd_card/sd_card.c.obj
 *fill*         0x0000000010006c62        0x2 
 .rodata.__func__.7088
                0x0000000010006c64       0x1c pico-sdk/{CMAKE_BINARY_DIR}/pico_extras/test/sd_test/CMakeFiles/sd_test.dir/__/__/src/rp2_common/pico_sd_card/sd_card.c.obj
 .rodata.__func__.7168
                0x0000000010006c80       0x1f pico-sdk/{CMAKE_BINARY_DIR}/pico_extras/test/sd_test/CMakeFiles/sd_test.dir/__/__/src/rp2_common/pico_sd_card/sd_card.c.obj
 *fill*         0x0000000010006c9f        0x1 
 .rodata.crc7_table
                0x0000000010006ca0      0x100 pico-sdk/{CMAKE_BINARY_DIR}/pico_extras/test/sd_test/CMakeFiles/sd_test.dir/__/__/src/rp2_common/pico_sd_card/sd_card.c.obj
 .rodata.sd_clk_program
                0x0000000010006da0        0x6 pico-sdk/{CMAKE_BINARY_DIR}/pico_extras/test/sd_test/CMakeFiles/sd_test.dir/__/__/src/rp2_common/pico_sd_card/sd_card.c.obj
 *fill*         0x0000000010006da6        0x2 
 .rodata.sd_clk_program_instructions
                0x0000000010006da8        0x4 pico-sdk/{CMAKE_BINARY_DIR}/pico_extras/test/sd_test/CMakeFiles/sd_test.dir/__/__/src/rp2_common/pico_sd_card/sd_card.c.obj
 .rodata.sd_cmd_or_dat_program
                0x0000000010006dac        0x6 pico-sdk/{CMAKE_BINARY_DIR}/pico_extras/test/sd_test/CMakeFiles/sd_test.dir/__/__/src/rp2_common/pico_sd_card/sd_card.c.obj
 *fill*         0x0000000010006db2        0x2 
 .rodata.sd_cmd_or_dat_program_instructions
                0x0000000010006db4       0x26 pico-sdk/{CMAKE_BINARY_DIR}/pico_extras/test/sd_test/CMakeFiles/sd_test.dir/__/__/src/rp2_common/pico_sd_card/sd_card.c.obj
 *fill*         0x0000000010006dda        0x2 
 .rodata._pio_find_offset_for_program.str1.4
                0x0000000010006ddc       0x69 pico-sdk/{CMAKE_BINARY_DIR}/pico_extras/test/sd_test/CMakeFiles/sd_test.dir/Users/chuey/pico/pico-sdk/src/rp2_common/hardware_pio/pio.c.obj
 *fill*         0x0000000010006e45        0x3 
 .rodata._pio_add_program_at_offset.str1.4
                0x0000000010006e48       0x11 pico-sdk/{CMAKE_BINARY_DIR}/pico_extras/test/sd_test/CMakeFiles/sd_test.dir/Users/chuey/pico/pico-sdk/src/rp2_common/hardware_pio/pio.c.obj
 *fill*         0x0000000010006e59        0x3 
 .rodata.__func__.5201
                0x0000000010006e5c       0x1d pico-sdk/{CMAKE_BINARY_DIR}/pico_extras/test/sd_test/CMakeFiles/sd_test.dir/Users/chuey/pico/pico-sdk/src/rp2_common/hardware_pio/pio.c.obj
 *fill*         0x0000000010006e79        0x3 
 .rodata._ctype_
                0x0000000010006e7c      0x101 /usr/local/Cellar/gcc-arm-none-eabi/20200630/bin/../lib/gcc/arm-none-eabi/9.3.1/../../../../arm-none-eabi/lib/thumb/v6-m/nofp/libg.a(lib_a-ctype_.o)
                0x0000000010006e7c                _ctype_
                0x0000000010006f80                . = ALIGN (0x4)
 *fill*         0x0000000010006f7d        0x3 
 *(SORT_BY_ALIGNMENT(SORT_BY_NAME(.flashdata*)))
                0x0000000010006f80                . = ALIGN (0x4)

.rel.dyn        0x0000000010006f80        0x0
 .rel.iplt      0x0000000010006f80        0x0 /usr/local/Cellar/gcc-arm-none-eabi/20200630/bin/../lib/gcc/arm-none-eabi/9.3.1/thumb/v6-m/nofp/crtbegin.o

.ARM.extab
 *(.ARM.extab* .gnu.linkonce.armextab.*)
                0x0000000010006f80                __exidx_start = .

.ARM.exidx
 *(.ARM.exidx* .gnu.linkonce.armexidx.*)
                0x0000000010006f80                __exidx_end = .
                0x0000000010006f80                . = ALIGN (0x4)
                0x0000000010006f80                __binary_info_start = .

.binary_info    0x0000000010006f80       0x2c
 *(.binary_info.keep.*)
 .binary_info.keep.__bi_ptr22
                0x0000000010006f80        0x4 pico-sdk/{CMAKE_BINARY_DIR}/pico_extras/test/sd_test/CMakeFiles/sd_test.dir/Users/chuey/pico/pico-sdk/src/rp2_common/pico_standard_link/binary_info.c.obj
 .binary_info.keep.__bi_ptr30
                0x0000000010006f84        0x4 pico-sdk/{CMAKE_BINARY_DIR}/pico_extras/test/sd_test/CMakeFiles/sd_test.dir/Users/chuey/pico/pico-sdk/src/rp2_common/pico_standard_link/binary_info.c.obj
 .binary_info.keep.__bi_ptr38
                0x0000000010006f88        0x4 pico-sdk/{CMAKE_BINARY_DIR}/pico_extras/test/sd_test/CMakeFiles/sd_test.dir/Users/chuey/pico/pico-sdk/src/rp2_common/pico_standard_link/binary_info.c.obj
 .binary_info.keep.__bi_ptr44
                0x0000000010006f8c        0x4 pico-sdk/{CMAKE_BINARY_DIR}/pico_extras/test/sd_test/CMakeFiles/sd_test.dir/Users/chuey/pico/pico-sdk/src/rp2_common/pico_standard_link/binary_info.c.obj
 .binary_info.keep.__bi_ptr50
                0x0000000010006f90        0x4 pico-sdk/{CMAKE_BINARY_DIR}/pico_extras/test/sd_test/CMakeFiles/sd_test.dir/Users/chuey/pico/pico-sdk/src/rp2_common/pico_standard_link/binary_info.c.obj
 .binary_info.keep.__bi_ptr75
                0x0000000010006f94        0x4 pico-sdk/{CMAKE_BINARY_DIR}/pico_extras/test/sd_test/CMakeFiles/sd_test.dir/Users/chuey/pico/pico-sdk/src/rp2_common/pico_standard_link/binary_info.c.obj
 .binary_info.keep.__bi_ptr81
                0x0000000010006f98        0x4 pico-sdk/{CMAKE_BINARY_DIR}/pico_extras/test/sd_test/CMakeFiles/sd_test.dir/Users/chuey/pico/pico-sdk/src/rp2_common/pico_standard_link/binary_info.c.obj
 *(.binary_info.*)
 .binary_info.__bi_ptr28
                0x0000000010006f9c        0x4 pico-sdk/{CMAKE_BINARY_DIR}/pico_extras/test/sd_test/CMakeFiles/sd_test.dir/Users/chuey/pico/pico-sdk/src/rp2_common/pico_stdio_uart/stdio_uart.c.obj
 .binary_info.__bi_ptr29
                0x0000000010006fa0        0x4 pico-sdk/{CMAKE_BINARY_DIR}/pico_extras/test/sd_test/CMakeFiles/sd_test.dir/Users/chuey/pico/pico-sdk/src/rp2_common/pico_stdio_uart/stdio_uart.c.obj
 .binary_info.__bi_ptr529
                0x0000000010006fa4        0x4 pico-sdk/{CMAKE_BINARY_DIR}/pico_extras/test/sd_test/CMakeFiles/sd_test.dir/__/__/src/rp2_common/pico_sd_card/sd_card.c.obj
 .binary_info.__bi_ptr655
                0x0000000010006fa8        0x4 pico-sdk/{CMAKE_BINARY_DIR}/pico_extras/test/sd_test/CMakeFiles/sd_test.dir/__/__/src/rp2_common/pico_sd_card/sd_card.c.obj
                0x0000000010006fac                __binary_info_end = .
                0x0000000010006fac                . = ALIGN (0x4)
                0x0000000010006fac                __etext = .

.ram_vector_table
                0x0000000020000000       0xc0
 *(.ram_vector_table)
 .ram_vector_table
                0x0000000020000000       0xc0 pico-sdk/{CMAKE_BINARY_DIR}/pico_extras/test/sd_test/CMakeFiles/sd_test.dir/Users/chuey/pico/pico-sdk/src/rp2_common/pico_runtime/runtime.c.obj
                0x0000000020000000                ram_vector_table

.data           0x00000000200000c0      0x9e4 load address 0x0000000010006fac
                0x00000000200000c0                __data_start__ = .
 *(vtable)
 *(.time_critical*)
 .time_critical.mutex_enter_blocking
                0x00000000200000c0       0x94 pico-sdk/{CMAKE_BINARY_DIR}/pico_extras/test/sd_test/CMakeFiles/sd_test.dir/Users/chuey/pico/pico-sdk/src/common/pico_sync/mutex.c.obj
                0x00000000200000c0                mutex_enter_blocking
 .time_critical.mutex_try_enter
                0x0000000020000154       0x5a pico-sdk/{CMAKE_BINARY_DIR}/pico_extras/test/sd_test/CMakeFiles/sd_test.dir/Users/chuey/pico/pico-sdk/src/common/pico_sync/mutex.c.obj
                0x0000000020000154                mutex_try_enter
 *fill*         0x00000000200001ae        0x2 
 .time_critical.mutex_exit
                0x00000000200001b0       0x94 pico-sdk/{CMAKE_BINARY_DIR}/pico_extras/test/sd_test/CMakeFiles/sd_test.dir/Users/chuey/pico/pico-sdk/src/common/pico_sync/mutex.c.obj
                0x00000000200001b0                mutex_exit
 .time_critical.start_chain_dma_read_with_full_cb
                0x0000000020000244       0x68 pico-sdk/{CMAKE_BINARY_DIR}/pico_extras/test/sd_test/CMakeFiles/sd_test.dir/__/__/src/rp2_common/pico_sd_card/sd_card.c.obj
 .time_critical.start_chain_dma_read_with_address_size_only
                0x00000000200002ac       0xec pico-sdk/{CMAKE_BINARY_DIR}/pico_extras/test/sd_test/CMakeFiles/sd_test.dir/__/__/src/rp2_common/pico_sd_card/sd_card.c.obj
 .time_critical.start_single_dma
                0x0000000020000398      0x140 pico-sdk/{CMAKE_BINARY_DIR}/pico_extras/test/sd_test/CMakeFiles/sd_test.dir/__/__/src/rp2_common/pico_sd_card/sd_card.c.obj
 .time_critical.finish_read
                0x00000000200004d8      0x130 pico-sdk/{CMAKE_BINARY_DIR}/pico_extras/test/sd_test/CMakeFiles/sd_test.dir/__/__/src/rp2_common/pico_sd_card/sd_card.c.obj
 .time_critical.start_read
                0x0000000020000608      0x300 pico-sdk/{CMAKE_BINARY_DIR}/pico_extras/test/sd_test/CMakeFiles/sd_test.dir/__/__/src/rp2_common/pico_sd_card/sd_card.c.obj
 .time_critical.sd_response_dma
                0x0000000020000908       0x9a pico-sdk/{CMAKE_BINARY_DIR}/pico_extras/test/sd_test/CMakeFiles/sd_test.dir/__/__/src/rp2_common/pico_sd_card/sd_card.c.obj
                0x0000000020000908                sd_response_dma
 *(.text*)
 *fill*         0x00000000200009a2        0x2 
 .text          0x00000000200009a4        0x4 /usr/local/Cellar/gcc-arm-none-eabi/20200630/bin/../lib/gcc/arm-none-eabi/9.3.1/thumb/v6-m/nofp/libgcc.a(_dvmd_tls.o)
                0x00000000200009a4                __aeabi_ldiv0
                0x00000000200009a4                __aeabi_idiv0
 .text.__stub   0x00000000200009a8       0x30 linker stubs
                0x00000000200009d8                . = ALIGN (0x4)
 *(.rodata*)
                0x00000000200009d8                . = ALIGN (0x4)
 *(.data*)
 .data.striped_spin_lock_num
                0x00000000200009d8        0x1 pico-sdk/{CMAKE_BINARY_DIR}/pico_extras/test/sd_test/CMakeFiles/sd_test.dir/Users/chuey/pico/pico-sdk/src/rp2_common/hardware_sync/sync.c.obj
 *fill*         0x00000000200009d9        0x3 
 .data.default_alarm_pool
                0x00000000200009dc       0x18 pico-sdk/{CMAKE_BINARY_DIR}/pico_extras/test/sd_test/CMakeFiles/sd_test.dir/Users/chuey/pico/pico-sdk/src/common/pico_time/time.c.obj
 .data.default_alarm_pool_heap
                0x00000000200009f4       0x10 pico-sdk/{CMAKE_BINARY_DIR}/pico_extras/test/sd_test/CMakeFiles/sd_test.dir/Users/chuey/pico/pico-sdk/src/common/pico_time/time.c.obj
 .data          0x0000000020000a04       0x48 pico-sdk/{CMAKE_BINARY_DIR}/pico_extras/test/sd_test/CMakeFiles/sd_test.dir/Users/chuey/pico/pico-sdk/src/rp2_common/hardware_irq/irq_handler_chain.S.obj
                0x0000000020000a04                irq_handler_chain_slots
                0x0000000020000a34                irq_handler_chain_first_slot
                0x0000000020000a3e                irq_handler_chain_remove_tail
 *fill*         0x0000000020000a4c        0x4 
 .data.aeabi_bits_funcs
                0x0000000020000a50       0x10 pico-sdk/{CMAKE_BINARY_DIR}/pico_extras/test/sd_test/CMakeFiles/sd_test.dir/Users/chuey/pico/pico-sdk/src/rp2_common/pico_bit_ops/bit_ops_aeabi.S.obj
                0x0000000020000a50                aeabi_bits_funcs
                0x0000000020000a60                aeabi_bits_funcs_end
 .data.aeabi_mem_funcs
                0x0000000020000a60       0x10 pico-sdk/{CMAKE_BINARY_DIR}/pico_extras/test/sd_test/CMakeFiles/sd_test.dir/Users/chuey/pico/pico-sdk/src/rp2_common/pico_mem_ops/mem_ops_aeabi.S.obj
                0x0000000020000a60                aeabi_mem_funcs
                0x0000000020000a70                aeabi_mem_funcs_end
 .data.stdio_uart
                0x0000000020000a70       0x14 pico-sdk/{CMAKE_BINARY_DIR}/pico_extras/test/sd_test/CMakeFiles/sd_test.dir/Users/chuey/pico/pico-sdk/src/rp2_common/pico_stdio_uart/stdio_uart.c.obj
                0x0000000020000a70                stdio_uart
 .data.sd_pio   0x0000000020000a84        0x4 pico-sdk/{CMAKE_BINARY_DIR}/pico_extras/test/sd_test/CMakeFiles/sd_test.dir/__/__/src/rp2_common/pico_sd_card/sd_card.c.obj
                0x0000000020000a84                sd_pio
                0x0000000020000a88                . = ALIGN (0x4)
 *(.after_data.*)
                0x0000000020000a88                . = ALIGN (0x4)
                0x0000000020000a88                PROVIDE (__mutex_array_start = .)
 *(SORT_BY_NAME(.mutex_array.*))
 *(.mutex_array)
 .mutex_array   0x0000000020000a88        0x8 pico-sdk/{CMAKE_BINARY_DIR}/pico_extras/test/sd_test/CMakeFiles/sd_test.dir/Users/chuey/pico/pico-sdk/src/rp2_common/pico_stdio/stdio.c.obj
                0x0000000020000a90                PROVIDE (__mutex_array_end = .)
                0x0000000020000a90                . = ALIGN (0x4)
                0x0000000020000a90                PROVIDE (__preinit_array_start = .)
 *(SORT_BY_NAME(.preinit_array.*))
 .preinit_array.00001
                0x0000000020000a90        0x4 pico-sdk/{CMAKE_BINARY_DIR}/pico_extras/test/sd_test/CMakeFiles/sd_test.dir/Users/chuey/pico/pico-sdk/src/rp2_common/pico_mem_ops/mem_ops_aeabi.S.obj
 .preinit_array.00010
                0x0000000020000a94        0x4 pico-sdk/{CMAKE_BINARY_DIR}/pico_extras/test/sd_test/CMakeFiles/sd_test.dir/Users/chuey/pico/pico-sdk/src/rp2_common/pico_bit_ops/bit_ops_aeabi.S.obj
 .preinit_array.00020
                0x0000000020000a98        0x4 pico-sdk/{CMAKE_BINARY_DIR}/pico_extras/test/sd_test/CMakeFiles/sd_test.dir/Users/chuey/pico/pico-sdk/src/rp2_common/pico_double/double_aeabi.S.obj
 .preinit_array.00020
                0x0000000020000a9c        0x4 pico-sdk/{CMAKE_BINARY_DIR}/pico_extras/test/sd_test/CMakeFiles/sd_test.dir/Users/chuey/pico/pico-sdk/src/rp2_common/pico_float/float_aeabi.S.obj
 *(.preinit_array)
                0x0000000020000aa0                PROVIDE (__preinit_array_end = .)
                0x0000000020000aa0                . = ALIGN (0x4)
                0x0000000020000aa0                PROVIDE (__init_array_start = .)
 *(SORT_BY_NAME(.init_array.*))
 *(.init_array)
 .init_array    0x0000000020000aa0        0x4 /usr/local/Cellar/gcc-arm-none-eabi/20200630/bin/../lib/gcc/arm-none-eabi/9.3.1/thumb/v6-m/nofp/crtbegin.o
                0x0000000020000aa4                PROVIDE (__init_array_end = .)
                0x0000000020000aa4                . = ALIGN (0x4)
                [!provide]                        PROVIDE (__fini_array_start = .)
 *(SORT_BY_NAME(.fini_array.*))
 *(.fini_array)
                [!provide]                        PROVIDE (__fini_array_end = .)
 *(.jcr)
                0x0000000020000aa4                . = ALIGN (0x4)
                0x0000000020000aa4                __data_end__ = .

.igot.plt       0x0000000020000aa4        0x0 load address 0x0000000010007990
 .igot.plt      0x0000000020000aa4        0x0 /usr/local/Cellar/gcc-arm-none-eabi/20200630/bin/../lib/gcc/arm-none-eabi/9.3.1/thumb/v6-m/nofp/crtbegin.o

.uninitialized_data
                0x0000000020000aa4        0x0 load address 0x0000000010007990
                0x0000000020000aa4                . = ALIGN (0x4)
 *(.uninitialized_data*)

.scratch_x      0x0000000020040000        0x0 load address 0x0000000010007990
                0x0000000020040000                __scratch_x_start__ = .
 *(.scratch_x.*)
                0x0000000020040000                . = ALIGN (0x4)
                0x0000000020040000                __scratch_x_end__ = .
                0x0000000010007990                __scratch_x_source__ = LOADADDR (.scratch_x)

.scratch_y      0x0000000020041000        0x0 load address 0x0000000010007990
                0x0000000020041000                __scratch_y_start__ = .
 *(.scratch_y.*)
                0x0000000020041000                . = ALIGN (0x4)
                0x0000000020041000                __scratch_y_end__ = .
                0x0000000010007990                __scratch_y_source__ = LOADADDR (.scratch_y)

.bss            0x0000000020000aa8      0xc88
                0x0000000020000aa8                . = ALIGN (0x4)
                0x0000000020000aa8                __bss_start__ = .
 *(SORT_BY_ALIGNMENT(SORT_BY_NAME(.bss*)))
 .bss.default_alarm_pool_entries
                0x0000000020000aa8      0x100 pico-sdk/{CMAKE_BINARY_DIR}/pico_extras/test/sd_test/CMakeFiles/sd_test.dir/Users/chuey/pico/pico-sdk/src/common/pico_time/time.c.obj
 .bss           0x0000000020000ba8       0x1c /usr/local/Cellar/gcc-arm-none-eabi/20200630/bin/../lib/gcc/arm-none-eabi/9.3.1/thumb/v6-m/nofp/crtbegin.o
 .bss._used_instruction_space
                0x0000000020000bc4        0x8 pico-sdk/{CMAKE_BINARY_DIR}/pico_extras/test/sd_test/CMakeFiles/sd_test.dir/Users/chuey/pico/pico-sdk/src/rp2_common/hardware_pio/pio.c.obj
 .bss.alarm_callbacks
                0x0000000020000bcc       0x10 pico-sdk/{CMAKE_BINARY_DIR}/pico_extras/test/sd_test/CMakeFiles/sd_test.dir/Users/chuey/pico/pico-sdk/src/rp2_common/hardware_timer/timer.c.obj
 .bss.b.6222    0x0000000020000bdc      0x400 pico-sdk/{CMAKE_BINARY_DIR}/pico_extras/test/sd_test/CMakeFiles/sd_test.dir/sd_test.c.obj
 .bss.clk_program_offset.7017
                0x0000000020000fdc        0x4 pico-sdk/{CMAKE_BINARY_DIR}/pico_extras/test/sd_test/CMakeFiles/sd_test.dir/__/__/src/rp2_common/pico_sd_card/sd_card.c.obj
 .bss.cmd_or_dat_offset.7016
                0x0000000020000fe0        0x4 pico-sdk/{CMAKE_BINARY_DIR}/pico_extras/test/sd_test/CMakeFiles/sd_test.dir/__/__/src/rp2_common/pico_sd_card/sd_card.c.obj
 .bss.configured_freq
                0x0000000020000fe4       0x28 pico-sdk/{CMAKE_BINARY_DIR}/pico_extras/test/sd_test/CMakeFiles/sd_test.dir/Users/chuey/pico/pico-sdk/src/rp2_common/hardware_clocks/clocks.c.obj
 .bss.counter.6849
                0x000000002000100c        0x4 pico-sdk/{CMAKE_BINARY_DIR}/pico_extras/test/sd_test/CMakeFiles/sd_test.dir/__/__/src/rp2_common/pico_sd_card/sd_card.c.obj
 .bss.crcs      0x0000000020001010      0x100 pico-sdk/{CMAKE_BINARY_DIR}/pico_extras/test/sd_test/CMakeFiles/sd_test.dir/__/__/src/rp2_common/pico_sd_card/sd_card.c.obj
 .bss.ctrl_words
                0x0000000020001110      0x210 pico-sdk/{CMAKE_BINARY_DIR}/pico_extras/test/sd_test/CMakeFiles/sd_test.dir/__/__/src/rp2_common/pico_sd_card/sd_card.c.obj
 .bss.default_alarm_pool_entry_ids_high
                0x0000000020001320       0x10 pico-sdk/{CMAKE_BINARY_DIR}/pico_extras/test/sd_test/CMakeFiles/sd_test.dir/Users/chuey/pico/pico-sdk/src/common/pico_time/time.c.obj
 .bss.default_alarm_pool_heap_nodes
                0x0000000020001330       0x30 pico-sdk/{CMAKE_BINARY_DIR}/pico_extras/test/sd_test/CMakeFiles/sd_test.dir/Users/chuey/pico/pico-sdk/src/common/pico_time/time.c.obj
 .bss.drivers   0x0000000020001360        0x4 pico-sdk/{CMAKE_BINARY_DIR}/pico_extras/test/sd_test/CMakeFiles/sd_test.dir/Users/chuey/pico/pico-sdk/src/rp2_common/pico_stdio/stdio.c.obj
 .bss.filter    0x0000000020001364        0x4 pico-sdk/{CMAKE_BINARY_DIR}/pico_extras/test/sd_test/CMakeFiles/sd_test.dir/Users/chuey/pico/pico-sdk/src/rp2_common/pico_stdio/stdio.c.obj
 .bss.pio_cmd_buf
                0x0000000020001368      0x180 pico-sdk/{CMAKE_BINARY_DIR}/pico_extras/test/sd_test/CMakeFiles/sd_test.dir/__/__/src/rp2_common/pico_sd_card/sd_card.c.obj
 .bss.pools     0x00000000200014e8       0x10 pico-sdk/{CMAKE_BINARY_DIR}/pico_extras/test/sd_test/CMakeFiles/sd_test.dir/Users/chuey/pico/pico-sdk/src/common/pico_time/time.c.obj
 .bss.sd_dat_pin_base
                0x00000000200014f8        0x4 pico-sdk/{CMAKE_BINARY_DIR}/pico_extras/test/sd_test/CMakeFiles/sd_test.dir/__/__/src/rp2_common/pico_sd_card/sd_card.c.obj
 .bss.sleep_notifier
                0x00000000200014fc        0x4 pico-sdk/{CMAKE_BINARY_DIR}/pico_extras/test/sd_test/CMakeFiles/sd_test.dir/Users/chuey/pico/pico-sdk/src/common/pico_time/time.c.obj
 .bss.target_hi
                0x0000000020001500       0x10 pico-sdk/{CMAKE_BINARY_DIR}/pico_extras/test/sd_test/CMakeFiles/sd_test.dir/Users/chuey/pico/pico-sdk/src/rp2_common/hardware_timer/timer.c.obj
 .bss.uart_instance
                0x0000000020001510        0x4 pico-sdk/{CMAKE_BINARY_DIR}/pico_extras/test/sd_test/CMakeFiles/sd_test.dir/Users/chuey/pico/pico-sdk/src/rp2_common/pico_stdio_uart/stdio_uart.c.obj
 .bss.added.7015
                0x0000000020001514        0x1 pico-sdk/{CMAKE_BINARY_DIR}/pico_extras/test/sd_test/CMakeFiles/sd_test.dir/__/__/src/rp2_common/pico_sd_card/sd_card.c.obj
 .bss.allow_four_data_pins
                0x0000000020001515        0x1 pico-sdk/{CMAKE_BINARY_DIR}/pico_extras/test/sd_test/CMakeFiles/sd_test.dir/__/__/src/rp2_common/pico_sd_card/sd_card.c.obj
 .bss.bus_width
                0x0000000020001516        0x1 pico-sdk/{CMAKE_BINARY_DIR}/pico_extras/test/sd_test/CMakeFiles/sd_test.dir/__/__/src/rp2_common/pico_sd_card/sd_card.c.obj
 .bss.bytes_swap_on_read
                0x0000000020001517        0x1 pico-sdk/{CMAKE_BINARY_DIR}/pico_extras/test/sd_test/CMakeFiles/sd_test.dir/__/__/src/rp2_common/pico_sd_card/sd_card.c.obj
 .bss.claimed   0x0000000020001518        0x1 pico-sdk/{CMAKE_BINARY_DIR}/pico_extras/test/sd_test/CMakeFiles/sd_test.dir/Users/chuey/pico/pico-sdk/src/rp2_common/hardware_timer/timer.c.obj
 .bss.irq_hander_chain_free_slot_head
                0x0000000020001519        0x1 pico-sdk/{CMAKE_BINARY_DIR}/pico_extras/test/sd_test/CMakeFiles/sd_test.dir/Users/chuey/pico/pico-sdk/src/rp2_common/hardware_irq/irq.c.obj
 .bss.rca_high  0x000000002000151a        0x1 pico-sdk/{CMAKE_BINARY_DIR}/pico_extras/test/sd_test/CMakeFiles/sd_test.dir/__/__/src/rp2_common/pico_sd_card/sd_card.c.obj
 .bss.rca_low   0x000000002000151b        0x1 pico-sdk/{CMAKE_BINARY_DIR}/pico_extras/test/sd_test/CMakeFiles/sd_test.dir/__/__/src/rp2_common/pico_sd_card/sd_card.c.obj
 .bss.timer_callbacks_pending
                0x000000002000151c        0x1 pico-sdk/{CMAKE_BINARY_DIR}/pico_extras/test/sd_test/CMakeFiles/sd_test.dir/Users/chuey/pico/pico-sdk/src/rp2_common/hardware_timer/timer.c.obj
 *(COMMON)
 *fill*         0x000000002000151d        0x3 
 COMMON         0x0000000020001520        0x4 pico-sdk/{CMAKE_BINARY_DIR}/pico_extras/test/sd_test/CMakeFiles/sd_test.dir/Users/chuey/pico/pico-sdk/src/rp2_common/hardware_uart/uart.c.obj
                0x0000000020001520                uart_char_to_line_feed
 COMMON         0x0000000020001524      0x100 pico-sdk/{CMAKE_BINARY_DIR}/pico_extras/test/sd_test/CMakeFiles/sd_test.dir/Users/chuey/pico/pico-sdk/src/rp2_common/pico_double/double_init_rom.c.obj
                0x0000000020001524                sd_table
 COMMON         0x0000000020001624      0x104 pico-sdk/{CMAKE_BINARY_DIR}/pico_extras/test/sd_test/CMakeFiles/sd_test.dir/Users/chuey/pico/pico-sdk/src/rp2_common/pico_float/float_init_rom.c.obj
                0x0000000020001624                sf_table
                0x0000000020001724                sf_clz_func
 COMMON         0x0000000020001728        0x8 pico-sdk/{CMAKE_BINARY_DIR}/pico_extras/test/sd_test/CMakeFiles/sd_test.dir/__/__/src/rp2_common/pico_sd_card/sd_card.c.obj
                0x0000000020001728                check_crc_count
                0x000000002000172c                zeroes
                0x0000000020001730                . = ALIGN (0x4)
                0x0000000020001730                __bss_end__ = .

.heap           0x0000000020001730      0x800
                0x0000000020001730                __end__ = .
                0x0000000020001730                end = __end__
 *(.heap*)
 .heap          0x0000000020001730      0x800 pico-sdk/{CMAKE_BINARY_DIR}/pico_extras/test/sd_test/CMakeFiles/sd_test.dir/Users/chuey/pico/pico-sdk/src/rp2_common/pico_standard_link/crt0.S.obj
                0x0000000020001f30                __HeapLimit = .

.stack1_dummy   0x0000000020040000        0x0
 *(.stack1*)

.stack_dummy    0x0000000020041000      0x800
 *(.stack*)
 .stack         0x0000000020041000      0x800 pico-sdk/{CMAKE_BINARY_DIR}/pico_extras/test/sd_test/CMakeFiles/sd_test.dir/Users/chuey/pico/pico-sdk/src/rp2_common/pico_standard_link/crt0.S.obj

.flash_end      0x0000000010007990        0x0
                0x0000000010007990                __flash_binary_end = .
                0x0000000020040000                __StackLimit = (ORIGIN (RAM) + LENGTH (RAM))
                0x0000000020041000                __StackOneTop = (ORIGIN (SCRATCH_X) + LENGTH (SCRATCH_X))
                0x0000000020042000                __StackTop = (ORIGIN (SCRATCH_Y) + LENGTH (SCRATCH_Y))
                0x0000000020041000                __StackOneBottom = (__StackOneTop - SIZEOF (.stack1_dummy))
                0x0000000020041800                __StackBottom = (__StackTop - SIZEOF (.stack_dummy))
                0x0000000020042000                PROVIDE (__stack = __StackTop)
                0x0000000000000001                ASSERT ((__StackLimit >= __HeapLimit), region RAM overflowed)
                0x0000000000000001                ASSERT (((__binary_info_header_end - __logical_binary_start) <= 0x100), Binary info must be in first 256 bytes of the binary)
LOAD pico-sdk/{CMAKE_BINARY_DIR}/pico_extras/test/sd_test/CMakeFiles/sd_test.dir/sd_test.c.obj
LOAD pico-sdk/{CMAKE_BINARY_DIR}/pico_extras/test/sd_test/CMakeFiles/sd_test.dir/Users/chuey/pico/pico-sdk/src/rp2_common/pico_stdlib/stdlib.c.obj
LOAD pico-sdk/{CMAKE_BINARY_DIR}/pico_extras/test/sd_test/CMakeFiles/sd_test.dir/Users/chuey/pico/pico-sdk/src/rp2_common/hardware_gpio/gpio.c.obj
LOAD pico-sdk/{CMAKE_BINARY_DIR}/pico_extras/test/sd_test/CMakeFiles/sd_test.dir/Users/chuey/pico/pico-sdk/src/rp2_common/hardware_claim/claim.c.obj
LOAD pico-sdk/{CMAKE_BINARY_DIR}/pico_extras/test/sd_test/CMakeFiles/sd_test.dir/Users/chuey/pico/pico-sdk/src/rp2_common/pico_platform/platform.c.obj
LOAD pico-sdk/{CMAKE_BINARY_DIR}/pico_extras/test/sd_test/CMakeFiles/sd_test.dir/Users/chuey/pico/pico-sdk/src/rp2_common/hardware_sync/sync.c.obj
LOAD pico-sdk/{CMAKE_BINARY_DIR}/pico_extras/test/sd_test/CMakeFiles/sd_test.dir/Users/chuey/pico/pico-sdk/src/rp2_common/hardware_uart/uart.c.obj
LOAD pico-sdk/{CMAKE_BINARY_DIR}/pico_extras/test/sd_test/CMakeFiles/sd_test.dir/Users/chuey/pico/pico-sdk/src/rp2_common/hardware_divider/divider.S.obj
LOAD pico-sdk/{CMAKE_BINARY_DIR}/pico_extras/test/sd_test/CMakeFiles/sd_test.dir/Users/chuey/pico/pico-sdk/src/common/pico_time/time.c.obj
LOAD pico-sdk/{CMAKE_BINARY_DIR}/pico_extras/test/sd_test/CMakeFiles/sd_test.dir/Users/chuey/pico/pico-sdk/src/common/pico_time/timeout_helper.c.obj
LOAD pico-sdk/{CMAKE_BINARY_DIR}/pico_extras/test/sd_test/CMakeFiles/sd_test.dir/Users/chuey/pico/pico-sdk/src/rp2_common/hardware_timer/timer.c.obj
LOAD pico-sdk/{CMAKE_BINARY_DIR}/pico_extras/test/sd_test/CMakeFiles/sd_test.dir/Users/chuey/pico/pico-sdk/src/common/pico_sync/sem.c.obj
LOAD pico-sdk/{CMAKE_BINARY_DIR}/pico_extras/test/sd_test/CMakeFiles/sd_test.dir/Users/chuey/pico/pico-sdk/src/common/pico_sync/lock_core.c.obj
LOAD pico-sdk/{CMAKE_BINARY_DIR}/pico_extras/test/sd_test/CMakeFiles/sd_test.dir/Users/chuey/pico/pico-sdk/src/common/pico_sync/mutex.c.obj
LOAD pico-sdk/{CMAKE_BINARY_DIR}/pico_extras/test/sd_test/CMakeFiles/sd_test.dir/Users/chuey/pico/pico-sdk/src/common/pico_sync/critical_section.c.obj
LOAD pico-sdk/{CMAKE_BINARY_DIR}/pico_extras/test/sd_test/CMakeFiles/sd_test.dir/Users/chuey/pico/pico-sdk/src/common/pico_util/datetime.c.obj
LOAD pico-sdk/{CMAKE_BINARY_DIR}/pico_extras/test/sd_test/CMakeFiles/sd_test.dir/Users/chuey/pico/pico-sdk/src/common/pico_util/pheap.c.obj
LOAD pico-sdk/{CMAKE_BINARY_DIR}/pico_extras/test/sd_test/CMakeFiles/sd_test.dir/Users/chuey/pico/pico-sdk/src/common/pico_util/queue.c.obj